================================================================================
JobID = 13103619
User = u18501, Account = nhr_ni_starter_24350
Partition = medium96s, Nodelist = c0101
================================================================================
Extracting required input files (tiles 300-359) for cube X0064_Y0050...
Copying 60 files to local SSD...
======================================================
Job Array ID : 5
Cube ID      : X0064_Y0050
Tile range   : 300 – 359
Input files  : 60
Workers      : 30
Node         : c0101
Temp dir     : /local/jobs/u18501_13103619/task_5
Start time   : 2026-03-24 15:17:15
======================================================
/opt/conda/envs/pdalenv/lib/python3.12/site-packages/osgeo/ogr.py:615: FutureWarning: Neither ogr.UseExceptions() nor ogr.DontUseExceptions() has been explicitly called. In GDAL 4.0, exceptions will be enabled by default.
  warnings.warn(
Projecting FORCE cube X0064_Y0050 geometry from EPSG:25832 to EPSG:3035...
FORCE cube X0064_Y0050 bounds (Aligned to EPSG:3035): (4376026.363042001, 3044919.6079649986, 4406026.363042001, 3074919.607965001)
Node processing 60 subtiles with 30 workers.
Error (10, 0): [Errno 2] No such file or directory: '/mnt/data/Thuringia_2020_2025_tiles/las_32_636_5597_1_th_2020-2025.laz'
Error (10, 2): [Errno 2] No such file or directory: '/mnt/data/Thuringia_2020_2025_tiles/las_32_636_5599_1_th_2020-2025.laz'
Error (10, 1): [Errno 2] No such file or directory: '/mnt/data/Thuringia_2020_2025_tiles/las_32_636_5598_1_th_2020-2025.laz'
Error (10, 3): [Errno 2] No such file or directory: '/mnt/data/Thuringia_2020_2025_tiles/las_32_635_5600_1_th_2020-2025.laz'
Error (10, 5): [Errno 2] No such file or directory: '/mnt/data/Thuringia_2020_2025_tiles/las_32_635_5602_1_th_2020-2025.laz'
Error (10, 4): [Errno 2] No such file or directory: '/mnt/data/Thuringia_2020_2025_tiles/las_32_635_5601_1_th_2020-2025.laz'
Error (10, 6): [Errno 2] No such file or directory: '/mnt/data/Thuringia_2020_2025_tiles/las_32_636_5603_1_th_2020-2025.laz'
Error (10, 7): [Errno 2] No such file or directory: '/mnt/data/Thuringia_2020_2025_tiles/las_32_636_5604_1_th_2020-2025.laz'
Error (10, 8): [Errno 2] No such file or directory: '/mnt/data/Thuringia_2020_2025_tiles/las_32_635_5605_1_th_2020-2025.laz'
Error (10, 9): [Errno 2] No such file or directory: '/mnt/data/Thuringia_2020_2025_tiles/las_32_636_5606_1_th_2020-2025.laz'
Error (10, 10): [Errno 2] No such file or directory: '/mnt/data/Thuringia_2020_2025_tiles/las_32_636_5607_1_th_2020-2025.laz'
Error (10, 11): [Errno 2] No such file or directory: '/mnt/data/Thuringia_2020_2025_tiles/las_32_635_5608_1_th_2020-2025.laz'
Error (10, 12): [Errno 2] No such file or directory: '/mnt/data/Thuringia_2020_2025_tiles/las_32_635_5609_1_th_2020-2025.laz'
Error (10, 13): [Errno 2] No such file or directory: '/mnt/data/Thuringia_2020_2025_tiles/las_32_636_5610_1_th_2020-2025.laz'
Error (10, 14): [Errno 2] No such file or directory: '/mnt/data/Thuringia_2020_2025_tiles/las_32_636_5611_1_th_2020-2025.laz'
Error (10, 15): [Errno 2] No such file or directory: '/mnt/data/Thuringia_2020_2025_tiles/las_32_636_5612_1_th_2020-2025.laz'
Error (10, 16): [Errno 2] No such file or directory: '/mnt/data/Thuringia_2020_2025_tiles/las_32_635_5613_1_th_2020-2025.laz'
Error (10, 17): [Errno 2] No such file or directory: '/mnt/data/Thuringia_2020_2025_tiles/las_32_635_5614_1_th_2020-2025.laz'
Error (10, 18): [Errno 2] No such file or directory: '/mnt/data/Thuringia_2020_2025_tiles/las_32_635_5615_1_th_2020-2025.laz'
Error (10, 19): [Errno 2] No such file or directory: '/mnt/data/Thuringia_2020_2025_tiles/las_32_636_5616_1_th_2020-2025.laz'
Error (10, 20): [Errno 2] No such file or directory: '/mnt/data/Thuringia_2020_2025_tiles/las_32_636_5617_1_th_2020-2025.laz'
Error (10, 21): [Errno 2] No such file or directory: '/mnt/data/Thuringia_2020_2025_tiles/las_32_635_5618_1_th_2020-2025.laz'
Error (10, 24): [Errno 2] No such file or directory: '/mnt/data/Thuringia_2020_2025_tiles/las_32_635_5621_1_th_2020-2025.laz'
Error (10, 25): [Errno 2] No such file or directory: '/mnt/data/Thuringia_2020_2025_tiles/las_32_635_5622_1_th_2020-2025.laz'
Error (11, 0): [Errno 2] No such file or directory: '/mnt/data/Thuringia_2020_2025_tiles/las_32_636_5597_1_th_2020-2025.laz'
Error (10, 22): [Errno 2] No such file or directory: '/mnt/data/Thuringia_2020_2025_tiles/las_32_635_5619_1_th_2020-2025.laz'
Error (11, 1): [Errno 2] No such file or directory: '/mnt/data/Thuringia_2020_2025_tiles/las_32_636_5598_1_th_2020-2025.laz'
Error (10, 26): [Errno 2] No such file or directory: '/mnt/data/Thuringia_2020_2025_tiles/las_32_635_5623_1_th_2020-2025.laz'
Error (10, 27): [Errno 2] No such file or directory: '/mnt/data/Thuringia_2020_2025_tiles/las_32_635_5624_1_th_2020-2025.laz'
Error (10, 29): [Errno 2] No such file or directory: '/mnt/data/Thuringia_2020_2025_tiles/las_32_636_5626_1_th_2020-2025.laz'
Error (11, 2): [Errno 2] No such file or directory: '/mnt/data/Thuringia_2020_2025_tiles/las_32_637_5599_1_th_2020-2025.laz'
Error (11, 3): [Errno 2] No such file or directory: '/mnt/data/Thuringia_2020_2025_tiles/las_32_637_5600_1_th_2020-2025.laz'
Error (10, 28): [Errno 2] No such file or directory: '/mnt/data/Thuringia_2020_2025_tiles/las_32_636_5625_1_th_2020-2025.laz'
Error (10, 23): [Errno 2] No such file or directory: '/mnt/data/Thuringia_2020_2025_tiles/las_32_635_5620_1_th_2020-2025.laz'
Error (11, 4): [Errno 2] No such file or directory: '/mnt/data/Thuringia_2020_2025_tiles/las_32_637_5601_1_th_2020-2025.laz'
Error (11, 5): [Errno 2] No such file or directory: '/mnt/data/Thuringia_2020_2025_tiles/las_32_637_5602_1_th_2020-2025.laz'
Error (11, 6): [Errno 2] No such file or directory: '/mnt/data/Thuringia_2020_2025_tiles/las_32_637_5603_1_th_2020-2025.laz'
Error (11, 8): [Errno 2] No such file or directory: '/mnt/data/Thuringia_2020_2025_tiles/las_32_637_5605_1_th_2020-2025.laz'
Error (11, 7): [Errno 2] No such file or directory: '/mnt/data/Thuringia_2020_2025_tiles/las_32_637_5604_1_th_2020-2025.laz'
Error (11, 9): [Errno 2] No such file or directory: '/mnt/data/Thuringia_2020_2025_tiles/las_32_637_5606_1_th_2020-2025.laz'
Error (11, 10): [Errno 2] No such file or directory: '/mnt/data/Thuringia_2020_2025_tiles/las_32_636_5607_1_th_2020-2025.laz'
Error (11, 11): [Errno 2] No such file or directory: '/mnt/data/Thuringia_2020_2025_tiles/las_32_636_5608_1_th_2020-2025.laz'
Error (11, 12): [Errno 2] No such file or directory: '/mnt/data/Thuringia_2020_2025_tiles/las_32_636_5609_1_th_2020-2025.laz'
Error (11, 13): [Errno 2] No such file or directory: '/mnt/data/Thuringia_2020_2025_tiles/las_32_637_5610_1_th_2020-2025.laz'
Error (11, 14): [Errno 2] No such file or directory: '/mnt/data/Thuringia_2020_2025_tiles/las_32_637_5612_1_th_2020-2025.laz'
Error (11, 15): [Errno 2] No such file or directory: '/mnt/data/Thuringia_2020_2025_tiles/las_32_637_5612_1_th_2020-2025.laz'
Error (11, 16): [Errno 2] No such file or directory: '/mnt/data/Thuringia_2020_2025_tiles/las_32_637_5613_1_th_2020-2025.laz'
Error (11, 17): [Errno 2] No such file or directory: '/mnt/data/Thuringia_2020_2025_tiles/las_32_637_5614_1_th_2020-2025.laz'
Error (11, 18): [Errno 2] No such file or directory: '/mnt/data/Thuringia_2020_2025_tiles/las_32_637_5615_1_th_2020-2025.laz'
Error (11, 19): [Errno 2] No such file or directory: '/mnt/data/Thuringia_2020_2025_tiles/las_32_636_5616_1_th_2020-2025.laz'
Error (11, 20): [Errno 2] No such file or directory: '/mnt/data/Thuringia_2020_2025_tiles/las_32_636_5617_1_th_2020-2025.laz'
Error (11, 21): [Errno 2] No such file or directory: '/mnt/data/Thuringia_2020_2025_tiles/las_32_636_5618_1_th_2020-2025.laz'
Error (11, 24): [Errno 2] No such file or directory: '/mnt/data/Thuringia_2020_2025_tiles/las_32_637_5621_1_th_2020-2025.laz'
Error (11, 22): [Errno 2] No such file or directory: '/mnt/data/Thuringia_2020_2025_tiles/las_32_636_5619_1_th_2020-2025.laz'
Error (11, 26): [Errno 2] No such file or directory: '/mnt/data/Thuringia_2020_2025_tiles/las_32_636_5623_1_th_2020-2025.laz'
Error (11, 23): [Errno 2] No such file or directory: '/mnt/data/Thuringia_2020_2025_tiles/las_32_637_5620_1_th_2020-2025.laz'
Error (11, 27): [Errno 2] No such file or directory: '/mnt/data/Thuringia_2020_2025_tiles/las_32_637_5624_1_th_2020-2025.laz'
Error (11, 25): [Errno 2] No such file or directory: '/mnt/data/Thuringia_2020_2025_tiles/las_32_637_5622_1_th_2020-2025.laz'
Error (11, 28): [Errno 2] No such file or directory: '/mnt/data/Thuringia_2020_2025_tiles/las_32_636_5625_1_th_2020-2025.laz'
Error (11, 29): [Errno 2] No such file or directory: '/mnt/data/Thuringia_2020_2025_tiles/las_32_636_5626_1_th_2020-2025.laz'
Processing successful. Syncing outputs to /user/pbasnet/u18501/th_data/Thuringia_processed_tiles/copc_tiles_X0064_Y0050...
Done at 2026-03-24 15:17:20
[cleanup] Removing /local/jobs/u18501_13103619/task_5
============ Job Information ===================================================
Submitted: 2026-03-24T15:15:04
Started: 2026-03-24T15:15:38
Ended: 2026-03-24T15:17:21
Elapsed: 2 min, Limit: 119 min, Difference: 117 min
CPUs: 192, Nodes: 1
Estimated Consumption: 2.40 core-hours
================================================================================
