================================================================================
JobID = 13103623
User = u18501, Account = nhr_ni_starter_24350
Partition = medium96s, Nodelist = c0105
================================================================================
Extracting required input files (tiles 540-599) for cube X0064_Y0050...
Copying 60 files to local SSD...
======================================================
Job Array ID : 9
Cube ID      : X0064_Y0050
Tile range   : 540 – 599
Input files  : 60
Workers      : 30
Node         : c0105
Temp dir     : /local/jobs/u18501_13103623/task_9
Start time   : 2026-03-24 15:16:52
======================================================
/opt/conda/envs/pdalenv/lib/python3.12/site-packages/osgeo/ogr.py:615: FutureWarning: Neither ogr.UseExceptions() nor ogr.DontUseExceptions() has been explicitly called. In GDAL 4.0, exceptions will be enabled by default.
  warnings.warn(
Projecting FORCE cube X0064_Y0050 geometry from EPSG:25832 to EPSG:3035...
FORCE cube X0064_Y0050 bounds (Aligned to EPSG:3035): (4376026.363042001, 3044919.6079649986, 4406026.363042001, 3074919.607965001)
Node processing 60 subtiles with 30 workers.
Error (18, 4): [Errno 2] No such file or directory: '/mnt/data/Thuringia_2020_2025_tiles/las_32_643_5602_1_th_2020-2025.laz'
Error (18, 0): [Errno 2] No such file or directory: '/mnt/data/Thuringia_2020_2025_tiles/las_32_643_5597_1_th_2020-2025.laz'
Error (18, 5): [Errno 2] No such file or directory: '/mnt/data/Thuringia_2020_2025_tiles/las_32_643_5602_1_th_2020-2025.laz'
Error (18, 3): [Errno 2] No such file or directory: '/mnt/data/Thuringia_2020_2025_tiles/las_32_643_5600_1_th_2020-2025.laz'
Error (18, 1): [Errno 2] No such file or directory: '/mnt/data/Thuringia_2020_2025_tiles/las_32_643_5598_1_th_2020-2025.laz'
Error (18, 2): [Errno 2] No such file or directory: '/mnt/data/Thuringia_2020_2025_tiles/las_32_643_5599_1_th_2020-2025.laz'
Error (18, 6): [Errno 2] No such file or directory: '/mnt/data/Thuringia_2020_2025_tiles/las_32_644_5603_1_th_2020-2025.laz'
Error (18, 7): [Errno 2] No such file or directory: '/mnt/data/Thuringia_2020_2025_tiles/las_32_643_5604_1_th_2020-2025.laz'
Error (18, 8): [Errno 2] No such file or directory: '/mnt/data/Thuringia_2020_2025_tiles/las_32_643_5605_1_th_2020-2025.laz'
Error (18, 9): [Errno 2] No such file or directory: '/mnt/data/Thuringia_2020_2025_tiles/las_32_643_5607_1_th_2020-2025.laz'
Error (18, 10): [Errno 2] No such file or directory: '/mnt/data/Thuringia_2020_2025_tiles/las_32_643_5607_1_th_2020-2025.laz'
Error (18, 11): [Errno 2] No such file or directory: '/mnt/data/Thuringia_2020_2025_tiles/las_32_643_5608_1_th_2020-2025.laz'
Error (18, 12): [Errno 2] No such file or directory: '/mnt/data/Thuringia_2020_2025_tiles/las_32_643_5609_1_th_2020-2025.laz'
Error (18, 13): [Errno 2] No such file or directory: '/mnt/data/Thuringia_2020_2025_tiles/las_32_643_5611_1_th_2020-2025.laz'
Error (18, 14): [Errno 2] No such file or directory: '/mnt/data/Thuringia_2020_2025_tiles/las_32_643_5611_1_th_2020-2025.laz'
Error (18, 15): [Errno 2] No such file or directory: '/mnt/data/Thuringia_2020_2025_tiles/las_32_644_5612_1_th_2020-2025.laz'
Error (18, 16): [Errno 2] No such file or directory: '/mnt/data/Thuringia_2020_2025_tiles/las_32_643_5613_1_th_2020-2025.laz'
Error (18, 17): [Errno 2] No such file or directory: '/mnt/data/Thuringia_2020_2025_tiles/las_32_644_5614_1_th_2020-2025.laz'
Error (18, 18): [Errno 2] No such file or directory: '/mnt/data/Thuringia_2020_2025_tiles/las_32_644_5615_1_th_2020-2025.laz'
Error (18, 19): [Errno 2] No such file or directory: '/mnt/data/Thuringia_2020_2025_tiles/las_32_644_5616_1_th_2020-2025.laz'
Error (18, 20): [Errno 2] No such file or directory: '/mnt/data/Thuringia_2020_2025_tiles/las_32_644_5617_1_th_2020-2025.laz'
Error (18, 21): [Errno 2] No such file or directory: '/mnt/data/Thuringia_2020_2025_tiles/las_32_644_5618_1_th_2020-2025.laz'
Error (18, 24): [Errno 2] No such file or directory: '/mnt/data/Thuringia_2020_2025_tiles/las_32_643_5621_1_th_2020-2025.laz'
Error (19, 0): [Errno 2] No such file or directory: '/mnt/data/Thuringia_2020_2025_tiles/las_32_644_5597_1_th_2020-2025.laz'
Error (18, 22): [Errno 2] No such file or directory: '/mnt/data/Thuringia_2020_2025_tiles/las_32_643_5619_1_th_2020-2025.laz'
Error (19, 1): [Errno 2] No such file or directory: '/mnt/data/Thuringia_2020_2025_tiles/las_32_644_5598_1_th_2020-2025.laz'
Error (19, 2): [Errno 2] No such file or directory: '/mnt/data/Thuringia_2020_2025_tiles/las_32_644_5599_1_th_2020-2025.laz'
Error (18, 25): [Errno 2] No such file or directory: '/mnt/data/Thuringia_2020_2025_tiles/las_32_644_5622_1_th_2020-2025.laz'
Error (19, 3): [Errno 2] No such file or directory: '/mnt/data/Thuringia_2020_2025_tiles/las_32_645_5600_1_th_2020-2025.laz'
Error (19, 4): [Errno 2] No such file or directory: '/mnt/data/Thuringia_2020_2025_tiles/las_32_644_5601_1_th_2020-2025.laz'
Error (19, 5): [Errno 2] No such file or directory: '/mnt/data/Thuringia_2020_2025_tiles/las_32_644_5602_1_th_2020-2025.laz'
Error (18, 26): [Errno 2] No such file or directory: '/mnt/data/Thuringia_2020_2025_tiles/las_32_644_5623_1_th_2020-2025.laz'
Error (18, 23): [Errno 2] No such file or directory: '/mnt/data/Thuringia_2020_2025_tiles/las_32_643_5620_1_th_2020-2025.laz'
Error (18, 28): [Errno 2] No such file or directory: '/mnt/data/Thuringia_2020_2025_tiles/las_32_644_5625_1_th_2020-2025.laz'
Error (19, 6): [Errno 2] No such file or directory: '/mnt/data/Thuringia_2020_2025_tiles/las_32_644_5603_1_th_2020-2025.laz'
Error (19, 8): [Errno 2] No such file or directory: '/mnt/data/Thuringia_2020_2025_tiles/las_32_644_5605_1_th_2020-2025.laz'
Error (18, 29): [Errno 2] No such file or directory: '/mnt/data/Thuringia_2020_2025_tiles/las_32_644_5626_1_th_2020-2025.laz'
Error (18, 27): [Errno 2] No such file or directory: '/mnt/data/Thuringia_2020_2025_tiles/las_32_644_5624_1_th_2020-2025.laz'
Error (19, 7): [Errno 2] No such file or directory: '/mnt/data/Thuringia_2020_2025_tiles/las_32_644_5604_1_th_2020-2025.laz'
Error (19, 9): [Errno 2] No such file or directory: '/mnt/data/Thuringia_2020_2025_tiles/las_32_645_5606_1_th_2020-2025.laz'
Error (19, 10): [Errno 2] No such file or directory: '/mnt/data/Thuringia_2020_2025_tiles/las_32_645_5607_1_th_2020-2025.laz'
Error (19, 11): [Errno 2] No such file or directory: '/mnt/data/Thuringia_2020_2025_tiles/las_32_645_5608_1_th_2020-2025.laz'
Error (19, 12): [Errno 2] No such file or directory: '/mnt/data/Thuringia_2020_2025_tiles/las_32_645_5609_1_th_2020-2025.laz'
Error (19, 13): [Errno 2] No such file or directory: '/mnt/data/Thuringia_2020_2025_tiles/las_32_644_5610_1_th_2020-2025.laz'
Error (19, 14): [Errno 2] No such file or directory: '/mnt/data/Thuringia_2020_2025_tiles/las_32_644_5611_1_th_2020-2025.laz'
Error (19, 15): [Errno 2] No such file or directory: '/mnt/data/Thuringia_2020_2025_tiles/las_32_645_5612_1_th_2020-2025.laz'
Error (19, 16): [Errno 2] No such file or directory: '/mnt/data/Thuringia_2020_2025_tiles/las_32_644_5613_1_th_2020-2025.laz'
Error (19, 17): [Errno 2] No such file or directory: '/mnt/data/Thuringia_2020_2025_tiles/las_32_644_5614_1_th_2020-2025.laz'
Error (19, 18): [Errno 2] No such file or directory: '/mnt/data/Thuringia_2020_2025_tiles/las_32_644_5615_1_th_2020-2025.laz'
Error (19, 19): [Errno 2] No such file or directory: '/mnt/data/Thuringia_2020_2025_tiles/las_32_644_5616_1_th_2020-2025.laz'
Error (19, 20): [Errno 2] No such file or directory: '/mnt/data/Thuringia_2020_2025_tiles/las_32_645_5617_1_th_2020-2025.laz'
Error (19, 21): [Errno 2] No such file or directory: '/mnt/data/Thuringia_2020_2025_tiles/las_32_644_5618_1_th_2020-2025.laz'
Error (19, 23): [Errno 2] No such file or directory: '/mnt/data/Thuringia_2020_2025_tiles/las_32_644_5620_1_th_2020-2025.laz'
Error (19, 25): [Errno 2] No such file or directory: '/mnt/data/Thuringia_2020_2025_tiles/las_32_644_5622_1_th_2020-2025.laz'
Error (19, 26): [Errno 2] No such file or directory: '/mnt/data/Thuringia_2020_2025_tiles/las_32_645_5623_1_th_2020-2025.laz'
Error (19, 22): [Errno 2] No such file or directory: '/mnt/data/Thuringia_2020_2025_tiles/las_32_644_5619_1_th_2020-2025.laz'
Error (19, 28): [Errno 2] No such file or directory: '/mnt/data/Thuringia_2020_2025_tiles/las_32_644_5625_1_th_2020-2025.laz'
Error (19, 29): [Errno 2] No such file or directory: '/mnt/data/Thuringia_2020_2025_tiles/las_32_644_5626_1_th_2020-2025.laz'
Error (19, 24): [Errno 2] No such file or directory: '/mnt/data/Thuringia_2020_2025_tiles/las_32_644_5621_1_th_2020-2025.laz'
Error (19, 27): [Errno 2] No such file or directory: '/mnt/data/Thuringia_2020_2025_tiles/las_32_645_5624_1_th_2020-2025.laz'
Processing successful. Syncing outputs to /user/pbasnet/u18501/th_data/Thuringia_processed_tiles/copc_tiles_X0064_Y0050...
Done at 2026-03-24 15:16:57
[cleanup] Removing /local/jobs/u18501_13103623/task_9
============ Job Information ===================================================
Submitted: 2026-03-24T15:15:04
Started: 2026-03-24T15:15:38
Ended: 2026-03-24T15:16:58
Elapsed: 2 min, Limit: 119 min, Difference: 117 min
CPUs: 192, Nodes: 1
Estimated Consumption: 2.40 core-hours
================================================================================
