================================================================================
JobID = 13104040
User = u18501, Account = nhr_ni_starter_24350
Partition = medium96s, Nodelist = c0116
================================================================================
Extracting required input files (tiles 840-899) for cube X0065_Y0048...
Copying 0 files to local SSD...
======================================================
Job Array ID : 14
Cube ID      : X0065_Y0048
Tile range   : 840 – 899
Input files  : 0
Workers      : 30
Node         : c0116
Temp dir     : /local/jobs/u18501_13104040/task_14
Start time   : 2026-03-24 15:44:12
======================================================
/opt/conda/envs/pdalenv/lib/python3.12/site-packages/osgeo/ogr.py:615: FutureWarning: Neither ogr.UseExceptions() nor ogr.DontUseExceptions() has been explicitly called. In GDAL 4.0, exceptions will be enabled by default.
  warnings.warn(
Projecting FORCE cube X0065_Y0048 geometry from EPSG:25832 to EPSG:3035...
FORCE cube X0065_Y0048 bounds (Aligned to EPSG:3035): (4406026.363042001, 3104919.607964999, 4436026.363042001, 3134919.607965)
Node processing 17 subtiles with 30 workers.
Success (28, 8): /local_ssd/output/las_4434026_3112920_x0065_y0048.copc.laz
Success (29, 2): /local_ssd/output/las_4435026_3106920_x0065_y0048.copc.laz
Success (29, 1): /local_ssd/output/las_4435026_3105920_x0065_y0048.copc.laz
Success (28, 7): /local_ssd/output/las_4434026_3111920_x0065_y0048.copc.laz
Success (28, 2): /local_ssd/output/las_4434026_3106920_x0065_y0048.copc.laz
Success (28, 1): /local_ssd/output/las_4434026_3105920_x0065_y0048.copc.laz
Success (28, 0): /local_ssd/output/las_4434026_3104920_x0065_y0048.copc.laz
Success (29, 0): /local_ssd/output/las_4435026_3104920_x0065_y0048.copc.laz
Success (28, 3): /local_ssd/output/las_4434026_3107920_x0065_y0048.copc.laz
Success (29, 7): /local_ssd/output/las_4435026_3111920_x0065_y0048.copc.laz
Success (29, 3): /local_ssd/output/las_4435026_3107920_x0065_y0048.copc.laz
Success (28, 4): /local_ssd/output/las_4434026_3108920_x0065_y0048.copc.laz
Success (28, 5): /local_ssd/output/las_4434026_3109920_x0065_y0048.copc.laz
Success (29, 4): /local_ssd/output/las_4435026_3108920_x0065_y0048.copc.laz
Success (29, 5): /local_ssd/output/las_4435026_3109920_x0065_y0048.copc.laz
Success (28, 6): /local_ssd/output/las_4434026_3110920_x0065_y0048.copc.laz
Success (29, 6): /local_ssd/output/las_4435026_3110920_x0065_y0048.copc.laz
Processing successful. Syncing outputs to /user/pbasnet/u18501/th_data/Thuringia_processed_tiles/copc_tiles_X0065_Y0048...
Done at 2026-03-24 15:54:52
[cleanup] Removing /local/jobs/u18501_13104040/task_14
============ Job Information ===================================================
Submitted: 2026-03-24T15:43:08
Started: 2026-03-24T15:44:06
Ended: 2026-03-24T15:54:53
Elapsed: 11 min, Limit: 119 min, Difference: 108 min
CPUs: 192, Nodes: 1
Estimated Consumption: 13.20 core-hours
================================================================================
