================================================================================
JobID = 13104751
User = u18501, Account = nhr_ni_starter_24350
Partition = medium96s, Nodelist = c0356
================================================================================
Extracting required input files (tiles 360-419) for cube X0064_Y0051...
Copying 60 files to local SSD...
======================================================
Job Array ID : 6
Cube ID      : X0064_Y0051
Tile range   : 360 – 419
Input files  : 60
Workers      : 30
Node         : c0356
Temp dir     : /local/jobs/u18501_13104751/task_6
Start time   : 2026-03-24 16:26:06
======================================================
/opt/conda/envs/pdalenv/lib/python3.12/site-packages/osgeo/ogr.py:615: FutureWarning: Neither ogr.UseExceptions() nor ogr.DontUseExceptions() has been explicitly called. In GDAL 4.0, exceptions will be enabled by default.
  warnings.warn(
Projecting FORCE cube X0064_Y0051 geometry from EPSG:25832 to EPSG:3035...
FORCE cube X0064_Y0051 bounds (Aligned to EPSG:3035): (4376026.363042001, 3014919.607964999, 4406026.363042001, 3044919.607964999)
Node processing 37 subtiles with 30 workers.
Error (12, 28): IoError: failed to fill whole buffer
Error (12, 27): IoError: failed to fill whole buffer
Success (13, 11): /local_ssd/output/las_4389026_3025920_x0064_y0051.copc.laz
Success (12, 12): /local_ssd/output/las_4388026_3026920_x0064_y0051.copc.laz
Success (12, 13): /local_ssd/output/las_4388026_3027920_x0064_y0051.copc.laz
Success (13, 22): /local_ssd/output/las_4389026_3036920_x0064_y0051.copc.laz
Success (12, 21): /local_ssd/output/las_4388026_3035920_x0064_y0051.copc.laz
Success (12, 14): /local_ssd/output/las_4388026_3028920_x0064_y0051.copc.laz
Success (12, 22): /local_ssd/output/las_4388026_3036920_x0064_y0051.copc.laz
Success (13, 12): /local_ssd/output/las_4389026_3026920_x0064_y0051.copc.laz
Success (12, 23): /local_ssd/output/las_4388026_3037920_x0064_y0051.copc.laz
Success (13, 14): /local_ssd/output/las_4389026_3028920_x0064_y0051.copc.laz
Success (13, 19): /local_ssd/output/las_4389026_3033920_x0064_y0051.copc.laz
Success (13, 15): /local_ssd/output/las_4389026_3029920_x0064_y0051.copc.laz
Success (13, 18): /local_ssd/output/las_4389026_3032920_x0064_y0051.copc.laz
Success (12, 17): /local_ssd/output/las_4388026_3031920_x0064_y0051.copc.laz
Success (13, 21): /local_ssd/output/las_4389026_3035920_x0064_y0051.copc.laz
Success (12, 19): /local_ssd/output/las_4388026_3033920_x0064_y0051.copc.laz
Success (13, 16): /local_ssd/output/las_4389026_3030920_x0064_y0051.copc.laz
Success (12, 20): /local_ssd/output/las_4388026_3034920_x0064_y0051.copc.laz
Success (13, 23): /local_ssd/output/las_4389026_3037920_x0064_y0051.copc.laz
Success (12, 15): /local_ssd/output/las_4388026_3029920_x0064_y0051.copc.laz
Success (12, 16): /local_ssd/output/las_4388026_3030920_x0064_y0051.copc.laz
Success (12, 18): /local_ssd/output/las_4388026_3032920_x0064_y0051.copc.laz
Success (13, 17): /local_ssd/output/las_4389026_3031920_x0064_y0051.copc.laz
Success (13, 20): /local_ssd/output/las_4389026_3034920_x0064_y0051.copc.laz
Success (12, 25): /local_ssd/output/las_4388026_3039920_x0064_y0051.copc.laz
Success (13, 25): /local_ssd/output/las_4389026_3039920_x0064_y0051.copc.laz
Success (12, 24): /local_ssd/output/las_4388026_3038920_x0064_y0051.copc.laz
Success (13, 13): /local_ssd/output/las_4389026_3027920_x0064_y0051.copc.laz
Success (12, 26): /local_ssd/output/las_4388026_3040920_x0064_y0051.copc.laz
Success (13, 24): /local_ssd/output/las_4389026_3038920_x0064_y0051.copc.laz
Success (12, 29): /local_ssd/output/las_4388026_3043920_x0064_y0051.copc.laz
Success (13, 26): /local_ssd/output/las_4389026_3040920_x0064_y0051.copc.laz
Success (13, 27): /local_ssd/output/las_4389026_3041920_x0064_y0051.copc.laz
Success (13, 29): /local_ssd/output/las_4389026_3043920_x0064_y0051.copc.laz
Success (13, 28): /local_ssd/output/las_4389026_3042920_x0064_y0051.copc.laz
Processing successful. Syncing outputs to /user/pbasnet/u18501/th_data/Thuringia_processed_tiles/copc_tiles_X0064_Y0051...
Done at 2026-03-24 16:47:53
[cleanup] Removing /local/jobs/u18501_13104751/task_6
============ Job Information ===================================================
Submitted: 2026-03-24T16:16:32
Started: 2026-03-24T16:23:47
Ended: 2026-03-24T16:47:55
Elapsed: 25 min, Limit: 119 min, Difference: 94 min
CPUs: 192, Nodes: 1
Estimated Consumption: 30.00 core-hours
================================================================================
