================================================================================
JobID = 13104064
User = u18501, Account = nhr_ni_starter_24350
Partition = medium96s, Nodelist = c0107
================================================================================
Extracting required input files (tiles 300-359) for cube X0065_Y0048...
Copying 60 files to local SSD...
======================================================
Job Array ID : 5
Cube ID      : X0065_Y0048
Tile range   : 300 – 359
Input files  : 60
Workers      : 30
Node         : c0107
Temp dir     : /local/jobs/u18501_13104064/task_5
Start time   : 2026-03-24 15:45:14
======================================================
/opt/conda/envs/pdalenv/lib/python3.12/site-packages/osgeo/ogr.py:615: FutureWarning: Neither ogr.UseExceptions() nor ogr.DontUseExceptions() has been explicitly called. In GDAL 4.0, exceptions will be enabled by default.
  warnings.warn(
Projecting FORCE cube X0065_Y0048 geometry from EPSG:25832 to EPSG:3035...
FORCE cube X0065_Y0048 bounds (Aligned to EPSG:3035): (4406026.363042001, 3104919.607964999, 4436026.363042001, 3134919.607965)
Node processing 60 subtiles with 30 workers.
Success (10, 0): /local_ssd/output/las_4416026_3104920_x0065_y0048.copc.laz
Success (10, 1): /local_ssd/output/las_4416026_3105920_x0065_y0048.copc.laz
Success (10, 14): /local_ssd/output/las_4416026_3118920_x0065_y0048.copc.laz
Success (11, 0): /local_ssd/output/las_4417026_3104920_x0065_y0048.copc.laz
Success (11, 1): /local_ssd/output/las_4417026_3105920_x0065_y0048.copc.laz
Success (10, 9): /local_ssd/output/las_4416026_3113920_x0065_y0048.copc.laz
Success (10, 2): /local_ssd/output/las_4416026_3106920_x0065_y0048.copc.laz
Success (10, 7): /local_ssd/output/las_4416026_3111920_x0065_y0048.copc.laz
Success (10, 3): /local_ssd/output/las_4416026_3107920_x0065_y0048.copc.laz
Success (10, 8): /local_ssd/output/las_4416026_3112920_x0065_y0048.copc.laz
Success (10, 16): /local_ssd/output/las_4416026_3120920_x0065_y0048.copc.laz
Success (10, 6): /local_ssd/output/las_4416026_3110920_x0065_y0048.copc.laz
Success (10, 29): /local_ssd/output/las_4416026_3133920_x0065_y0048.copc.laz
Success (10, 28): /local_ssd/output/las_4416026_3132920_x0065_y0048.copc.laz
Success (10, 11): /local_ssd/output/las_4416026_3115920_x0065_y0048.copc.laz
Success (10, 5): /local_ssd/output/las_4416026_3109920_x0065_y0048.copc.laz
Success (10, 15): /local_ssd/output/las_4416026_3119920_x0065_y0048.copc.laz
Success (10, 4): /local_ssd/output/las_4416026_3108920_x0065_y0048.copc.laz
Success (10, 27): /local_ssd/output/las_4416026_3131920_x0065_y0048.copc.laz
Success (10, 13): /local_ssd/output/las_4416026_3117920_x0065_y0048.copc.laz
Success (10, 26): /local_ssd/output/las_4416026_3130920_x0065_y0048.copc.laz
Success (10, 10): /local_ssd/output/las_4416026_3114920_x0065_y0048.copc.laz
Success (11, 14): /local_ssd/output/las_4417026_3118920_x0065_y0048.copc.laz
Success (10, 12): /local_ssd/output/las_4416026_3116920_x0065_y0048.copc.laz
Success (11, 2): /local_ssd/output/las_4417026_3106920_x0065_y0048.copc.laz
Success (11, 4): /local_ssd/output/las_4417026_3108920_x0065_y0048.copc.laz
Success (11, 19): /local_ssd/output/las_4417026_3123920_x0065_y0048.copc.laz
Success (10, 25): /local_ssd/output/las_4416026_3129920_x0065_y0048.copc.laz
Success (11, 3): /local_ssd/output/las_4417026_3107920_x0065_y0048.copc.laz
Success (10, 17): /local_ssd/output/las_4416026_3121920_x0065_y0048.copc.laz
Success (10, 23): /local_ssd/output/las_4416026_3127920_x0065_y0048.copc.laz
Success (10, 19): /local_ssd/output/las_4416026_3123920_x0065_y0048.copc.laz
Success (10, 18): /local_ssd/output/las_4416026_3122920_x0065_y0048.copc.laz
Success (11, 6): /local_ssd/output/las_4417026_3110920_x0065_y0048.copc.laz
Success (11, 5): /local_ssd/output/las_4417026_3109920_x0065_y0048.copc.laz
Success (11, 8): /local_ssd/output/las_4417026_3112920_x0065_y0048.copc.laz
Success (10, 20): /local_ssd/output/las_4416026_3124920_x0065_y0048.copc.laz
Success (11, 11): /local_ssd/output/las_4417026_3115920_x0065_y0048.copc.laz
Success (11, 7): /local_ssd/output/las_4417026_3111920_x0065_y0048.copc.laz
Success (11, 12): /local_ssd/output/las_4417026_3116920_x0065_y0048.copc.laz
Success (11, 10): /local_ssd/output/las_4417026_3114920_x0065_y0048.copc.laz
Success (11, 13): /local_ssd/output/las_4417026_3117920_x0065_y0048.copc.laz
Success (10, 24): /local_ssd/output/las_4416026_3128920_x0065_y0048.copc.laz
Success (11, 15): /local_ssd/output/las_4417026_3119920_x0065_y0048.copc.laz
Success (11, 16): /local_ssd/output/las_4417026_3120920_x0065_y0048.copc.laz
Success (10, 22): /local_ssd/output/las_4416026_3126920_x0065_y0048.copc.laz
Success (11, 9): /local_ssd/output/las_4417026_3113920_x0065_y0048.copc.laz
Success (11, 28): /local_ssd/output/las_4417026_3132920_x0065_y0048.copc.laz
Success (11, 27): /local_ssd/output/las_4417026_3131920_x0065_y0048.copc.laz
Success (10, 21): /local_ssd/output/las_4416026_3125920_x0065_y0048.copc.laz
Success (11, 26): /local_ssd/output/las_4417026_3130920_x0065_y0048.copc.laz
Success (11, 29): /local_ssd/output/las_4417026_3133920_x0065_y0048.copc.laz
Success (11, 25): /local_ssd/output/las_4417026_3129920_x0065_y0048.copc.laz
Success (11, 18): /local_ssd/output/las_4417026_3122920_x0065_y0048.copc.laz
Success (11, 17): /local_ssd/output/las_4417026_3121920_x0065_y0048.copc.laz
Success (11, 23): /local_ssd/output/las_4417026_3127920_x0065_y0048.copc.laz
Success (11, 24): /local_ssd/output/las_4417026_3128920_x0065_y0048.copc.laz
Success (11, 20): /local_ssd/output/las_4417026_3124920_x0065_y0048.copc.laz
Success (11, 22): /local_ssd/output/las_4417026_3126920_x0065_y0048.copc.laz
Success (11, 21): /local_ssd/output/las_4417026_3125920_x0065_y0048.copc.laz
Processing successful. Syncing outputs to /user/pbasnet/u18501/th_data/Thuringia_processed_tiles/copc_tiles_X0065_Y0048...
Done at 2026-03-24 16:15:03
[cleanup] Removing /local/jobs/u18501_13104064/task_5
============ Job Information ===================================================
Submitted: 2026-03-24T15:43:08
Started: 2026-03-24T15:44:06
Ended: 2026-03-24T16:15:05
Elapsed: 31 min, Limit: 119 min, Difference: 88 min
CPUs: 192, Nodes: 1
Estimated Consumption: 37.20 core-hours
================================================================================
