================================================================================
JobID = 13104977
User = u18501, Account = nhr_ni_starter_24350
Partition = medium96s, Nodelist = c0119
================================================================================
Extracting required input files (tiles 720-779) for cube X0064_Y0051...
Copying 0 files to local SSD...
======================================================
Job Array ID : 12
Cube ID      : X0064_Y0051
Tile range   : 720 – 779
Input files  : 0
Workers      : 30
Node         : c0119
Temp dir     : /local/jobs/u18501_13104977/task_12
Start time   : 2026-03-24 16:43:34
======================================================
/opt/conda/envs/pdalenv/lib/python3.12/site-packages/osgeo/ogr.py:615: FutureWarning: Neither ogr.UseExceptions() nor ogr.DontUseExceptions() has been explicitly called. In GDAL 4.0, exceptions will be enabled by default.
  warnings.warn(
Projecting FORCE cube X0064_Y0051 geometry from EPSG:25832 to EPSG:3035...
FORCE cube X0064_Y0051 bounds (Aligned to EPSG:3035): (4376026.363042001, 3014919.607964999, 4406026.363042001, 3044919.607964999)
Node processing 48 subtiles with 30 workers.
Error (24, 21): IoError: failed to fill whole buffer
Success (24, 8): /local_ssd/output/las_4400026_3022920_x0064_y0051.copc.laz
Error (24, 29): IoError: failed to fill whole buffer
Success (25, 10): /local_ssd/output/las_4401026_3024920_x0064_y0051.copc.laz
Error (24, 20): IoError: failed to fill whole buffer
Success (24, 6): /local_ssd/output/las_4400026_3020920_x0064_y0051.copc.laz
Success (25, 5): /local_ssd/output/las_4401026_3019920_x0064_y0051.copc.laz
Success (25, 9): /local_ssd/output/las_4401026_3023920_x0064_y0051.copc.laz
Success (24, 7): /local_ssd/output/las_4400026_3021920_x0064_y0051.copc.laz
Success (25, 4): /local_ssd/output/las_4401026_3018920_x0064_y0051.copc.laz
Success (25, 11): /local_ssd/output/las_4401026_3025920_x0064_y0051.copc.laz
Success (24, 11): /local_ssd/output/las_4400026_3025920_x0064_y0051.copc.laz
Success (25, 8): /local_ssd/output/las_4401026_3022920_x0064_y0051.copc.laz
Success (24, 12): /local_ssd/output/las_4400026_3026920_x0064_y0051.copc.laz
Success (24, 15): /local_ssd/output/las_4400026_3029920_x0064_y0051.copc.laz
Success (24, 16): /local_ssd/output/las_4400026_3030920_x0064_y0051.copc.laz
Success (24, 25): /local_ssd/output/las_4400026_3039920_x0064_y0051.copc.laz
Success (25, 6): /local_ssd/output/las_4401026_3020920_x0064_y0051.copc.laz
Success (24, 22): /local_ssd/output/las_4400026_3036920_x0064_y0051.copc.laz
Success (25, 12): /local_ssd/output/las_4401026_3026920_x0064_y0051.copc.laz
Success (25, 16): /local_ssd/output/las_4401026_3030920_x0064_y0051.copc.laz
Success (25, 18): /local_ssd/output/las_4401026_3032920_x0064_y0051.copc.laz
Success (24, 26): /local_ssd/output/las_4400026_3040920_x0064_y0051.copc.laz
Success (24, 24): /local_ssd/output/las_4400026_3038920_x0064_y0051.copc.laz
Success (24, 23): /local_ssd/output/las_4400026_3037920_x0064_y0051.copc.laz
Success (24, 18): /local_ssd/output/las_4400026_3032920_x0064_y0051.copc.laz
Success (24, 27): /local_ssd/output/las_4400026_3041920_x0064_y0051.copc.laz
Success (25, 19): /local_ssd/output/las_4401026_3033920_x0064_y0051.copc.laz
Success (24, 28): /local_ssd/output/las_4400026_3042920_x0064_y0051.copc.laz
Success (25, 21): /local_ssd/output/las_4401026_3035920_x0064_y0051.copc.laz
Success (25, 13): /local_ssd/output/las_4401026_3027920_x0064_y0051.copc.laz
Success (25, 7): /local_ssd/output/las_4401026_3021920_x0064_y0051.copc.laz
Success (24, 19): /local_ssd/output/las_4400026_3033920_x0064_y0051.copc.laz
Success (25, 15): /local_ssd/output/las_4401026_3029920_x0064_y0051.copc.laz
Success (25, 17): /local_ssd/output/las_4401026_3031920_x0064_y0051.copc.laz
Success (24, 17): /local_ssd/output/las_4400026_3031920_x0064_y0051.copc.laz
Success (24, 13): /local_ssd/output/las_4400026_3027920_x0064_y0051.copc.laz
Success (25, 20): /local_ssd/output/las_4401026_3034920_x0064_y0051.copc.laz
Success (25, 14): /local_ssd/output/las_4401026_3028920_x0064_y0051.copc.laz
Success (24, 14): /local_ssd/output/las_4400026_3028920_x0064_y0051.copc.laz
Success (25, 22): /local_ssd/output/las_4401026_3036920_x0064_y0051.copc.laz
Success (25, 26): /local_ssd/output/las_4401026_3040920_x0064_y0051.copc.laz
Success (25, 23): /local_ssd/output/las_4401026_3037920_x0064_y0051.copc.laz
Success (25, 29): /local_ssd/output/las_4401026_3043920_x0064_y0051.copc.laz
Success (25, 24): /local_ssd/output/las_4401026_3038920_x0064_y0051.copc.laz
Success (25, 25): /local_ssd/output/las_4401026_3039920_x0064_y0051.copc.laz
Success (25, 27): /local_ssd/output/las_4401026_3041920_x0064_y0051.copc.laz
Success (25, 28): /local_ssd/output/las_4401026_3042920_x0064_y0051.copc.laz
Processing successful. Syncing outputs to /user/pbasnet/u18501/th_data/Thuringia_processed_tiles/copc_tiles_X0064_Y0051...
Done at 2026-03-24 17:08:43
[cleanup] Removing /local/jobs/u18501_13104977/task_12
============ Job Information ===================================================
Submitted: 2026-03-24T16:16:32
Started: 2026-03-24T16:43:27
Ended: 2026-03-24T17:08:44
Elapsed: 26 min, Limit: 119 min, Difference: 93 min
CPUs: 192, Nodes: 1
Estimated Consumption: 31.20 core-hours
================================================================================
