================================================================================
JobID = 13125117
User = u18501, Account = nhr_ni_starter_24350
Partition = medium96s, Nodelist = c0131
================================================================================
Extracting required input files (tiles 60-119) for cube X0064_Y0050...
Copying 60 files to local SSD...
======================================================
Job Array ID : 1
Cube ID      : X0064_Y0050
Tile range   : 60 – 119
Input files  : 60
Workers      : 30
Node         : c0131
Temp dir     : /local/jobs/u18501_13125117/task_1
Start time   : 2026-03-25 16:51:08
======================================================
/opt/conda/envs/pdalenv/lib/python3.12/site-packages/osgeo/ogr.py:615: FutureWarning: Neither ogr.UseExceptions() nor ogr.DontUseExceptions() has been explicitly called. In GDAL 4.0, exceptions will be enabled by default.
  warnings.warn(
Projecting FORCE cube X0064_Y0050 geometry from EPSG:25832 to EPSG:3035...
FORCE cube X0064_Y0050 bounds (Aligned to EPSG:3035): (4376026.363042001, 3044919.6079649986, 4406026.363042001, 3074919.607965001)
Node processing 60 subtiles with 30 workers.
Success (2, 29): /local_ssd/output/las_4378026_3073920_x0064_y0050.copc.laz
Success (2, 11): /local_ssd/output/las_4378026_3055920_x0064_y0050.copc.laz
Success (2, 26): /local_ssd/output/las_4378026_3070920_x0064_y0050.copc.laz
Success (2, 28): /local_ssd/output/las_4378026_3072920_x0064_y0050.copc.laz
Success (2, 27): /local_ssd/output/las_4378026_3071920_x0064_y0050.copc.laz
Success (2, 25): /local_ssd/output/las_4378026_3069920_x0064_y0050.copc.laz
Success (2, 10): /local_ssd/output/las_4378026_3054920_x0064_y0050.copc.laz
Success (2, 24): /local_ssd/output/las_4378026_3068920_x0064_y0050.copc.laz
Success (2, 1): /local_ssd/output/las_4378026_3045920_x0064_y0050.copc.laz
Success (2, 12): /local_ssd/output/las_4378026_3056920_x0064_y0050.copc.laz
Success (2, 0): /local_ssd/output/las_4378026_3044920_x0064_y0050.copc.laz
Success (2, 23): /local_ssd/output/las_4378026_3067920_x0064_y0050.copc.laz
Success (2, 14): /local_ssd/output/las_4378026_3058920_x0064_y0050.copc.laz
Success (2, 13): /local_ssd/output/las_4378026_3057920_x0064_y0050.copc.laz
Success (2, 22): /local_ssd/output/las_4378026_3066920_x0064_y0050.copc.laz
Success (2, 2): /local_ssd/output/las_4378026_3046920_x0064_y0050.copc.laz
Success (2, 15): /local_ssd/output/las_4378026_3059920_x0064_y0050.copc.laz
Success (2, 16): /local_ssd/output/las_4378026_3060920_x0064_y0050.copc.laz
Success (2, 18): /local_ssd/output/las_4378026_3062920_x0064_y0050.copc.laz
Success (2, 19): /local_ssd/output/las_4378026_3063920_x0064_y0050.copc.laz
Success (2, 3): /local_ssd/output/las_4378026_3047920_x0064_y0050.copc.laz
Success (2, 21): /local_ssd/output/las_4378026_3065920_x0064_y0050.copc.laz
Success (2, 4): /local_ssd/output/las_4378026_3048920_x0064_y0050.copc.laz
Success (2, 17): /local_ssd/output/las_4378026_3061920_x0064_y0050.copc.laz
Success (2, 8): /local_ssd/output/las_4378026_3052920_x0064_y0050.copc.laz
Success (2, 5): /local_ssd/output/las_4378026_3049920_x0064_y0050.copc.laz
Success (2, 7): /local_ssd/output/las_4378026_3051920_x0064_y0050.copc.laz
Success (2, 6): /local_ssd/output/las_4378026_3050920_x0064_y0050.copc.laz
Success (2, 9): /local_ssd/output/las_4378026_3053920_x0064_y0050.copc.laz
Success (2, 20): /local_ssd/output/las_4378026_3064920_x0064_y0050.copc.laz
Success (3, 0): /local_ssd/output/las_4379026_3044920_x0064_y0050.copc.laz
Success (3, 2): /local_ssd/output/las_4379026_3046920_x0064_y0050.copc.laz
Success (3, 3): /local_ssd/output/las_4379026_3047920_x0064_y0050.copc.laz
Success (3, 11): /local_ssd/output/las_4379026_3055920_x0064_y0050.copc.laz
Success (3, 4): /local_ssd/output/las_4379026_3048920_x0064_y0050.copc.laz
Success (3, 23): /local_ssd/output/las_4379026_3067920_x0064_y0050.copc.laz
Success (3, 24): /local_ssd/output/las_4379026_3068920_x0064_y0050.copc.laz
Success (3, 10): /local_ssd/output/las_4379026_3054920_x0064_y0050.copc.laz
Success (3, 22): /local_ssd/output/las_4379026_3066920_x0064_y0050.copc.laz
Success (3, 25): /local_ssd/output/las_4379026_3069920_x0064_y0050.copc.laz
Success (3, 5): /local_ssd/output/las_4379026_3049920_x0064_y0050.copc.laz
Success (3, 8): /local_ssd/output/las_4379026_3052920_x0064_y0050.copc.laz
Success (3, 14): /local_ssd/output/las_4379026_3058920_x0064_y0050.copc.laz
Success (3, 6): /local_ssd/output/las_4379026_3050920_x0064_y0050.copc.laz
Success (3, 9): /local_ssd/output/las_4379026_3053920_x0064_y0050.copc.laz
Success (3, 16): /local_ssd/output/las_4379026_3060920_x0064_y0050.copc.laz
Success (3, 15): /local_ssd/output/las_4379026_3059920_x0064_y0050.copc.laz
Success (3, 29): /local_ssd/output/las_4379026_3073920_x0064_y0050.copc.laz
Success (3, 12): /local_ssd/output/las_4379026_3056920_x0064_y0050.copc.laz
Success (3, 17): /local_ssd/output/las_4379026_3061920_x0064_y0050.copc.laz
Success (3, 7): /local_ssd/output/las_4379026_3051920_x0064_y0050.copc.laz
Success (3, 18): /local_ssd/output/las_4379026_3062920_x0064_y0050.copc.laz
Success (3, 21): /local_ssd/output/las_4379026_3065920_x0064_y0050.copc.laz
Success (3, 19): /local_ssd/output/las_4379026_3063920_x0064_y0050.copc.laz
Success (3, 1): /local_ssd/output/las_4379026_3045920_x0064_y0050.copc.laz
Success (3, 13): /local_ssd/output/las_4379026_3057920_x0064_y0050.copc.laz
Success (3, 20): /local_ssd/output/las_4379026_3064920_x0064_y0050.copc.laz
Success (3, 28): /local_ssd/output/las_4379026_3072920_x0064_y0050.copc.laz
Success (3, 27): /local_ssd/output/las_4379026_3071920_x0064_y0050.copc.laz
Success (3, 26): /local_ssd/output/las_4379026_3070920_x0064_y0050.copc.laz
Processing successful. Syncing outputs to /user/pbasnet/u18501/th_data/Thuringia_processed_tiles/copc_tiles_X0064_Y0050...
Done at 2026-03-25 17:26:48
[cleanup] Removing /local/jobs/u18501_13125117/task_1
============ Job Information ===================================================
Submitted: 2026-03-25T16:48:44
Started: 2026-03-25T16:48:46
Ended: 2026-03-25T17:26:49
Elapsed: 39 min, Limit: 119 min, Difference: 80 min
CPUs: 192, Nodes: 1
Estimated Consumption: 46.80 core-hours
================================================================================
