================================================================================
JobID = 13103614
User = u18501, Account = nhr_ni_starter_24350
Partition = medium96s, Nodelist = c0073
================================================================================
Extracting required input files (tiles 0-59) for cube X0064_Y0050...
Copying 60 files to local SSD...
======================================================
Job Array ID : 0
Cube ID      : X0064_Y0050
Tile range   : 0 – 59
Input files  : 60
Workers      : 30
Node         : c0073
Temp dir     : /local/jobs/u18501_13103614/task_0
Start time   : 2026-03-24 15:17:49
======================================================
/opt/conda/envs/pdalenv/lib/python3.12/site-packages/osgeo/ogr.py:615: FutureWarning: Neither ogr.UseExceptions() nor ogr.DontUseExceptions() has been explicitly called. In GDAL 4.0, exceptions will be enabled by default.
  warnings.warn(
Projecting FORCE cube X0064_Y0050 geometry from EPSG:25832 to EPSG:3035...
FORCE cube X0064_Y0050 bounds (Aligned to EPSG:3035): (4376026.363042001, 3044919.6079649986, 4406026.363042001, 3074919.607965001)
Node processing 60 subtiles with 30 workers.
Error (0, 2): [Errno 2] No such file or directory: '/mnt/data/Thuringia_2020_2025_tiles/las_32_626_5599_1_th_2020-2025.laz'
Error (0, 0): [Errno 2] No such file or directory: '/mnt/data/Thuringia_2020_2025_tiles/las_32_626_5597_1_th_2020-2025.laz'
Error (0, 4): [Errno 2] No such file or directory: '/mnt/data/Thuringia_2020_2025_tiles/las_32_626_5601_1_th_2020-2025.laz'
Error (0, 5): [Errno 2] No such file or directory: '/mnt/data/Thuringia_2020_2025_tiles/las_32_626_5602_1_th_2020-2025.laz'
Error (0, 1): [Errno 2] No such file or directory: '/mnt/data/Thuringia_2020_2025_tiles/las_32_625_5598_1_th_2020-2025.laz'
Error (0, 3): [Errno 2] No such file or directory: '/mnt/data/Thuringia_2020_2025_tiles/las_32_626_5600_1_th_2020-2025.laz'
Error (0, 6): [Errno 2] No such file or directory: '/mnt/data/Thuringia_2020_2025_tiles/las_32_625_5603_1_th_2020-2025.laz'
Error (0, 7): [Errno 2] No such file or directory: '/mnt/data/Thuringia_2020_2025_tiles/las_32_626_5604_1_th_2020-2025.laz'
Error (0, 8): [Errno 2] No such file or directory: '/mnt/data/Thuringia_2020_2025_tiles/las_32_625_5605_1_th_2020-2025.laz'
Error (0, 9): [Errno 2] No such file or directory: '/mnt/data/Thuringia_2020_2025_tiles/las_32_626_5606_1_th_2020-2025.laz'
Error (0, 10): [Errno 2] No such file or directory: '/mnt/data/Thuringia_2020_2025_tiles/las_32_625_5607_1_th_2020-2025.laz'
Error (0, 11): [Errno 2] No such file or directory: '/mnt/data/Thuringia_2020_2025_tiles/las_32_625_5608_1_th_2020-2025.laz'
Error (0, 12): [Errno 2] No such file or directory: '/mnt/data/Thuringia_2020_2025_tiles/las_32_626_5609_1_th_2020-2025.laz'
Error (0, 13): [Errno 2] No such file or directory: '/mnt/data/Thuringia_2020_2025_tiles/las_32_626_5610_1_th_2020-2025.laz'
Error (0, 14): [Errno 2] No such file or directory: '/mnt/data/Thuringia_2020_2025_tiles/las_32_625_5611_1_th_2020-2025.laz'
Error (0, 16): [Errno 2] No such file or directory: '/mnt/data/Thuringia_2020_2025_tiles/las_32_626_5613_1_th_2020-2025.laz'
Error (0, 15): [Errno 2] No such file or directory: '/mnt/data/Thuringia_2020_2025_tiles/las_32_626_5612_1_th_2020-2025.laz'
Error (0, 17): [Errno 2] No such file or directory: '/mnt/data/Thuringia_2020_2025_tiles/las_32_625_5614_1_th_2020-2025.laz'
Error (0, 18): [Errno 2] No such file or directory: '/mnt/data/Thuringia_2020_2025_tiles/las_32_626_5615_1_th_2020-2025.laz'
Error (0, 19): [Errno 2] No such file or directory: '/mnt/data/Thuringia_2020_2025_tiles/las_32_626_5616_1_th_2020-2025.laz'
Error (0, 20): [Errno 2] No such file or directory: '/mnt/data/Thuringia_2020_2025_tiles/las_32_625_5617_1_th_2020-2025.laz'
Error (0, 21): [Errno 2] No such file or directory: '/mnt/data/Thuringia_2020_2025_tiles/las_32_626_5618_1_th_2020-2025.laz'
Error (0, 24): [Errno 2] No such file or directory: '/mnt/data/Thuringia_2020_2025_tiles/las_32_625_5621_1_th_2020-2025.laz'
Error (0, 22): [Errno 2] No such file or directory: '/mnt/data/Thuringia_2020_2025_tiles/las_32_626_5619_1_th_2020-2025.laz'
Error (0, 25): [Errno 2] No such file or directory: '/mnt/data/Thuringia_2020_2025_tiles/las_32_626_5622_1_th_2020-2025.laz'
Error (1, 0): [Errno 2] No such file or directory: '/mnt/data/Thuringia_2020_2025_tiles/las_32_627_5597_1_th_2020-2025.laz'
Error (1, 1): [Errno 2] No such file or directory: '/mnt/data/Thuringia_2020_2025_tiles/las_32_627_5598_1_th_2020-2025.laz'
Error (0, 23): [Errno 2] No such file or directory: '/mnt/data/Thuringia_2020_2025_tiles/las_32_625_5620_1_th_2020-2025.laz'
Error (1, 2): [Errno 2] No such file or directory: '/mnt/data/Thuringia_2020_2025_tiles/las_32_626_5599_1_th_2020-2025.laz'
Error (0, 26): [Errno 2] No such file or directory: '/mnt/data/Thuringia_2020_2025_tiles/las_32_626_5623_1_th_2020-2025.laz'
Error (1, 3): [Errno 2] No such file or directory: '/mnt/data/Thuringia_2020_2025_tiles/las_32_626_5600_1_th_2020-2025.laz'
Error (0, 28): [Errno 2] No such file or directory: '/mnt/data/Thuringia_2020_2025_tiles/las_32_626_5625_1_th_2020-2025.laz'
Error (0, 27): [Errno 2] No such file or directory: '/mnt/data/Thuringia_2020_2025_tiles/las_32_625_5624_1_th_2020-2025.laz'
Error (1, 7): [Errno 2] No such file or directory: '/mnt/data/Thuringia_2020_2025_tiles/las_32_627_5604_1_th_2020-2025.laz'
Error (1, 4): [Errno 2] No such file or directory: '/mnt/data/Thuringia_2020_2025_tiles/las_32_627_5601_1_th_2020-2025.laz'
Error (1, 5): [Errno 2] No such file or directory: '/mnt/data/Thuringia_2020_2025_tiles/las_32_627_5602_1_th_2020-2025.laz'
Error (1, 6): [Errno 2] No such file or directory: '/mnt/data/Thuringia_2020_2025_tiles/las_32_627_5603_1_th_2020-2025.laz'
Error (0, 29): [Errno 2] No such file or directory: '/mnt/data/Thuringia_2020_2025_tiles/las_32_626_5626_1_th_2020-2025.laz'
Error (1, 9): [Errno 2] No such file or directory: '/mnt/data/Thuringia_2020_2025_tiles/las_32_626_5606_1_th_2020-2025.laz'
Error (1, 8): [Errno 2] No such file or directory: '/mnt/data/Thuringia_2020_2025_tiles/las_32_627_5605_1_th_2020-2025.laz'
Error (1, 10): [Errno 2] No such file or directory: '/mnt/data/Thuringia_2020_2025_tiles/las_32_627_5607_1_th_2020-2025.laz'
Error (1, 11): [Errno 2] No such file or directory: '/mnt/data/Thuringia_2020_2025_tiles/las_32_626_5608_1_th_2020-2025.laz'
Error (1, 12): [Errno 2] No such file or directory: '/mnt/data/Thuringia_2020_2025_tiles/las_32_626_5609_1_th_2020-2025.laz'
Error (1, 13): [Errno 2] No such file or directory: '/mnt/data/Thuringia_2020_2025_tiles/las_32_626_5610_1_th_2020-2025.laz'
Error (1, 14): [Errno 2] No such file or directory: '/mnt/data/Thuringia_2020_2025_tiles/las_32_626_5611_1_th_2020-2025.laz'
Error (1, 15): [Errno 2] No such file or directory: '/mnt/data/Thuringia_2020_2025_tiles/las_32_626_5612_1_th_2020-2025.laz'
Error (1, 16): [Errno 2] No such file or directory: '/mnt/data/Thuringia_2020_2025_tiles/las_32_627_5613_1_th_2020-2025.laz'
Error (1, 17): [Errno 2] No such file or directory: '/mnt/data/Thuringia_2020_2025_tiles/las_32_627_5614_1_th_2020-2025.laz'
Error (1, 18): [Errno 2] No such file or directory: '/mnt/data/Thuringia_2020_2025_tiles/las_32_626_5615_1_th_2020-2025.laz'
Error (1, 19): [Errno 2] No such file or directory: '/mnt/data/Thuringia_2020_2025_tiles/las_32_627_5616_1_th_2020-2025.laz'
Error (1, 20): [Errno 2] No such file or directory: '/mnt/data/Thuringia_2020_2025_tiles/las_32_627_5617_1_th_2020-2025.laz'
Error (1, 21): [Errno 2] No such file or directory: '/mnt/data/Thuringia_2020_2025_tiles/las_32_626_5618_1_th_2020-2025.laz'
Error (1, 25): [Errno 2] No such file or directory: '/mnt/data/Thuringia_2020_2025_tiles/las_32_626_5622_1_th_2020-2025.laz'
Error (1, 22): [Errno 2] No such file or directory: '/mnt/data/Thuringia_2020_2025_tiles/las_32_627_5619_1_th_2020-2025.laz'
Error (1, 26): [Errno 2] No such file or directory: '/mnt/data/Thuringia_2020_2025_tiles/las_32_627_5623_1_th_2020-2025.laz'
Error (1, 28): [Errno 2] No such file or directory: '/mnt/data/Thuringia_2020_2025_tiles/las_32_626_5625_1_th_2020-2025.laz'
Error (1, 23): [Errno 2] No such file or directory: '/mnt/data/Thuringia_2020_2025_tiles/las_32_627_5620_1_th_2020-2025.laz'
Error (1, 24): [Errno 2] No such file or directory: '/mnt/data/Thuringia_2020_2025_tiles/las_32_627_5621_1_th_2020-2025.laz'
Error (1, 27): [Errno 2] No such file or directory: '/mnt/data/Thuringia_2020_2025_tiles/las_32_626_5624_1_th_2020-2025.laz'
Error (1, 29): [Errno 2] No such file or directory: '/mnt/data/Thuringia_2020_2025_tiles/las_32_626_5626_1_th_2020-2025.laz'
Processing successful. Syncing outputs to /user/pbasnet/u18501/th_data/Thuringia_processed_tiles/copc_tiles_X0064_Y0050...
Done at 2026-03-24 15:17:53
[cleanup] Removing /local/jobs/u18501_13103614/task_0
============ Job Information ===================================================
Submitted: 2026-03-24T15:15:04
Started: 2026-03-24T15:15:38
Ended: 2026-03-24T15:17:55
Elapsed: 3 min, Limit: 119 min, Difference: 116 min
CPUs: 192, Nodes: 1
Estimated Consumption: 3.60 core-hours
================================================================================
