================================================================================
JobID = 13104532
User = u18501, Account = nhr_ni_starter_24350
Partition = medium96s, Nodelist = c0312
================================================================================
Extracting required input files (tiles 840-899) for cube X0064_Y0051...
Copying 0 files to local SSD...
======================================================
Job Array ID : 14
Cube ID      : X0064_Y0051
Tile range   : 840 – 899
Input files  : 0
Workers      : 30
Node         : c0312
Temp dir     : /local/jobs/u18501_13104532/task_14
Start time   : 2026-03-24 16:43:35
======================================================
/opt/conda/envs/pdalenv/lib/python3.12/site-packages/osgeo/ogr.py:615: FutureWarning: Neither ogr.UseExceptions() nor ogr.DontUseExceptions() has been explicitly called. In GDAL 4.0, exceptions will be enabled by default.
  warnings.warn(
Projecting FORCE cube X0064_Y0051 geometry from EPSG:25832 to EPSG:3035...
FORCE cube X0064_Y0051 bounds (Aligned to EPSG:3035): (4376026.363042001, 3014919.607964999, 4406026.363042001, 3044919.607964999)
Node processing 56 subtiles with 30 workers.
Success (29, 2): /local_ssd/output/las_4405026_3016920_x0064_y0051.copc.laz
Success (28, 9): /local_ssd/output/las_4404026_3023920_x0064_y0051.copc.laz
Success (28, 7): /local_ssd/output/las_4404026_3021920_x0064_y0051.copc.laz
Success (29, 3): /local_ssd/output/las_4405026_3017920_x0064_y0051.copc.laz
Success (28, 4): /local_ssd/output/las_4404026_3018920_x0064_y0051.copc.laz
Success (28, 5): /local_ssd/output/las_4404026_3019920_x0064_y0051.copc.laz
Success (28, 11): /local_ssd/output/las_4404026_3025920_x0064_y0051.copc.laz
Success (28, 8): /local_ssd/output/las_4404026_3022920_x0064_y0051.copc.laz
Success (28, 6): /local_ssd/output/las_4404026_3020920_x0064_y0051.copc.laz
Success (28, 12): /local_ssd/output/las_4404026_3026920_x0064_y0051.copc.laz
Success (28, 22): /local_ssd/output/las_4404026_3036920_x0064_y0051.copc.laz
Success (28, 10): /local_ssd/output/las_4404026_3024920_x0064_y0051.copc.laz
Success (28, 21): /local_ssd/output/las_4404026_3035920_x0064_y0051.copc.laz
Success (28, 24): /local_ssd/output/las_4404026_3038920_x0064_y0051.copc.laz
Success (28, 2): /local_ssd/output/las_4404026_3016920_x0064_y0051.copc.laz
Success (28, 20): /local_ssd/output/las_4404026_3034920_x0064_y0051.copc.laz
Success (28, 27): /local_ssd/output/las_4404026_3041920_x0064_y0051.copc.laz
Success (28, 28): /local_ssd/output/las_4404026_3042920_x0064_y0051.copc.laz
Success (28, 25): /local_ssd/output/las_4404026_3039920_x0064_y0051.copc.laz
Success (28, 29): /local_ssd/output/las_4404026_3043920_x0064_y0051.copc.laz
Success (29, 4): /local_ssd/output/las_4405026_3018920_x0064_y0051.copc.laz
Success (28, 3): /local_ssd/output/las_4404026_3017920_x0064_y0051.copc.laz
Success (28, 23): /local_ssd/output/las_4404026_3037920_x0064_y0051.copc.laz
Success (28, 26): /local_ssd/output/las_4404026_3040920_x0064_y0051.copc.laz
Success (28, 18): /local_ssd/output/las_4404026_3032920_x0064_y0051.copc.laz
Success (28, 17): /local_ssd/output/las_4404026_3031920_x0064_y0051.copc.laz
Success (28, 16): /local_ssd/output/las_4404026_3030920_x0064_y0051.copc.laz
Success (28, 19): /local_ssd/output/las_4404026_3033920_x0064_y0051.copc.laz
Success (28, 15): /local_ssd/output/las_4404026_3029920_x0064_y0051.copc.laz
Success (28, 14): /local_ssd/output/las_4404026_3028920_x0064_y0051.copc.laz
Success (28, 13): /local_ssd/output/las_4404026_3027920_x0064_y0051.copc.laz
Success (29, 8): /local_ssd/output/las_4405026_3022920_x0064_y0051.copc.laz
Success (29, 9): /local_ssd/output/las_4405026_3023920_x0064_y0051.copc.laz
Success (29, 11): /local_ssd/output/las_4405026_3025920_x0064_y0051.copc.laz
Success (29, 10): /local_ssd/output/las_4405026_3024920_x0064_y0051.copc.laz
Success (29, 5): /local_ssd/output/las_4405026_3019920_x0064_y0051.copc.laz
Success (29, 7): /local_ssd/output/las_4405026_3021920_x0064_y0051.copc.laz
Success (29, 6): /local_ssd/output/las_4405026_3020920_x0064_y0051.copc.laz
Success (29, 12): /local_ssd/output/las_4405026_3026920_x0064_y0051.copc.laz
Success (29, 20): /local_ssd/output/las_4405026_3034920_x0064_y0051.copc.laz
Success (29, 27): /local_ssd/output/las_4405026_3041920_x0064_y0051.copc.laz
Success (29, 16): /local_ssd/output/las_4405026_3030920_x0064_y0051.copc.laz
Success (29, 18): /local_ssd/output/las_4405026_3032920_x0064_y0051.copc.laz
Success (29, 25): /local_ssd/output/las_4405026_3039920_x0064_y0051.copc.laz
Success (29, 15): /local_ssd/output/las_4405026_3029920_x0064_y0051.copc.laz
Success (29, 17): /local_ssd/output/las_4405026_3031920_x0064_y0051.copc.laz
Success (29, 26): /local_ssd/output/las_4405026_3040920_x0064_y0051.copc.laz
Success (29, 24): /local_ssd/output/las_4405026_3038920_x0064_y0051.copc.laz
Success (29, 23): /local_ssd/output/las_4405026_3037920_x0064_y0051.copc.laz
Success (29, 22): /local_ssd/output/las_4405026_3036920_x0064_y0051.copc.laz
Success (29, 19): /local_ssd/output/las_4405026_3033920_x0064_y0051.copc.laz
Success (29, 14): /local_ssd/output/las_4405026_3028920_x0064_y0051.copc.laz
Success (29, 28): /local_ssd/output/las_4405026_3042920_x0064_y0051.copc.laz
Success (29, 21): /local_ssd/output/las_4405026_3035920_x0064_y0051.copc.laz
Success (29, 29): /local_ssd/output/las_4405026_3043920_x0064_y0051.copc.laz
Success (29, 13): /local_ssd/output/las_4405026_3027920_x0064_y0051.copc.laz
Processing successful. Syncing outputs to /user/pbasnet/u18501/th_data/Thuringia_processed_tiles/copc_tiles_X0064_Y0051...
Done at 2026-03-24 17:10:25
[cleanup] Removing /local/jobs/u18501_13104532/task_14
============ Job Information ===================================================
Submitted: 2026-03-24T16:16:32
Started: 2026-03-24T16:43:27
Ended: 2026-03-24T17:10:25
Elapsed: 27 min, Limit: 119 min, Difference: 92 min
CPUs: 192, Nodes: 1
Estimated Consumption: 32.40 core-hours
================================================================================
