================================================================================
JobID = 13103627
User = u18501, Account = nhr_ni_starter_24350
Partition = medium96s, Nodelist = c0109
================================================================================
Extracting required input files (tiles 780-839) for cube X0064_Y0050...
Copying 60 files to local SSD...
======================================================
Job Array ID : 13
Cube ID      : X0064_Y0050
Tile range   : 780 – 839
Input files  : 60
Workers      : 30
Node         : c0109
Temp dir     : /local/jobs/u18501_13103627/task_13
Start time   : 2026-03-24 15:16:49
======================================================
/opt/conda/envs/pdalenv/lib/python3.12/site-packages/osgeo/ogr.py:615: FutureWarning: Neither ogr.UseExceptions() nor ogr.DontUseExceptions() has been explicitly called. In GDAL 4.0, exceptions will be enabled by default.
  warnings.warn(
Projecting FORCE cube X0064_Y0050 geometry from EPSG:25832 to EPSG:3035...
FORCE cube X0064_Y0050 bounds (Aligned to EPSG:3035): (4376026.363042001, 3044919.6079649986, 4406026.363042001, 3074919.607965001)
Node processing 60 subtiles with 30 workers.
Error (26, 0): [Errno 2] No such file or directory: '/mnt/data/Thuringia_2020_2025_tiles/las_32_651_5597_1_th_2020-2025.laz'
Error (26, 10): [Errno 2] No such file or directory: '/mnt/data/Thuringia_2020_2025_tiles/las_32_651_5607_1_th_2020-2025.laz'
Error (26, 4): [Errno 2] No such file or directory: '/mnt/data/Thuringia_2020_2025_tiles/las_32_652_5601_1_th_2020-2025.laz'
Error (26, 7): [Errno 2] No such file or directory: '/mnt/data/Thuringia_2020_2025_tiles/las_32_652_5604_1_th_2020-2025.laz'
Error (26, 3): [Errno 2] No such file or directory: '/mnt/data/Thuringia_2020_2025_tiles/las_32_651_5600_1_th_2020-2025.laz'
Error (26, 1): [Errno 2] No such file or directory: '/mnt/data/Thuringia_2020_2025_tiles/las_32_652_5598_1_th_2020-2025.laz'
Error (26, 8): [Errno 2] No such file or directory: '/mnt/data/Thuringia_2020_2025_tiles/las_32_652_5605_1_th_2020-2025.laz'
Error (26, 9): [Errno 2] No such file or directory: '/mnt/data/Thuringia_2020_2025_tiles/las_32_651_5606_1_th_2020-2025.laz'
Error (26, 6): [Errno 2] No such file or directory: '/mnt/data/Thuringia_2020_2025_tiles/las_32_651_5603_1_th_2020-2025.laz'
Error (26, 5): [Errno 2] No such file or directory: '/mnt/data/Thuringia_2020_2025_tiles/las_32_651_5602_1_th_2020-2025.laz'
Error (26, 2): [Errno 2] No such file or directory: '/mnt/data/Thuringia_2020_2025_tiles/las_32_652_5599_1_th_2020-2025.laz'
Error (26, 11): [Errno 2] No such file or directory: '/mnt/data/Thuringia_2020_2025_tiles/las_32_651_5608_1_th_2020-2025.laz'
Error (26, 12): [Errno 2] No such file or directory: '/mnt/data/Thuringia_2020_2025_tiles/las_32_652_5609_1_th_2020-2025.laz'
Error (26, 13): [Errno 2] No such file or directory: '/mnt/data/Thuringia_2020_2025_tiles/las_32_652_5610_1_th_2020-2025.laz'
Error (26, 14): [Errno 2] No such file or directory: '/mnt/data/Thuringia_2020_2025_tiles/las_32_651_5611_1_th_2020-2025.laz'
Error (26, 15): [Errno 2] No such file or directory: '/mnt/data/Thuringia_2020_2025_tiles/las_32_651_5612_1_th_2020-2025.laz'
Error (26, 16): [Errno 2] No such file or directory: '/mnt/data/Thuringia_2020_2025_tiles/las_32_652_5613_1_th_2020-2025.laz'
Error (26, 17): [Errno 2] No such file or directory: '/mnt/data/Thuringia_2020_2025_tiles/las_32_652_5614_1_th_2020-2025.laz'
Error (26, 18): [Errno 2] No such file or directory: '/mnt/data/Thuringia_2020_2025_tiles/las_32_652_5615_1_th_2020-2025.laz'
Error (26, 19): [Errno 2] No such file or directory: '/mnt/data/Thuringia_2020_2025_tiles/las_32_651_5616_1_th_2020-2025.laz'
Error (26, 20): [Errno 2] No such file or directory: '/mnt/data/Thuringia_2020_2025_tiles/las_32_652_5617_1_th_2020-2025.laz'
Error (26, 21): [Errno 2] No such file or directory: '/mnt/data/Thuringia_2020_2025_tiles/las_32_652_5618_1_th_2020-2025.laz'
Error (26, 24): [Errno 2] No such file or directory: '/mnt/data/Thuringia_2020_2025_tiles/las_32_651_5621_1_th_2020-2025.laz'
Error (26, 25): [Errno 2] No such file or directory: '/mnt/data/Thuringia_2020_2025_tiles/las_32_652_5622_1_th_2020-2025.laz'
Error (26, 22): [Errno 2] No such file or directory: '/mnt/data/Thuringia_2020_2025_tiles/las_32_652_5619_1_th_2020-2025.laz'
Error (26, 23): [Errno 2] No such file or directory: '/mnt/data/Thuringia_2020_2025_tiles/las_32_652_5620_1_th_2020-2025.laz'
Error (26, 26): [Errno 2] No such file or directory: '/mnt/data/Thuringia_2020_2025_tiles/las_32_651_5623_1_th_2020-2025.laz'
Error (26, 27): [Errno 2] No such file or directory: '/mnt/data/Thuringia_2020_2025_tiles/las_32_652_5624_1_th_2020-2025.laz'
Error (26, 29): [Errno 2] No such file or directory: '/mnt/data/Thuringia_2020_2025_tiles/las_32_651_5626_1_th_2020-2025.laz'
Error (26, 28): [Errno 2] No such file or directory: '/mnt/data/Thuringia_2020_2025_tiles/las_32_651_5625_1_th_2020-2025.laz'
Error (27, 0): [Errno 2] No such file or directory: '/mnt/data/Thuringia_2020_2025_tiles/las_32_653_5597_1_th_2020-2025.laz'
Error (27, 1): [Errno 2] No such file or directory: '/mnt/data/Thuringia_2020_2025_tiles/las_32_653_5598_1_th_2020-2025.laz'
Error (27, 2): [Errno 2] No such file or directory: '/mnt/data/Thuringia_2020_2025_tiles/las_32_653_5599_1_th_2020-2025.laz'
Error (27, 3): [Errno 2] No such file or directory: '/mnt/data/Thuringia_2020_2025_tiles/las_32_653_5600_1_th_2020-2025.laz'
Error (27, 4): [Errno 2] No such file or directory: '/mnt/data/Thuringia_2020_2025_tiles/las_32_653_5601_1_th_2020-2025.laz'
Error (27, 5): [Errno 2] No such file or directory: '/mnt/data/Thuringia_2020_2025_tiles/las_32_653_5602_1_th_2020-2025.laz'
Error (27, 6): [Errno 2] No such file or directory: '/mnt/data/Thuringia_2020_2025_tiles/las_32_653_5603_1_th_2020-2025.laz'
Error (27, 7): [Errno 2] No such file or directory: '/mnt/data/Thuringia_2020_2025_tiles/las_32_652_5604_1_th_2020-2025.laz'
Error (27, 8): [Errno 2] No such file or directory: '/mnt/data/Thuringia_2020_2025_tiles/las_32_652_5605_1_th_2020-2025.laz'
Error (27, 9): [Errno 2] No such file or directory: '/mnt/data/Thuringia_2020_2025_tiles/las_32_653_5606_1_th_2020-2025.laz'
Error (27, 10): [Errno 2] No such file or directory: '/mnt/data/Thuringia_2020_2025_tiles/las_32_652_5607_1_th_2020-2025.laz'
Error (27, 11): [Errno 2] No such file or directory: '/mnt/data/Thuringia_2020_2025_tiles/las_32_652_5608_1_th_2020-2025.laz'
Error (27, 12): [Errno 2] No such file or directory: '/mnt/data/Thuringia_2020_2025_tiles/las_32_652_5609_1_th_2020-2025.laz'
Error (27, 14): [Errno 2] No such file or directory: '/mnt/data/Thuringia_2020_2025_tiles/las_32_652_5611_1_th_2020-2025.laz'
Error (27, 16): [Errno 2] No such file or directory: '/mnt/data/Thuringia_2020_2025_tiles/las_32_652_5613_1_th_2020-2025.laz'
Error (27, 18): [Errno 2] No such file or directory: '/mnt/data/Thuringia_2020_2025_tiles/las_32_652_5615_1_th_2020-2025.laz'
Error (27, 13): [Errno 2] No such file or directory: '/mnt/data/Thuringia_2020_2025_tiles/las_32_653_5610_1_th_2020-2025.laz'
Error (27, 15): [Errno 2] No such file or directory: '/mnt/data/Thuringia_2020_2025_tiles/las_32_652_5612_1_th_2020-2025.laz'
Error (27, 22): [Errno 2] No such file or directory: '/mnt/data/Thuringia_2020_2025_tiles/las_32_652_5619_1_th_2020-2025.laz'
Error (27, 17): [Errno 2] No such file or directory: '/mnt/data/Thuringia_2020_2025_tiles/las_32_652_5614_1_th_2020-2025.laz'
Error (27, 25): [Errno 2] No such file or directory: '/mnt/data/Thuringia_2020_2025_tiles/las_32_652_5622_1_th_2020-2025.laz'
Error (27, 19): [Errno 2] No such file or directory: '/mnt/data/Thuringia_2020_2025_tiles/las_32_653_5616_1_th_2020-2025.laz'
Error (27, 28): [Errno 2] No such file or directory: '/mnt/data/Thuringia_2020_2025_tiles/las_32_652_5625_1_th_2020-2025.laz'
Error (27, 21): [Errno 2] No such file or directory: '/mnt/data/Thuringia_2020_2025_tiles/las_32_653_5618_1_th_2020-2025.laz'
Error (27, 20): [Errno 2] No such file or directory: '/mnt/data/Thuringia_2020_2025_tiles/las_32_653_5618_1_th_2020-2025.laz'
Error (27, 23): [Errno 2] No such file or directory: '/mnt/data/Thuringia_2020_2025_tiles/las_32_653_5620_1_th_2020-2025.laz'
Error (27, 24): [Errno 2] No such file or directory: '/mnt/data/Thuringia_2020_2025_tiles/las_32_653_5621_1_th_2020-2025.laz'
Error (27, 26): [Errno 2] No such file or directory: '/mnt/data/Thuringia_2020_2025_tiles/las_32_652_5623_1_th_2020-2025.laz'
Error (27, 27): [Errno 2] No such file or directory: '/mnt/data/Thuringia_2020_2025_tiles/las_32_652_5624_1_th_2020-2025.laz'
Error (27, 29): [Errno 2] No such file or directory: '/mnt/data/Thuringia_2020_2025_tiles/las_32_652_5626_1_th_2020-2025.laz'
Processing successful. Syncing outputs to /user/pbasnet/u18501/th_data/Thuringia_processed_tiles/copc_tiles_X0064_Y0050...
Done at 2026-03-24 15:16:54
[cleanup] Removing /local/jobs/u18501_13103627/task_13
============ Job Information ===================================================
Submitted: 2026-03-24T15:15:04
Started: 2026-03-24T15:15:38
Ended: 2026-03-24T15:16:55
Elapsed: 2 min, Limit: 119 min, Difference: 117 min
CPUs: 192, Nodes: 1
Estimated Consumption: 2.40 core-hours
================================================================================
