================================================================================
JobID = 13125127
User = u18501, Account = nhr_ni_starter_24350
Partition = medium96s, Nodelist = c0049
================================================================================
Extracting required input files (tiles 600-659) for cube X0064_Y0050...
Copying 60 files to local SSD...
======================================================
Job Array ID : 10
Cube ID      : X0064_Y0050
Tile range   : 600 – 659
Input files  : 60
Workers      : 30
Node         : c0049
Temp dir     : /local/jobs/u18501_13125127/task_10
Start time   : 2026-03-25 16:50:14
======================================================
/opt/conda/envs/pdalenv/lib/python3.12/site-packages/osgeo/ogr.py:615: FutureWarning: Neither ogr.UseExceptions() nor ogr.DontUseExceptions() has been explicitly called. In GDAL 4.0, exceptions will be enabled by default.
  warnings.warn(
Projecting FORCE cube X0064_Y0050 geometry from EPSG:25832 to EPSG:3035...
FORCE cube X0064_Y0050 bounds (Aligned to EPSG:3035): (4376026.363042001, 3044919.6079649986, 4406026.363042001, 3074919.607965001)
Node processing 60 subtiles with 30 workers.
Success (20, 26): /local_ssd/output/las_4396026_3070920_x0064_y0050.copc.laz
Success (20, 29): /local_ssd/output/las_4396026_3073920_x0064_y0050.copc.laz
Success (20, 16): /local_ssd/output/las_4396026_3060920_x0064_y0050.copc.laz
Success (20, 25): /local_ssd/output/las_4396026_3069920_x0064_y0050.copc.laz
Success (20, 24): /local_ssd/output/las_4396026_3068920_x0064_y0050.copc.laz
Success (20, 11): /local_ssd/output/las_4396026_3055920_x0064_y0050.copc.laz
Success (20, 12): /local_ssd/output/las_4396026_3056920_x0064_y0050.copc.laz
Success (20, 13): /local_ssd/output/las_4396026_3057920_x0064_y0050.copc.laz
Success (20, 9): /local_ssd/output/las_4396026_3053920_x0064_y0050.copc.laz
Success (20, 0): /local_ssd/output/las_4396026_3044920_x0064_y0050.copc.laz
Success (20, 15): /local_ssd/output/las_4396026_3059920_x0064_y0050.copc.laz
Success (20, 10): /local_ssd/output/las_4396026_3054920_x0064_y0050.copc.laz
Success (20, 1): /local_ssd/output/las_4396026_3045920_x0064_y0050.copc.laz
Success (20, 27): /local_ssd/output/las_4396026_3071920_x0064_y0050.copc.laz
Success (20, 6): /local_ssd/output/las_4396026_3050920_x0064_y0050.copc.laz
Success (20, 17): /local_ssd/output/las_4396026_3061920_x0064_y0050.copc.laz
Success (20, 23): /local_ssd/output/las_4396026_3067920_x0064_y0050.copc.laz
Success (20, 7): /local_ssd/output/las_4396026_3051920_x0064_y0050.copc.laz
Success (20, 3): /local_ssd/output/las_4396026_3047920_x0064_y0050.copc.laz
Success (20, 5): /local_ssd/output/las_4396026_3049920_x0064_y0050.copc.laz
Success (20, 28): /local_ssd/output/las_4396026_3072920_x0064_y0050.copc.laz
Success (20, 4): /local_ssd/output/las_4396026_3048920_x0064_y0050.copc.laz
Success (20, 8): /local_ssd/output/las_4396026_3052920_x0064_y0050.copc.laz
Success (20, 2): /local_ssd/output/las_4396026_3046920_x0064_y0050.copc.laz
Success (20, 18): /local_ssd/output/las_4396026_3062920_x0064_y0050.copc.laz
Success (20, 21): /local_ssd/output/las_4396026_3065920_x0064_y0050.copc.laz
Success (20, 14): /local_ssd/output/las_4396026_3058920_x0064_y0050.copc.laz
Success (20, 20): /local_ssd/output/las_4396026_3064920_x0064_y0050.copc.laz
Success (20, 19): /local_ssd/output/las_4396026_3063920_x0064_y0050.copc.laz
Success (20, 22): /local_ssd/output/las_4396026_3066920_x0064_y0050.copc.laz
Success (21, 5): /local_ssd/output/las_4397026_3049920_x0064_y0050.copc.laz
Success (21, 13): /local_ssd/output/las_4397026_3057920_x0064_y0050.copc.laz
Success (21, 0): /local_ssd/output/las_4397026_3044920_x0064_y0050.copc.laz
Success (21, 4): /local_ssd/output/las_4397026_3048920_x0064_y0050.copc.laz
Success (21, 16): /local_ssd/output/las_4397026_3060920_x0064_y0050.copc.laz
Success (21, 17): /local_ssd/output/las_4397026_3061920_x0064_y0050.copc.laz
Success (21, 6): /local_ssd/output/las_4397026_3050920_x0064_y0050.copc.laz
Success (21, 1): /local_ssd/output/las_4397026_3045920_x0064_y0050.copc.laz
Success (21, 15): /local_ssd/output/las_4397026_3059920_x0064_y0050.copc.laz
Success (21, 14): /local_ssd/output/las_4397026_3058920_x0064_y0050.copc.laz
Success (21, 12): /local_ssd/output/las_4397026_3056920_x0064_y0050.copc.laz
Success (21, 3): /local_ssd/output/las_4397026_3047920_x0064_y0050.copc.laz
Success (21, 7): /local_ssd/output/las_4397026_3051920_x0064_y0050.copc.laz
Success (21, 8): /local_ssd/output/las_4397026_3052920_x0064_y0050.copc.laz
Success (21, 9): /local_ssd/output/las_4397026_3053920_x0064_y0050.copc.laz
Success (21, 23): /local_ssd/output/las_4397026_3067920_x0064_y0050.copc.laz
Success (21, 10): /local_ssd/output/las_4397026_3054920_x0064_y0050.copc.laz
Success (21, 11): /local_ssd/output/las_4397026_3055920_x0064_y0050.copc.laz
Success (21, 25): /local_ssd/output/las_4397026_3069920_x0064_y0050.copc.laz
Success (21, 2): /local_ssd/output/las_4397026_3046920_x0064_y0050.copc.laz
Success (21, 29): /local_ssd/output/las_4397026_3073920_x0064_y0050.copc.laz
Success (21, 24): /local_ssd/output/las_4397026_3068920_x0064_y0050.copc.laz
Success (21, 26): /local_ssd/output/las_4397026_3070920_x0064_y0050.copc.laz
Success (21, 19): /local_ssd/output/las_4397026_3063920_x0064_y0050.copc.laz
Success (21, 18): /local_ssd/output/las_4397026_3062920_x0064_y0050.copc.laz
Success (21, 27): /local_ssd/output/las_4397026_3071920_x0064_y0050.copc.laz
Success (21, 28): /local_ssd/output/las_4397026_3072920_x0064_y0050.copc.laz
Success (21, 20): /local_ssd/output/las_4397026_3064920_x0064_y0050.copc.laz
Success (21, 22): /local_ssd/output/las_4397026_3066920_x0064_y0050.copc.laz
Success (21, 21): /local_ssd/output/las_4397026_3065920_x0064_y0050.copc.laz
Processing successful. Syncing outputs to /user/pbasnet/u18501/th_data/Thuringia_processed_tiles/copc_tiles_X0064_Y0050...
Done at 2026-03-25 17:18:33
[cleanup] Removing /local/jobs/u18501_13125127/task_10
============ Job Information ===================================================
Submitted: 2026-03-25T16:48:44
Started: 2026-03-25T16:48:50
Ended: 2026-03-25T17:18:35
Elapsed: 30 min, Limit: 119 min, Difference: 89 min
CPUs: 192, Nodes: 1
Estimated Consumption: 36.00 core-hours
================================================================================
