================================================================================
JobID = 13101745
User = u18501, Account = nhr_ni_starter_24350
Partition = standard96, Nodelist = gfn2011
================================================================================
Extracting required input files from header cache for cube X0065_Y0048...
Traceback (most recent call last):
  File "<string>", line 4, in <module>
FileNotFoundError: [Errno 2] No such file or directory: '/local/jobs/u18501_13101745/static/header_cache_X0065_Y0048.pkl'
Copying 0 required files to local SSD...
rsync: change_dir "/mnt/data/Thuringia_2020_2025_tiles/" failed: No such file or directory (2)
rsync error: errors selecting input/output files, dirs (code 3) at flist.c(2113) [sender=3.1.3]
======================================================
Job Array ID : 1
Cube ID      : X0065_Y0048
Tile range   : 60 – 119
Workers      : 30
Node         : gfn2011
Start time   : 2026-03-24 12:50:36
======================================================
/opt/conda/envs/pdalenv/lib/python3.12/site-packages/osgeo/ogr.py:615: FutureWarning: Neither ogr.UseExceptions() nor ogr.DontUseExceptions() has been explicitly called. In GDAL 4.0, exceptions will be enabled by default.
  warnings.warn(
Traceback (most recent call last):
  File "/user/pbasnet/u18501/ForestPulse_processing/Test_options/pdal_pc_level_reprojection/pdal_pc_level_reprojection.py", line 259, in <module>
    main()
  File "/user/pbasnet/u18501/ForestPulse_processing/Test_options/pdal_pc_level_reprojection/pdal_pc_level_reprojection.py", line 158, in main
    raise RuntimeError(f"Cannot open {args.force_gpkg}")
RuntimeError: Cannot open /local_ssd/static/DE_force-cube_25832.gpkg
Job failed with exit code 1.
============ Job Information ===================================================
Submitted: 2026-03-24T12:50:12
Started: 2026-03-24T12:50:21
Ended: 2026-03-24T12:50:41
Elapsed: 1 min, Limit: 119 min, Difference: 118 min
CPUs: 192, Nodes: 1
Estimated Consumption: 1.60 core-hours
================================================================================
