================================================================================
JobID = 13125152
User = u18501, Account = nhr_ni_starter_24350
Partition = medium96s, Nodelist = c0056
================================================================================
Extracting required input files (tiles 780-839) for cube X0064_Y0051...
Copying 0 files to local SSD...
======================================================
Job Array ID : 13
Cube ID      : X0064_Y0051
Tile range   : 780 – 839
Input files  : 0
Workers      : 30
Node         : c0056
Temp dir     : /local/jobs/u18501_13125152/task_13
Start time   : 2026-03-25 16:49:40
======================================================
/opt/conda/envs/pdalenv/lib/python3.12/site-packages/osgeo/ogr.py:615: FutureWarning: Neither ogr.UseExceptions() nor ogr.DontUseExceptions() has been explicitly called. In GDAL 4.0, exceptions will be enabled by default.
  warnings.warn(
Projecting FORCE cube X0064_Y0051 geometry from EPSG:25832 to EPSG:3035...
FORCE cube X0064_Y0051 bounds (Aligned to EPSG:3035): (4376026.363042001, 3014919.607964999, 4406026.363042001, 3044919.607964999)
Node processing 54 subtiles with 30 workers.
Success (27, 2): /local_ssd/output/las_4403026_3016920_x0064_y0051.copc.laz
Success (27, 3): /local_ssd/output/las_4403026_3017920_x0064_y0051.copc.laz
Success (26, 10): /local_ssd/output/las_4402026_3024920_x0064_y0051.copc.laz
Success (26, 6): /local_ssd/output/las_4402026_3020920_x0064_y0051.copc.laz
Success (27, 5): /local_ssd/output/las_4403026_3019920_x0064_y0051.copc.laz
Success (26, 12): /local_ssd/output/las_4402026_3026920_x0064_y0051.copc.laz
Success (27, 6): /local_ssd/output/las_4403026_3020920_x0064_y0051.copc.laz
Success (26, 11): /local_ssd/output/las_4402026_3025920_x0064_y0051.copc.laz
Success (27, 4): /local_ssd/output/las_4403026_3018920_x0064_y0051.copc.laz
Success (26, 5): /local_ssd/output/las_4402026_3019920_x0064_y0051.copc.laz
Success (27, 7): /local_ssd/output/las_4403026_3021920_x0064_y0051.copc.laz
Success (26, 7): /local_ssd/output/las_4402026_3021920_x0064_y0051.copc.laz
Success (26, 4): /local_ssd/output/las_4402026_3018920_x0064_y0051.copc.laz
Success (27, 8): /local_ssd/output/las_4403026_3022920_x0064_y0051.copc.laz
Success (26, 29): /local_ssd/output/las_4402026_3043920_x0064_y0051.copc.laz
Success (26, 26): /local_ssd/output/las_4402026_3040920_x0064_y0051.copc.laz
Success (26, 20): /local_ssd/output/las_4402026_3034920_x0064_y0051.copc.laz
Success (26, 8): /local_ssd/output/las_4402026_3022920_x0064_y0051.copc.laz
Success (26, 13): /local_ssd/output/las_4402026_3027920_x0064_y0051.copc.laz
Success (26, 28): /local_ssd/output/las_4402026_3042920_x0064_y0051.copc.laz
Success (26, 21): /local_ssd/output/las_4402026_3035920_x0064_y0051.copc.laz
Success (26, 9): /local_ssd/output/las_4402026_3023920_x0064_y0051.copc.laz
Success (26, 17): /local_ssd/output/las_4402026_3031920_x0064_y0051.copc.laz
Success (26, 24): /local_ssd/output/las_4402026_3038920_x0064_y0051.copc.laz
Success (26, 18): /local_ssd/output/las_4402026_3032920_x0064_y0051.copc.laz
Success (26, 25): /local_ssd/output/las_4402026_3039920_x0064_y0051.copc.laz
Success (26, 23): /local_ssd/output/las_4402026_3037920_x0064_y0051.copc.laz
Success (26, 22): /local_ssd/output/las_4402026_3036920_x0064_y0051.copc.laz
Success (26, 19): /local_ssd/output/las_4402026_3033920_x0064_y0051.copc.laz
Success (26, 16): /local_ssd/output/las_4402026_3030920_x0064_y0051.copc.laz
Success (26, 14): /local_ssd/output/las_4402026_3028920_x0064_y0051.copc.laz
Success (26, 27): /local_ssd/output/las_4402026_3041920_x0064_y0051.copc.laz
Success (26, 15): /local_ssd/output/las_4402026_3029920_x0064_y0051.copc.laz
Success (27, 10): /local_ssd/output/las_4403026_3024920_x0064_y0051.copc.laz
Success (27, 11): /local_ssd/output/las_4403026_3025920_x0064_y0051.copc.laz
Success (27, 12): /local_ssd/output/las_4403026_3026920_x0064_y0051.copc.laz
Success (27, 9): /local_ssd/output/las_4403026_3023920_x0064_y0051.copc.laz
Success (27, 24): /local_ssd/output/las_4403026_3038920_x0064_y0051.copc.laz
Success (27, 21): /local_ssd/output/las_4403026_3035920_x0064_y0051.copc.laz
Success (27, 29): /local_ssd/output/las_4403026_3043920_x0064_y0051.copc.laz
Success (27, 25): /local_ssd/output/las_4403026_3039920_x0064_y0051.copc.laz
Success (27, 28): /local_ssd/output/las_4403026_3042920_x0064_y0051.copc.laz
Success (27, 19): /local_ssd/output/las_4403026_3033920_x0064_y0051.copc.laz
Success (27, 18): /local_ssd/output/las_4403026_3032920_x0064_y0051.copc.laz
Success (27, 20): /local_ssd/output/las_4403026_3034920_x0064_y0051.copc.laz
Success (27, 15): /local_ssd/output/las_4403026_3029920_x0064_y0051.copc.laz
Success (27, 16): /local_ssd/output/las_4403026_3030920_x0064_y0051.copc.laz
Success (27, 17): /local_ssd/output/las_4403026_3031920_x0064_y0051.copc.laz
Success (27, 14): /local_ssd/output/las_4403026_3028920_x0064_y0051.copc.laz
Success (27, 26): /local_ssd/output/las_4403026_3040920_x0064_y0051.copc.laz
Success (27, 22): /local_ssd/output/las_4403026_3036920_x0064_y0051.copc.laz
Success (27, 27): /local_ssd/output/las_4403026_3041920_x0064_y0051.copc.laz
Success (27, 23): /local_ssd/output/las_4403026_3037920_x0064_y0051.copc.laz
Success (27, 13): /local_ssd/output/las_4403026_3027920_x0064_y0051.copc.laz
Processing successful. Syncing outputs to /user/pbasnet/u18501/th_data/Thuringia_processed_tiles/copc_tiles_X0064_Y0051...
Done at 2026-03-25 17:16:23
[cleanup] Removing /local/jobs/u18501_13125152/task_13
============ Job Information ===================================================
Submitted: 2026-03-25T16:48:49
Started: 2026-03-25T16:49:32
Ended: 2026-03-25T17:16:24
Elapsed: 27 min, Limit: 119 min, Difference: 92 min
CPUs: 192, Nodes: 1
Estimated Consumption: 32.40 core-hours
================================================================================
