================================================================================
JobID = 13103617
User = u18501, Account = nhr_ni_starter_24350
Partition = medium96s, Nodelist = c0057
================================================================================
Extracting required input files (tiles 180-239) for cube X0064_Y0050...
Copying 60 files to local SSD...
======================================================
Job Array ID : 3
Cube ID      : X0064_Y0050
Tile range   : 180 – 239
Input files  : 60
Workers      : 30
Node         : c0057
Temp dir     : /local/jobs/u18501_13103617/task_3
Start time   : 2026-03-24 15:17:19
======================================================
/opt/conda/envs/pdalenv/lib/python3.12/site-packages/osgeo/ogr.py:615: FutureWarning: Neither ogr.UseExceptions() nor ogr.DontUseExceptions() has been explicitly called. In GDAL 4.0, exceptions will be enabled by default.
  warnings.warn(
Projecting FORCE cube X0064_Y0050 geometry from EPSG:25832 to EPSG:3035...
FORCE cube X0064_Y0050 bounds (Aligned to EPSG:3035): (4376026.363042001, 3044919.6079649986, 4406026.363042001, 3074919.607965001)
Node processing 60 subtiles with 30 workers.
Error (6, 0): [Errno 2] No such file or directory: '/mnt/data/Thuringia_2020_2025_tiles/las_32_631_5597_1_th_2020-2025.laz'
Error (6, 5): [Errno 2] No such file or directory: '/mnt/data/Thuringia_2020_2025_tiles/las_32_632_5602_1_th_2020-2025.laz'
Error (6, 4): [Errno 2] No such file or directory: '/mnt/data/Thuringia_2020_2025_tiles/las_32_631_5601_1_th_2020-2025.laz'
Error (6, 2): [Errno 2] No such file or directory: '/mnt/data/Thuringia_2020_2025_tiles/las_32_632_5599_1_th_2020-2025.laz'
Error (6, 9): [Errno 2] No such file or directory: '/mnt/data/Thuringia_2020_2025_tiles/las_32_632_5606_1_th_2020-2025.laz'
Error (6, 6): [Errno 2] No such file or directory: '/mnt/data/Thuringia_2020_2025_tiles/las_32_631_5603_1_th_2020-2025.laz'
Error (6, 1): [Errno 2] No such file or directory: '/mnt/data/Thuringia_2020_2025_tiles/las_32_632_5598_1_th_2020-2025.laz'
Error (6, 10): [Errno 2] No such file or directory: '/mnt/data/Thuringia_2020_2025_tiles/las_32_631_5607_1_th_2020-2025.laz'
Error (6, 8): [Errno 2] No such file or directory: '/mnt/data/Thuringia_2020_2025_tiles/las_32_631_5605_1_th_2020-2025.laz'
Error (6, 7): [Errno 2] No such file or directory: '/mnt/data/Thuringia_2020_2025_tiles/las_32_632_5604_1_th_2020-2025.laz'
Error (6, 3): [Errno 2] No such file or directory: '/mnt/data/Thuringia_2020_2025_tiles/las_32_631_5600_1_th_2020-2025.laz'
Error (6, 11): [Errno 2] No such file or directory: '/mnt/data/Thuringia_2020_2025_tiles/las_32_632_5608_1_th_2020-2025.laz'
Error (6, 12): [Errno 2] No such file or directory: '/mnt/data/Thuringia_2020_2025_tiles/las_32_632_5609_1_th_2020-2025.laz'
Error (6, 13): [Errno 2] No such file or directory: '/mnt/data/Thuringia_2020_2025_tiles/las_32_631_5610_1_th_2020-2025.laz'
Error (6, 14): [Errno 2] No such file or directory: '/mnt/data/Thuringia_2020_2025_tiles/las_32_631_5611_1_th_2020-2025.laz'
Error (6, 15): [Errno 2] No such file or directory: '/mnt/data/Thuringia_2020_2025_tiles/las_32_631_5612_1_th_2020-2025.laz'
Error (6, 16): [Errno 2] No such file or directory: '/mnt/data/Thuringia_2020_2025_tiles/las_32_632_5613_1_th_2020-2025.laz'
Error (6, 17): [Errno 2] No such file or directory: '/mnt/data/Thuringia_2020_2025_tiles/las_32_631_5614_1_th_2020-2025.laz'
Error (6, 18): [Errno 2] No such file or directory: '/mnt/data/Thuringia_2020_2025_tiles/las_32_631_5616_1_th_2020-2025.laz'
Error (6, 19): [Errno 2] No such file or directory: '/mnt/data/Thuringia_2020_2025_tiles/las_32_631_5616_1_th_2020-2025.laz'
Error (6, 20): [Errno 2] No such file or directory: '/mnt/data/Thuringia_2020_2025_tiles/las_32_631_5617_1_th_2020-2025.laz'
Error (6, 21): [Errno 2] No such file or directory: '/mnt/data/Thuringia_2020_2025_tiles/las_32_631_5618_1_th_2020-2025.laz'
Error (6, 24): [Errno 2] No such file or directory: '/mnt/data/Thuringia_2020_2025_tiles/las_32_631_5622_1_th_2020-2025.laz'
Error (6, 22): [Errno 2] No such file or directory: '/mnt/data/Thuringia_2020_2025_tiles/las_32_631_5619_1_th_2020-2025.laz'
Error (6, 25): [Errno 2] No such file or directory: '/mnt/data/Thuringia_2020_2025_tiles/las_32_631_5622_1_th_2020-2025.laz'
Error (6, 23): [Errno 2] No such file or directory: '/mnt/data/Thuringia_2020_2025_tiles/las_32_632_5620_1_th_2020-2025.laz'
Error (6, 27): [Errno 2] No such file or directory: '/mnt/data/Thuringia_2020_2025_tiles/las_32_631_5624_1_th_2020-2025.laz'
Error (7, 0): [Errno 2] No such file or directory: '/mnt/data/Thuringia_2020_2025_tiles/las_32_633_5597_1_th_2020-2025.laz'
Error (6, 26): [Errno 2] No such file or directory: '/mnt/data/Thuringia_2020_2025_tiles/las_32_631_5623_1_th_2020-2025.laz'
Error (6, 29): [Errno 2] No such file or directory: '/mnt/data/Thuringia_2020_2025_tiles/las_32_632_5626_1_th_2020-2025.laz'
Error (7, 1): [Errno 2] No such file or directory: '/mnt/data/Thuringia_2020_2025_tiles/las_32_633_5598_1_th_2020-2025.laz'
Error (7, 3): [Errno 2] No such file or directory: '/mnt/data/Thuringia_2020_2025_tiles/las_32_633_5600_1_th_2020-2025.laz'
Error (7, 2): [Errno 2] No such file or directory: '/mnt/data/Thuringia_2020_2025_tiles/las_32_633_5599_1_th_2020-2025.laz'
Error (6, 28): [Errno 2] No such file or directory: '/mnt/data/Thuringia_2020_2025_tiles/las_32_631_5625_1_th_2020-2025.laz'
Error (7, 4): [Errno 2] No such file or directory: '/mnt/data/Thuringia_2020_2025_tiles/las_32_632_5601_1_th_2020-2025.laz'
Error (7, 5): [Errno 2] No such file or directory: '/mnt/data/Thuringia_2020_2025_tiles/las_32_632_5602_1_th_2020-2025.laz'
Error (7, 7): [Errno 2] No such file or directory: '/mnt/data/Thuringia_2020_2025_tiles/las_32_632_5604_1_th_2020-2025.laz'
Error (7, 8): [Errno 2] No such file or directory: '/mnt/data/Thuringia_2020_2025_tiles/las_32_632_5605_1_th_2020-2025.laz'
Error (7, 6): [Errno 2] No such file or directory: '/mnt/data/Thuringia_2020_2025_tiles/las_32_632_5603_1_th_2020-2025.laz'
Error (7, 9): [Errno 2] No such file or directory: '/mnt/data/Thuringia_2020_2025_tiles/las_32_632_5606_1_th_2020-2025.laz'
Error (7, 10): [Errno 2] No such file or directory: '/mnt/data/Thuringia_2020_2025_tiles/las_32_633_5607_1_th_2020-2025.laz'
Error (7, 11): [Errno 2] No such file or directory: '/mnt/data/Thuringia_2020_2025_tiles/las_32_632_5608_1_th_2020-2025.laz'
Error (7, 12): [Errno 2] No such file or directory: '/mnt/data/Thuringia_2020_2025_tiles/las_32_633_5609_1_th_2020-2025.laz'
Error (7, 13): [Errno 2] No such file or directory: '/mnt/data/Thuringia_2020_2025_tiles/las_32_633_5610_1_th_2020-2025.laz'
Error (7, 14): [Errno 2] No such file or directory: '/mnt/data/Thuringia_2020_2025_tiles/las_32_632_5611_1_th_2020-2025.laz'
Error (7, 15): [Errno 2] No such file or directory: '/mnt/data/Thuringia_2020_2025_tiles/las_32_632_5612_1_th_2020-2025.laz'
Error (7, 16): [Errno 2] No such file or directory: '/mnt/data/Thuringia_2020_2025_tiles/las_32_632_5613_1_th_2020-2025.laz'
Error (7, 17): [Errno 2] No such file or directory: '/mnt/data/Thuringia_2020_2025_tiles/las_32_632_5614_1_th_2020-2025.laz'
Error (7, 18): [Errno 2] No such file or directory: '/mnt/data/Thuringia_2020_2025_tiles/las_32_632_5615_1_th_2020-2025.laz'
Error (7, 19): [Errno 2] No such file or directory: '/mnt/data/Thuringia_2020_2025_tiles/las_32_633_5616_1_th_2020-2025.laz'
Error (7, 20): [Errno 2] No such file or directory: '/mnt/data/Thuringia_2020_2025_tiles/las_32_633_5617_1_th_2020-2025.laz'
Error (7, 21): [Errno 2] No such file or directory: '/mnt/data/Thuringia_2020_2025_tiles/las_32_633_5618_1_th_2020-2025.laz'
Error (7, 22): [Errno 2] No such file or directory: '/mnt/data/Thuringia_2020_2025_tiles/las_32_633_5619_1_th_2020-2025.laz'
Error (7, 23): [Errno 2] No such file or directory: '/mnt/data/Thuringia_2020_2025_tiles/las_32_632_5620_1_th_2020-2025.laz'
Error (7, 24): [Errno 2] No such file or directory: '/mnt/data/Thuringia_2020_2025_tiles/las_32_633_5621_1_th_2020-2025.laz'
Error (7, 27): [Errno 2] No such file or directory: '/mnt/data/Thuringia_2020_2025_tiles/las_32_633_5624_1_th_2020-2025.laz'
Error (7, 25): [Errno 2] No such file or directory: '/mnt/data/Thuringia_2020_2025_tiles/las_32_633_5622_1_th_2020-2025.laz'
Error (7, 26): [Errno 2] No such file or directory: '/mnt/data/Thuringia_2020_2025_tiles/las_32_633_5623_1_th_2020-2025.laz'
Error (7, 28): [Errno 2] No such file or directory: '/mnt/data/Thuringia_2020_2025_tiles/las_32_632_5625_1_th_2020-2025.laz'
Error (7, 29): [Errno 2] No such file or directory: '/mnt/data/Thuringia_2020_2025_tiles/las_32_632_5626_1_th_2020-2025.laz'
Processing successful. Syncing outputs to /user/pbasnet/u18501/th_data/Thuringia_processed_tiles/copc_tiles_X0064_Y0050...
Done at 2026-03-24 15:17:23
[cleanup] Removing /local/jobs/u18501_13103617/task_3
============ Job Information ===================================================
Submitted: 2026-03-24T15:15:04
Started: 2026-03-24T15:15:38
Ended: 2026-03-24T15:17:25
Elapsed: 2 min, Limit: 119 min, Difference: 117 min
CPUs: 192, Nodes: 1
Estimated Consumption: 2.40 core-hours
================================================================================
