================================================================================
JobID = 13103951
User = u18501, Account = nhr_ni_starter_24350
Partition = medium96s, Nodelist = c0107
================================================================================
Extracting required input files (tiles 300-359) for cube X0065_Y0048...
Copying 60 files to local SSD...
======================================================
Job Array ID : 5
Cube ID      : X0065_Y0048
Tile range   : 300 – 359
Input files  : 60
Workers      : 30
Node         : c0107
Temp dir     : /local/jobs/u18501_13103951/task_5
Start time   : 2026-03-24 15:35:15
======================================================
/opt/conda/envs/pdalenv/lib/python3.12/site-packages/osgeo/ogr.py:615: FutureWarning: Neither ogr.UseExceptions() nor ogr.DontUseExceptions() has been explicitly called. In GDAL 4.0, exceptions will be enabled by default.
  warnings.warn(
Projecting FORCE cube X0065_Y0048 geometry from EPSG:25832 to EPSG:3035...
FORCE cube X0065_Y0048 bounds (Aligned to EPSG:3035): (4406026.363042001, 3104919.607964999, 4436026.363042001, 3134919.607965)
Node processing 60 subtiles with 30 workers.
Error (10, 4): [Errno 2] No such file or directory: '/mnt/data/las_32_665_5661_1_th_2020-2025.laz'
Error (10, 6): [Errno 2] No such file or directory: '/mnt/data/las_32_665_5663_1_th_2020-2025.laz'
Error (10, 5): [Errno 2] No such file or directory: '/mnt/data/las_32_665_5662_1_th_2020-2025.laz'
Error (10, 2): [Errno 2] No such file or directory: '/mnt/data/las_32_666_5659_1_th_2020-2025.laz'
Error (10, 1): [Errno 2] No such file or directory: '/mnt/data/las_32_665_5658_1_th_2020-2025.laz'
Error (10, 3): [Errno 2] No such file or directory: '/mnt/data/las_32_666_5660_1_th_2020-2025.laz'
Error (10, 0): [Errno 2] No such file or directory: '/mnt/data/las_32_666_5657_1_th_2020-2025.laz'
Error (10, 8): [Errno 2] No such file or directory: '/mnt/data/las_32_664_5665_1_th_2020-2025.laz'
Error (10, 9): [Errno 2] No such file or directory: '/mnt/data/las_32_665_5666_1_th_2020-2025.laz'
Error (10, 10): [Errno 2] No such file or directory: '/mnt/data/las_32_665_5667_1_th_2020-2025.laz'
Error (10, 11): [Errno 2] No such file or directory: '/mnt/data/las_32_665_5668_1_th_2020-2025.laz'
Error (10, 15): [Errno 2] No such file or directory: '/mnt/data/las_32_665_5672_1_th_2020-2025.laz'
Error (10, 14): [Errno 2] No such file or directory: '/mnt/data/las_32_665_5671_1_th_2020-2025.laz'
Error (10, 19): [Errno 2] No such file or directory: '/mnt/data/las_32_665_5676_1_th_2020-2025.laz'
Error (10, 12): [Errno 2] No such file or directory: '/mnt/data/las_32_665_5669_1_th_2020-2025.laz'
Error (10, 18): [Errno 2] No such file or directory: '/mnt/data/las_32_664_5675_1_th_2020-2025.laz'
Error (10, 13): [Errno 2] No such file or directory: '/mnt/data/las_32_664_5670_1_th_2020-2025.laz'
Error (10, 17): [Errno 2] No such file or directory: '/mnt/data/las_32_664_5674_1_th_2020-2025.laz'
Error (10, 7): [Errno 2] No such file or directory: '/mnt/data/las_32_665_5664_1_th_2020-2025.laz'
Error (10, 20): [Errno 2] No such file or directory: '/mnt/data/las_32_665_5677_1_th_2020-2025.laz'
Error (10, 22): [Errno 2] No such file or directory: '/mnt/data/las_32_665_5679_1_th_2020-2025.laz'
Error (10, 24): [Errno 2] No such file or directory: '/mnt/data/las_32_665_5681_1_th_2020-2025.laz'
Error (10, 21): [Errno 2] No such file or directory: '/mnt/data/las_32_665_5678_1_th_2020-2025.laz'
Error (10, 16): [Errno 2] No such file or directory: '/mnt/data/las_32_664_5673_1_th_2020-2025.laz'
Error (10, 26): [Errno 2] No such file or directory: '/mnt/data/las_32_665_5683_1_th_2020-2025.laz'
Error (10, 25): [Errno 2] No such file or directory: '/mnt/data/las_32_665_5682_1_th_2020-2025.laz'
Error (10, 23): [Errno 2] No such file or directory: '/mnt/data/las_32_665_5680_1_th_2020-2025.laz'
Error (10, 29): [Errno 2] No such file or directory: '/mnt/data/las_32_664_5686_1_th_2020-2025.laz'
Error (10, 28): [Errno 2] No such file or directory: '/mnt/data/las_32_664_5685_1_th_2020-2025.laz'
Error (10, 27): [Errno 2] No such file or directory: '/mnt/data/las_32_665_5684_1_th_2020-2025.laz'
Error (11, 0): [Errno 2] No such file or directory: '/mnt/data/las_32_666_5657_1_th_2020-2025.laz'
Error (11, 2): [Errno 2] No such file or directory: '/mnt/data/las_32_666_5659_1_th_2020-2025.laz'
Error (11, 5): [Errno 2] No such file or directory: '/mnt/data/las_32_665_5663_1_th_2020-2025.laz'
Error (11, 6): [Errno 2] No such file or directory: '/mnt/data/las_32_665_5663_1_th_2020-2025.laz'
Error (11, 1): [Errno 2] No such file or directory: '/mnt/data/las_32_666_5658_1_th_2020-2025.laz'
Error (11, 3): [Errno 2] No such file or directory: '/mnt/data/las_32_667_5660_1_th_2020-2025.laz'
Error (11, 7): [Errno 2] No such file or directory: '/mnt/data/las_32_666_5664_1_th_2020-2025.laz'
Error (11, 14): [Errno 2] No such file or directory: '/mnt/data/las_32_665_5671_1_th_2020-2025.laz'
Error (11, 8): [Errno 2] No such file or directory: '/mnt/data/las_32_666_5666_1_th_2020-2025.laz'
Error (11, 4): [Errno 2] No such file or directory: '/mnt/data/las_32_667_5661_1_th_2020-2025.laz'
Error (11, 10): [Errno 2] No such file or directory: '/mnt/data/las_32_666_5667_1_th_2020-2025.laz'
Error (11, 9): [Errno 2] No such file or directory: '/mnt/data/las_32_666_5666_1_th_2020-2025.laz'
Error (11, 23): [Errno 2] No such file or directory: '/mnt/data/las_32_665_5680_1_th_2020-2025.laz'
Error (11, 13): [Errno 2] No such file or directory: '/mnt/data/las_32_666_5670_1_th_2020-2025.laz'
Error (11, 22): [Errno 2] No such file or directory: '/mnt/data/las_32_665_5679_1_th_2020-2025.laz'
Error (11, 12): [Errno 2] No such file or directory: '/mnt/data/las_32_666_5669_1_th_2020-2025.laz'
Error (11, 27): [Errno 2] No such file or directory: '/mnt/data/las_32_665_5684_1_th_2020-2025.laz'
Error (11, 25): [Errno 2] No such file or directory: '/mnt/data/las_32_665_5682_1_th_2020-2025.laz'
Error (11, 26): [Errno 2] No such file or directory: '/mnt/data/las_32_665_5683_1_th_2020-2025.laz'
Error (11, 18): [Errno 2] No such file or directory: '/mnt/data/las_32_665_5675_1_th_2020-2025.laz'
Error (11, 11): [Errno 2] No such file or directory: '/mnt/data/las_32_666_5668_1_th_2020-2025.laz'
Error (11, 17): [Errno 2] No such file or directory: '/mnt/data/las_32_665_5674_1_th_2020-2025.laz'
Error (11, 19): [Errno 2] No such file or directory: '/mnt/data/las_32_666_5676_1_th_2020-2025.laz'
Error (11, 15): [Errno 2] No such file or directory: '/mnt/data/las_32_666_5672_1_th_2020-2025.laz'
Error (11, 16): [Errno 2] No such file or directory: '/mnt/data/las_32_666_5673_1_th_2020-2025.laz'
Error (11, 20): [Errno 2] No such file or directory: '/mnt/data/las_32_666_5678_1_th_2020-2025.laz'
Error (11, 21): [Errno 2] No such file or directory: '/mnt/data/las_32_666_5678_1_th_2020-2025.laz'
Error (11, 29): [Errno 2] No such file or directory: '/mnt/data/las_32_665_5686_1_th_2020-2025.laz'
Error (11, 28): [Errno 2] No such file or directory: '/mnt/data/las_32_665_5685_1_th_2020-2025.laz'
Error (11, 24): [Errno 2] No such file or directory: '/mnt/data/las_32_666_5681_1_th_2020-2025.laz'
Processing successful. Syncing outputs to /user/pbasnet/u18501/th_data/Thuringia_processed_tiles/copc_tiles_X0065_Y0048...
Done at 2026-03-24 15:35:20
[cleanup] Removing /local/jobs/u18501_13103951/task_5
============ Job Information ===================================================
Submitted: 2026-03-24T15:34:03
Started: 2026-03-24T15:34:04
Ended: 2026-03-24T15:37:17
Elapsed: 4 min, Limit: 119 min, Difference: 115 min
CPUs: 192, Nodes: 1
Estimated Consumption: 4.80 core-hours
================================================================================
