================================================================================
JobID = 13125129
User = u18501, Account = nhr_ni_starter_24350
Partition = medium96s, Nodelist = c0051
================================================================================
Extracting required input files (tiles 720-779) for cube X0064_Y0050...
Copying 60 files to local SSD...
======================================================
Job Array ID : 12
Cube ID      : X0064_Y0050
Tile range   : 720 – 779
Input files  : 60
Workers      : 30
Node         : c0051
Temp dir     : /local/jobs/u18501_13125129/task_12
Start time   : 2026-03-25 16:50:21
======================================================
/opt/conda/envs/pdalenv/lib/python3.12/site-packages/osgeo/ogr.py:615: FutureWarning: Neither ogr.UseExceptions() nor ogr.DontUseExceptions() has been explicitly called. In GDAL 4.0, exceptions will be enabled by default.
  warnings.warn(
Projecting FORCE cube X0064_Y0050 geometry from EPSG:25832 to EPSG:3035...
FORCE cube X0064_Y0050 bounds (Aligned to EPSG:3035): (4376026.363042001, 3044919.6079649986, 4406026.363042001, 3074919.607965001)
Node processing 60 subtiles with 30 workers.
Success (24, 12): /local_ssd/output/las_4400026_3056920_x0064_y0050.copc.laz
Success (24, 27): /local_ssd/output/las_4400026_3071920_x0064_y0050.copc.laz
Success (24, 26): /local_ssd/output/las_4400026_3070920_x0064_y0050.copc.laz
Success (24, 25): /local_ssd/output/las_4400026_3069920_x0064_y0050.copc.laz
Success (24, 14): /local_ssd/output/las_4400026_3058920_x0064_y0050.copc.laz
Success (24, 13): /local_ssd/output/las_4400026_3057920_x0064_y0050.copc.laz
Success (24, 24): /local_ssd/output/las_4400026_3068920_x0064_y0050.copc.laz
Success (24, 16): /local_ssd/output/las_4400026_3060920_x0064_y0050.copc.laz
Success (24, 6): /local_ssd/output/las_4400026_3050920_x0064_y0050.copc.laz
Success (24, 5): /local_ssd/output/las_4400026_3049920_x0064_y0050.copc.laz
Success (24, 17): /local_ssd/output/las_4400026_3061920_x0064_y0050.copc.laz
Success (24, 4): /local_ssd/output/las_4400026_3048920_x0064_y0050.copc.laz
Success (24, 7): /local_ssd/output/las_4400026_3051920_x0064_y0050.copc.laz
Success (24, 9): /local_ssd/output/las_4400026_3053920_x0064_y0050.copc.laz
Success (24, 18): /local_ssd/output/las_4400026_3062920_x0064_y0050.copc.laz
Success (24, 19): /local_ssd/output/las_4400026_3063920_x0064_y0050.copc.laz
Success (24, 10): /local_ssd/output/las_4400026_3054920_x0064_y0050.copc.laz
Success (24, 23): /local_ssd/output/las_4400026_3067920_x0064_y0050.copc.laz
Success (24, 2): /local_ssd/output/las_4400026_3046920_x0064_y0050.copc.laz
Success (24, 0): /local_ssd/output/las_4400026_3044920_x0064_y0050.copc.laz
Success (24, 1): /local_ssd/output/las_4400026_3045920_x0064_y0050.copc.laz
Success (24, 20): /local_ssd/output/las_4400026_3064920_x0064_y0050.copc.laz
Success (24, 11): /local_ssd/output/las_4400026_3055920_x0064_y0050.copc.laz
Success (24, 28): /local_ssd/output/las_4400026_3072920_x0064_y0050.copc.laz
Success (24, 29): /local_ssd/output/las_4400026_3073920_x0064_y0050.copc.laz
Success (24, 8): /local_ssd/output/las_4400026_3052920_x0064_y0050.copc.laz
Success (24, 15): /local_ssd/output/las_4400026_3059920_x0064_y0050.copc.laz
Success (24, 3): /local_ssd/output/las_4400026_3047920_x0064_y0050.copc.laz
Success (24, 21): /local_ssd/output/las_4400026_3065920_x0064_y0050.copc.laz
Success (24, 22): /local_ssd/output/las_4400026_3066920_x0064_y0050.copc.laz
Success (25, 5): /local_ssd/output/las_4401026_3049920_x0064_y0050.copc.laz
Success (25, 0): /local_ssd/output/las_4401026_3044920_x0064_y0050.copc.laz
Success (25, 6): /local_ssd/output/las_4401026_3050920_x0064_y0050.copc.laz
Success (25, 8): /local_ssd/output/las_4401026_3052920_x0064_y0050.copc.laz
Success (25, 2): /local_ssd/output/las_4401026_3046920_x0064_y0050.copc.laz
Success (25, 4): /local_ssd/output/las_4401026_3048920_x0064_y0050.copc.laz
Success (25, 14): /local_ssd/output/las_4401026_3058920_x0064_y0050.copc.laz
Success (25, 1): /local_ssd/output/las_4401026_3045920_x0064_y0050.copc.laz
Success (25, 16): /local_ssd/output/las_4401026_3060920_x0064_y0050.copc.laz
Success (25, 7): /local_ssd/output/las_4401026_3051920_x0064_y0050.copc.laz
Success (25, 25): /local_ssd/output/las_4401026_3069920_x0064_y0050.copc.laz
Success (25, 17): /local_ssd/output/las_4401026_3061920_x0064_y0050.copc.laz
Success (25, 27): /local_ssd/output/las_4401026_3071920_x0064_y0050.copc.laz
Success (25, 12): /local_ssd/output/las_4401026_3056920_x0064_y0050.copc.laz
Success (25, 26): /local_ssd/output/las_4401026_3070920_x0064_y0050.copc.laz
Success (25, 24): /local_ssd/output/las_4401026_3068920_x0064_y0050.copc.laz
Success (25, 28): /local_ssd/output/las_4401026_3072920_x0064_y0050.copc.laz
Success (25, 9): /local_ssd/output/las_4401026_3053920_x0064_y0050.copc.laz
Success (25, 13): /local_ssd/output/las_4401026_3057920_x0064_y0050.copc.laz
Success (25, 3): /local_ssd/output/las_4401026_3047920_x0064_y0050.copc.laz
Success (25, 19): /local_ssd/output/las_4401026_3063920_x0064_y0050.copc.laz
Success (25, 10): /local_ssd/output/las_4401026_3054920_x0064_y0050.copc.laz
Success (25, 20): /local_ssd/output/las_4401026_3064920_x0064_y0050.copc.laz
Success (25, 15): /local_ssd/output/las_4401026_3059920_x0064_y0050.copc.laz
Success (25, 11): /local_ssd/output/las_4401026_3055920_x0064_y0050.copc.laz
Success (25, 29): /local_ssd/output/las_4401026_3073920_x0064_y0050.copc.laz
Success (25, 23): /local_ssd/output/las_4401026_3067920_x0064_y0050.copc.laz
Success (25, 21): /local_ssd/output/las_4401026_3065920_x0064_y0050.copc.laz
Success (25, 18): /local_ssd/output/las_4401026_3062920_x0064_y0050.copc.laz
Success (25, 22): /local_ssd/output/las_4401026_3066920_x0064_y0050.copc.laz
Processing successful. Syncing outputs to /user/pbasnet/u18501/th_data/Thuringia_processed_tiles/copc_tiles_X0064_Y0050...
Done at 2026-03-25 17:18:41
[cleanup] Removing /local/jobs/u18501_13125129/task_12
============ Job Information ===================================================
Submitted: 2026-03-25T16:48:44
Started: 2026-03-25T16:48:50
Ended: 2026-03-25T17:18:43
Elapsed: 30 min, Limit: 119 min, Difference: 89 min
CPUs: 192, Nodes: 1
Estimated Consumption: 36.00 core-hours
================================================================================
