================================================================================
JobID = 13125147
User = u18501, Account = nhr_ni_starter_24350
Partition = medium96s, Nodelist = c0031
================================================================================
Extracting required input files (tiles 480-539) for cube X0064_Y0051...
Copying 60 files to local SSD...
======================================================
Job Array ID : 8
Cube ID      : X0064_Y0051
Tile range   : 480 – 539
Input files  : 60
Workers      : 30
Node         : c0031
Temp dir     : /local/jobs/u18501_13125147/task_8
Start time   : 2026-03-25 16:51:34
======================================================
/opt/conda/envs/pdalenv/lib/python3.12/site-packages/osgeo/ogr.py:615: FutureWarning: Neither ogr.UseExceptions() nor ogr.DontUseExceptions() has been explicitly called. In GDAL 4.0, exceptions will be enabled by default.
  warnings.warn(
Projecting FORCE cube X0064_Y0051 geometry from EPSG:25832 to EPSG:3035...
FORCE cube X0064_Y0051 bounds (Aligned to EPSG:3035): (4376026.363042001, 3014919.607964999, 4406026.363042001, 3044919.607964999)
Node processing 39 subtiles with 30 workers.
Success (17, 10): /local_ssd/output/las_4393026_3024920_x0064_y0051.copc.laz
Success (17, 11): /local_ssd/output/las_4393026_3025920_x0064_y0051.copc.laz
Success (16, 11): /local_ssd/output/las_4392026_3025920_x0064_y0051.copc.laz
Success (17, 15): /local_ssd/output/las_4393026_3029920_x0064_y0051.copc.laz
Success (16, 28): /local_ssd/output/las_4392026_3042920_x0064_y0051.copc.laz
Success (16, 14): /local_ssd/output/las_4392026_3028920_x0064_y0051.copc.laz
Success (16, 15): /local_ssd/output/las_4392026_3029920_x0064_y0051.copc.laz
Success (17, 12): /local_ssd/output/las_4393026_3026920_x0064_y0051.copc.laz
Success (17, 14): /local_ssd/output/las_4393026_3028920_x0064_y0051.copc.laz
Success (16, 12): /local_ssd/output/las_4392026_3026920_x0064_y0051.copc.laz
Success (16, 26): /local_ssd/output/las_4392026_3040920_x0064_y0051.copc.laz
Success (16, 29): /local_ssd/output/las_4392026_3043920_x0064_y0051.copc.laz
Success (16, 18): /local_ssd/output/las_4392026_3032920_x0064_y0051.copc.laz
Success (16, 16): /local_ssd/output/las_4392026_3030920_x0064_y0051.copc.laz
Success (16, 17): /local_ssd/output/las_4392026_3031920_x0064_y0051.copc.laz
Success (17, 16): /local_ssd/output/las_4393026_3030920_x0064_y0051.copc.laz
Success (16, 13): /local_ssd/output/las_4392026_3027920_x0064_y0051.copc.laz
Success (17, 20): /local_ssd/output/las_4393026_3034920_x0064_y0051.copc.laz
Success (17, 17): /local_ssd/output/las_4393026_3031920_x0064_y0051.copc.laz
Success (17, 13): /local_ssd/output/las_4393026_3027920_x0064_y0051.copc.laz
Success (17, 18): /local_ssd/output/las_4393026_3032920_x0064_y0051.copc.laz
Success (16, 23): /local_ssd/output/las_4392026_3037920_x0064_y0051.copc.laz
Success (17, 19): /local_ssd/output/las_4393026_3033920_x0064_y0051.copc.laz
Success (16, 22): /local_ssd/output/las_4392026_3036920_x0064_y0051.copc.laz
Success (16, 27): /local_ssd/output/las_4392026_3041920_x0064_y0051.copc.laz
Success (16, 20): /local_ssd/output/las_4392026_3034920_x0064_y0051.copc.laz
Success (17, 22): /local_ssd/output/las_4393026_3036920_x0064_y0051.copc.laz
Success (16, 21): /local_ssd/output/las_4392026_3035920_x0064_y0051.copc.laz
Success (16, 19): /local_ssd/output/las_4392026_3033920_x0064_y0051.copc.laz
Success (16, 25): /local_ssd/output/las_4392026_3039920_x0064_y0051.copc.laz
Success (17, 23): /local_ssd/output/las_4393026_3037920_x0064_y0051.copc.laz
Success (16, 24): /local_ssd/output/las_4392026_3038920_x0064_y0051.copc.laz
Success (17, 21): /local_ssd/output/las_4393026_3035920_x0064_y0051.copc.laz
Success (17, 27): /local_ssd/output/las_4393026_3041920_x0064_y0051.copc.laz
Success (17, 26): /local_ssd/output/las_4393026_3040920_x0064_y0051.copc.laz
Success (17, 29): /local_ssd/output/las_4393026_3043920_x0064_y0051.copc.laz
Success (17, 24): /local_ssd/output/las_4393026_3038920_x0064_y0051.copc.laz
Success (17, 25): /local_ssd/output/las_4393026_3039920_x0064_y0051.copc.laz
Success (17, 28): /local_ssd/output/las_4393026_3042920_x0064_y0051.copc.laz
Processing successful. Syncing outputs to /user/pbasnet/u18501/th_data/Thuringia_processed_tiles/copc_tiles_X0064_Y0051...
Done at 2026-03-25 17:16:22
[cleanup] Removing /local/jobs/u18501_13125147/task_8
============ Job Information ===================================================
Submitted: 2026-03-25T16:48:49
Started: 2026-03-25T16:49:32
Ended: 2026-03-25T17:16:24
Elapsed: 27 min, Limit: 119 min, Difference: 92 min
CPUs: 192, Nodes: 1
Estimated Consumption: 32.40 core-hours
================================================================================
