================================================================================
JobID = 13125125
User = u18501, Account = nhr_ni_starter_24350
Partition = medium96s, Nodelist = c0045
================================================================================
Extracting required input files (tiles 480-539) for cube X0064_Y0050...
Copying 60 files to local SSD...
======================================================
Job Array ID : 8
Cube ID      : X0064_Y0050
Tile range   : 480 – 539
Input files  : 60
Workers      : 30
Node         : c0045
Temp dir     : /local/jobs/u18501_13125125/task_8
Start time   : 2026-03-25 16:50:08
======================================================
/opt/conda/envs/pdalenv/lib/python3.12/site-packages/osgeo/ogr.py:615: FutureWarning: Neither ogr.UseExceptions() nor ogr.DontUseExceptions() has been explicitly called. In GDAL 4.0, exceptions will be enabled by default.
  warnings.warn(
Projecting FORCE cube X0064_Y0050 geometry from EPSG:25832 to EPSG:3035...
FORCE cube X0064_Y0050 bounds (Aligned to EPSG:3035): (4376026.363042001, 3044919.6079649986, 4406026.363042001, 3074919.607965001)
Node processing 60 subtiles with 30 workers.
Success (16, 8): /local_ssd/output/las_4392026_3052920_x0064_y0050.copc.laz
Success (16, 21): /local_ssd/output/las_4392026_3065920_x0064_y0050.copc.laz
Success (16, 9): /local_ssd/output/las_4392026_3053920_x0064_y0050.copc.laz
Success (16, 29): /local_ssd/output/las_4392026_3073920_x0064_y0050.copc.laz
Success (16, 26): /local_ssd/output/las_4392026_3070920_x0064_y0050.copc.laz
Success (16, 20): /local_ssd/output/las_4392026_3064920_x0064_y0050.copc.laz
Success (16, 19): /local_ssd/output/las_4392026_3063920_x0064_y0050.copc.laz
Success (16, 10): /local_ssd/output/las_4392026_3054920_x0064_y0050.copc.laz
Success (16, 5): /local_ssd/output/las_4392026_3049920_x0064_y0050.copc.laz
Success (16, 15): /local_ssd/output/las_4392026_3059920_x0064_y0050.copc.laz
Success (16, 22): /local_ssd/output/las_4392026_3066920_x0064_y0050.copc.laz
Success (16, 14): /local_ssd/output/las_4392026_3058920_x0064_y0050.copc.laz
Success (16, 16): /local_ssd/output/las_4392026_3060920_x0064_y0050.copc.laz
Success (16, 25): /local_ssd/output/las_4392026_3069920_x0064_y0050.copc.laz
Success (16, 0): /local_ssd/output/las_4392026_3044920_x0064_y0050.copc.laz
Success (16, 4): /local_ssd/output/las_4392026_3048920_x0064_y0050.copc.laz
Success (16, 7): /local_ssd/output/las_4392026_3051920_x0064_y0050.copc.laz
Success (16, 3): /local_ssd/output/las_4392026_3047920_x0064_y0050.copc.laz
Success (16, 1): /local_ssd/output/las_4392026_3045920_x0064_y0050.copc.laz
Success (16, 24): /local_ssd/output/las_4392026_3068920_x0064_y0050.copc.laz
Success (16, 6): /local_ssd/output/las_4392026_3050920_x0064_y0050.copc.laz
Success (16, 11): /local_ssd/output/las_4392026_3055920_x0064_y0050.copc.laz
Success (16, 13): /local_ssd/output/las_4392026_3057920_x0064_y0050.copc.laz
Success (16, 23): /local_ssd/output/las_4392026_3067920_x0064_y0050.copc.laz
Success (16, 12): /local_ssd/output/las_4392026_3056920_x0064_y0050.copc.laz
Success (16, 17): /local_ssd/output/las_4392026_3061920_x0064_y0050.copc.laz
Success (16, 18): /local_ssd/output/las_4392026_3062920_x0064_y0050.copc.laz
Success (16, 27): /local_ssd/output/las_4392026_3071920_x0064_y0050.copc.laz
Success (16, 28): /local_ssd/output/las_4392026_3072920_x0064_y0050.copc.laz
Success (16, 2): /local_ssd/output/las_4392026_3046920_x0064_y0050.copc.laz
Success (17, 1): /local_ssd/output/las_4393026_3045920_x0064_y0050.copc.laz
Success (17, 9): /local_ssd/output/las_4393026_3053920_x0064_y0050.copc.laz
Success (17, 0): /local_ssd/output/las_4393026_3044920_x0064_y0050.copc.laz
Success (17, 7): /local_ssd/output/las_4393026_3051920_x0064_y0050.copc.laz
Success (17, 10): /local_ssd/output/las_4393026_3054920_x0064_y0050.copc.laz
Success (17, 8): /local_ssd/output/las_4393026_3052920_x0064_y0050.copc.laz
Success (17, 5): /local_ssd/output/las_4393026_3049920_x0064_y0050.copc.laz
Success (17, 4): /local_ssd/output/las_4393026_3048920_x0064_y0050.copc.laz
Success (17, 3): /local_ssd/output/las_4393026_3047920_x0064_y0050.copc.laz
Success (17, 16): /local_ssd/output/las_4393026_3060920_x0064_y0050.copc.laz
Success (17, 20): /local_ssd/output/las_4393026_3064920_x0064_y0050.copc.laz
Success (17, 11): /local_ssd/output/las_4393026_3055920_x0064_y0050.copc.laz
Success (17, 21): /local_ssd/output/las_4393026_3065920_x0064_y0050.copc.laz
Success (17, 6): /local_ssd/output/las_4393026_3050920_x0064_y0050.copc.laz
Success (17, 2): /local_ssd/output/las_4393026_3046920_x0064_y0050.copc.laz
Success (17, 26): /local_ssd/output/las_4393026_3070920_x0064_y0050.copc.laz
Success (17, 19): /local_ssd/output/las_4393026_3063920_x0064_y0050.copc.laz
Success (17, 25): /local_ssd/output/las_4393026_3069920_x0064_y0050.copc.laz
Success (17, 18): /local_ssd/output/las_4393026_3062920_x0064_y0050.copc.laz
Success (17, 24): /local_ssd/output/las_4393026_3068920_x0064_y0050.copc.laz
Success (17, 12): /local_ssd/output/las_4393026_3056920_x0064_y0050.copc.laz
Success (17, 17): /local_ssd/output/las_4393026_3061920_x0064_y0050.copc.laz
Success (17, 23): /local_ssd/output/las_4393026_3067920_x0064_y0050.copc.laz
Success (17, 22): /local_ssd/output/las_4393026_3066920_x0064_y0050.copc.laz
Success (17, 29): /local_ssd/output/las_4393026_3073920_x0064_y0050.copc.laz
Success (17, 14): /local_ssd/output/las_4393026_3058920_x0064_y0050.copc.laz
Success (17, 15): /local_ssd/output/las_4393026_3059920_x0064_y0050.copc.laz
Success (17, 13): /local_ssd/output/las_4393026_3057920_x0064_y0050.copc.laz
Success (17, 28): /local_ssd/output/las_4393026_3072920_x0064_y0050.copc.laz
Success (17, 27): /local_ssd/output/las_4393026_3071920_x0064_y0050.copc.laz
Processing successful. Syncing outputs to /user/pbasnet/u18501/th_data/Thuringia_processed_tiles/copc_tiles_X0064_Y0050...
Done at 2026-03-25 17:17:54
[cleanup] Removing /local/jobs/u18501_13125125/task_8
============ Job Information ===================================================
Submitted: 2026-03-25T16:48:44
Started: 2026-03-25T16:48:50
Ended: 2026-03-25T17:17:55
Elapsed: 30 min, Limit: 119 min, Difference: 89 min
CPUs: 192, Nodes: 1
Estimated Consumption: 36.00 core-hours
================================================================================
