================================================================================
JobID = 13104068
User = u18501, Account = nhr_ni_starter_24350
Partition = medium96s, Nodelist = c0111
================================================================================
Extracting required input files (tiles 540-599) for cube X0065_Y0048...
Copying 60 files to local SSD...
======================================================
Job Array ID : 9
Cube ID      : X0065_Y0048
Tile range   : 540 – 599
Input files  : 60
Workers      : 30
Node         : c0111
Temp dir     : /local/jobs/u18501_13104068/task_9
Start time   : 2026-03-24 15:44:55
======================================================
/opt/conda/envs/pdalenv/lib/python3.12/site-packages/osgeo/ogr.py:615: FutureWarning: Neither ogr.UseExceptions() nor ogr.DontUseExceptions() has been explicitly called. In GDAL 4.0, exceptions will be enabled by default.
  warnings.warn(
Projecting FORCE cube X0065_Y0048 geometry from EPSG:25832 to EPSG:3035...
FORCE cube X0065_Y0048 bounds (Aligned to EPSG:3035): (4406026.363042001, 3104919.607964999, 4436026.363042001, 3134919.607965)
Node processing 34 subtiles with 30 workers.
Success (18, 17): /local_ssd/output/las_4424026_3121920_x0065_y0048.copc.laz
Success (18, 9): /local_ssd/output/las_4424026_3113920_x0065_y0048.copc.laz
Success (18, 8): /local_ssd/output/las_4424026_3112920_x0065_y0048.copc.laz
Success (18, 10): /local_ssd/output/las_4424026_3114920_x0065_y0048.copc.laz
Success (19, 7): /local_ssd/output/las_4425026_3111920_x0065_y0048.copc.laz
Success (19, 11): /local_ssd/output/las_4425026_3115920_x0065_y0048.copc.laz
Success (19, 14): /local_ssd/output/las_4425026_3118920_x0065_y0048.copc.laz
Success (18, 7): /local_ssd/output/las_4424026_3111920_x0065_y0048.copc.laz
Success (18, 26): /local_ssd/output/las_4424026_3130920_x0065_y0048.copc.laz
Success (18, 29): /local_ssd/output/las_4424026_3133920_x0065_y0048.copc.laz
Success (18, 16): /local_ssd/output/las_4424026_3120920_x0065_y0048.copc.laz
Success (18, 15): /local_ssd/output/las_4424026_3119920_x0065_y0048.copc.laz
Success (19, 13): /local_ssd/output/las_4425026_3117920_x0065_y0048.copc.laz
Success (19, 12): /local_ssd/output/las_4425026_3116920_x0065_y0048.copc.laz
Success (18, 0): /local_ssd/output/las_4424026_3104920_x0065_y0048.copc.laz
Success (18, 1): /local_ssd/output/las_4424026_3105920_x0065_y0048.copc.laz
Success (19, 1): /local_ssd/output/las_4425026_3105920_x0065_y0048.copc.laz
Success (19, 0): /local_ssd/output/las_4425026_3104920_x0065_y0048.copc.laz
Success (18, 2): /local_ssd/output/las_4424026_3106920_x0065_y0048.copc.laz
Success (19, 2): /local_ssd/output/las_4425026_3106920_x0065_y0048.copc.laz
Success (18, 11): /local_ssd/output/las_4424026_3115920_x0065_y0048.copc.laz
Success (18, 27): /local_ssd/output/las_4424026_3131920_x0065_y0048.copc.laz
Success (18, 14): /local_ssd/output/las_4424026_3118920_x0065_y0048.copc.laz
Success (19, 5): /local_ssd/output/las_4425026_3109920_x0065_y0048.copc.laz
Success (18, 5): /local_ssd/output/las_4424026_3109920_x0065_y0048.copc.laz
Success (19, 6): /local_ssd/output/las_4425026_3110920_x0065_y0048.copc.laz
Success (18, 3): /local_ssd/output/las_4424026_3107920_x0065_y0048.copc.laz
Success (18, 6): /local_ssd/output/las_4424026_3110920_x0065_y0048.copc.laz
Success (19, 3): /local_ssd/output/las_4425026_3107920_x0065_y0048.copc.laz
Success (19, 4): /local_ssd/output/las_4425026_3108920_x0065_y0048.copc.laz
Success (18, 28): /local_ssd/output/las_4424026_3132920_x0065_y0048.copc.laz
Success (18, 12): /local_ssd/output/las_4424026_3116920_x0065_y0048.copc.laz
Success (18, 13): /local_ssd/output/las_4424026_3117920_x0065_y0048.copc.laz
Success (18, 4): /local_ssd/output/las_4424026_3108920_x0065_y0048.copc.laz
Processing successful. Syncing outputs to /user/pbasnet/u18501/th_data/Thuringia_processed_tiles/copc_tiles_X0065_Y0048...
Done at 2026-03-24 15:58:11
[cleanup] Removing /local/jobs/u18501_13104068/task_9
============ Job Information ===================================================
Submitted: 2026-03-24T15:43:08
Started: 2026-03-24T15:44:06
Ended: 2026-03-24T15:58:20
Elapsed: 15 min, Limit: 119 min, Difference: 104 min
CPUs: 192, Nodes: 1
Estimated Consumption: 18.00 core-hours
================================================================================
