================================================================================
JobID = 13103606
User = u18501, Account = nhr_ni_starter_24350
Partition = medium96s, Nodelist = c0110
================================================================================
Extracting required input files (tiles 840-899) for cube X0064_Y0050...
Copying 60 files to local SSD...
======================================================
Job Array ID : 14
Cube ID      : X0064_Y0050
Tile range   : 840 – 899
Input files  : 60
Workers      : 30
Node         : c0110
Temp dir     : /local/jobs/u18501_13103606/task_14
Start time   : 2026-03-24 15:17:06
======================================================
/opt/conda/envs/pdalenv/lib/python3.12/site-packages/osgeo/ogr.py:615: FutureWarning: Neither ogr.UseExceptions() nor ogr.DontUseExceptions() has been explicitly called. In GDAL 4.0, exceptions will be enabled by default.
  warnings.warn(
Projecting FORCE cube X0064_Y0050 geometry from EPSG:25832 to EPSG:3035...
FORCE cube X0064_Y0050 bounds (Aligned to EPSG:3035): (4376026.363042001, 3044919.6079649986, 4406026.363042001, 3074919.607965001)
Node processing 60 subtiles with 30 workers.
Error (28, 4): [Errno 2] No such file or directory: '/mnt/data/Thuringia_2020_2025_tiles/las_32_653_5601_1_th_2020-2025.laz'
Error (28, 12): [Errno 2] No such file or directory: '/mnt/data/Thuringia_2020_2025_tiles/las_32_654_5609_1_th_2020-2025.laz'
Error (28, 10): [Errno 2] No such file or directory: '/mnt/data/Thuringia_2020_2025_tiles/las_32_654_5607_1_th_2020-2025.laz'
Error (28, 16): [Errno 2] No such file or directory: '/mnt/data/Thuringia_2020_2025_tiles/las_32_654_5613_1_th_2020-2025.laz'
Error (28, 6): [Errno 2] No such file or directory: '/mnt/data/Thuringia_2020_2025_tiles/las_32_653_5603_1_th_2020-2025.laz'
Error (28, 19): [Errno 2] No such file or directory: '/mnt/data/Thuringia_2020_2025_tiles/las_32_653_5616_1_th_2020-2025.laz'
Error (28, 0): [Errno 2] No such file or directory: '/mnt/data/Thuringia_2020_2025_tiles/las_32_654_5597_1_th_2020-2025.laz'
Error (28, 18): [Errno 2] No such file or directory: '/mnt/data/Thuringia_2020_2025_tiles/las_32_653_5616_1_th_2020-2025.laz'
Error (28, 24): [Errno 2] No such file or directory: '/mnt/data/Thuringia_2020_2025_tiles/las_32_654_5621_1_th_2020-2025.laz'
Error (28, 3): [Errno 2] No such file or directory: '/mnt/data/Thuringia_2020_2025_tiles/las_32_653_5600_1_th_2020-2025.laz'
Error (28, 13): [Errno 2] No such file or directory: '/mnt/data/Thuringia_2020_2025_tiles/las_32_653_5610_1_th_2020-2025.laz'
Error (28, 11): [Errno 2] No such file or directory: '/mnt/data/Thuringia_2020_2025_tiles/las_32_653_5608_1_th_2020-2025.laz'
Error (28, 14): [Errno 2] No such file or directory: '/mnt/data/Thuringia_2020_2025_tiles/las_32_654_5611_1_th_2020-2025.laz'
Error (28, 1): [Errno 2] No such file or directory: '/mnt/data/Thuringia_2020_2025_tiles/las_32_654_5598_1_th_2020-2025.laz'
Error (28, 8): [Errno 2] No such file or directory: '/mnt/data/Thuringia_2020_2025_tiles/las_32_653_5606_1_th_2020-2025.laz'
Error (28, 20): [Errno 2] No such file or directory: '/mnt/data/Thuringia_2020_2025_tiles/las_32_654_5617_1_th_2020-2025.laz'
Error (28, 15): [Errno 2] No such file or directory: '/mnt/data/Thuringia_2020_2025_tiles/las_32_654_5612_1_th_2020-2025.laz'
Error (28, 21): [Errno 2] No such file or directory: '/mnt/data/Thuringia_2020_2025_tiles/las_32_653_5618_1_th_2020-2025.laz'
Error (28, 9): [Errno 2] No such file or directory: '/mnt/data/Thuringia_2020_2025_tiles/las_32_653_5606_1_th_2020-2025.laz'
Error (28, 7): [Errno 2] No such file or directory: '/mnt/data/Thuringia_2020_2025_tiles/las_32_653_5604_1_th_2020-2025.laz'
Error (28, 2): [Errno 2] No such file or directory: '/mnt/data/Thuringia_2020_2025_tiles/las_32_654_5599_1_th_2020-2025.laz'
Error (28, 5): [Errno 2] No such file or directory: '/mnt/data/Thuringia_2020_2025_tiles/las_32_653_5602_1_th_2020-2025.laz'
Error (28, 17): [Errno 2] No such file or directory: '/mnt/data/Thuringia_2020_2025_tiles/las_32_654_5614_1_th_2020-2025.laz'
Error (29, 3): [Errno 2] No such file or directory: '/mnt/data/Thuringia_2020_2025_tiles/las_32_655_5600_1_th_2020-2025.laz'
Error (29, 5): [Errno 2] No such file or directory: '/mnt/data/Thuringia_2020_2025_tiles/las_32_655_5602_1_th_2020-2025.laz'
Error (29, 1): [Errno 2] No such file or directory: '/mnt/data/Thuringia_2020_2025_tiles/las_32_655_5598_1_th_2020-2025.laz'
Error (29, 2): [Errno 2] No such file or directory: '/mnt/data/Thuringia_2020_2025_tiles/las_32_654_5599_1_th_2020-2025.laz'
Error (29, 0): [Errno 2] No such file or directory: '/mnt/data/Thuringia_2020_2025_tiles/las_32_655_5597_1_th_2020-2025.laz'
Error (29, 4): [Errno 2] No such file or directory: '/mnt/data/Thuringia_2020_2025_tiles/las_32_655_5601_1_th_2020-2025.laz'
Error (28, 25): [Errno 2] No such file or directory: '/mnt/data/Thuringia_2020_2025_tiles/las_32_654_5622_1_th_2020-2025.laz'
Error (28, 29): [Errno 2] No such file or directory: '/mnt/data/Thuringia_2020_2025_tiles/las_32_654_5626_1_th_2020-2025.laz'
Error (28, 22): [Errno 2] No such file or directory: '/mnt/data/Thuringia_2020_2025_tiles/las_32_654_5619_1_th_2020-2025.laz'
Error (28, 27): [Errno 2] No such file or directory: '/mnt/data/Thuringia_2020_2025_tiles/las_32_653_5624_1_th_2020-2025.laz'
Error (28, 28): [Errno 2] No such file or directory: '/mnt/data/Thuringia_2020_2025_tiles/las_32_654_5625_1_th_2020-2025.laz'
Error (28, 26): [Errno 2] No such file or directory: '/mnt/data/Thuringia_2020_2025_tiles/las_32_654_5623_1_th_2020-2025.laz'
Error (28, 23): [Errno 2] No such file or directory: '/mnt/data/Thuringia_2020_2025_tiles/las_32_653_5620_1_th_2020-2025.laz'
Error (29, 19): [Errno 2] No such file or directory: '/mnt/data/Thuringia_2020_2025_tiles/las_32_655_5616_1_th_2020-2025.laz'
Error (29, 12): [Errno 2] No such file or directory: '/mnt/data/Thuringia_2020_2025_tiles/las_32_654_5609_1_th_2020-2025.laz'
Error (29, 18): [Errno 2] No such file or directory: '/mnt/data/Thuringia_2020_2025_tiles/las_32_655_5615_1_th_2020-2025.laz'
Error (29, 17): [Errno 2] No such file or directory: '/mnt/data/Thuringia_2020_2025_tiles/las_32_655_5614_1_th_2020-2025.laz'
Error (29, 15): [Errno 2] No such file or directory: '/mnt/data/Thuringia_2020_2025_tiles/las_32_654_5612_1_th_2020-2025.laz'
Error (29, 16): [Errno 2] No such file or directory: '/mnt/data/Thuringia_2020_2025_tiles/las_32_655_5613_1_th_2020-2025.laz'
Error (29, 13): [Errno 2] No such file or directory: '/mnt/data/Thuringia_2020_2025_tiles/las_32_655_5610_1_th_2020-2025.laz'
Error (29, 11): [Errno 2] No such file or directory: '/mnt/data/Thuringia_2020_2025_tiles/las_32_654_5608_1_th_2020-2025.laz'
Error (29, 20): [Errno 2] No such file or directory: '/mnt/data/Thuringia_2020_2025_tiles/las_32_654_5617_1_th_2020-2025.laz'
Error (29, 14): [Errno 2] No such file or directory: '/mnt/data/Thuringia_2020_2025_tiles/las_32_654_5611_1_th_2020-2025.laz'
Error (29, 6): [Errno 2] No such file or directory: '/mnt/data/Thuringia_2020_2025_tiles/las_32_655_5603_1_th_2020-2025.laz'
Error (29, 21): [Errno 2] No such file or directory: '/mnt/data/Thuringia_2020_2025_tiles/las_32_654_5618_1_th_2020-2025.laz'
Error (29, 28): [Errno 2] No such file or directory: '/mnt/data/Thuringia_2020_2025_tiles/las_32_654_5625_1_th_2020-2025.laz'
Error (29, 8): [Errno 2] No such file or directory: '/mnt/data/Thuringia_2020_2025_tiles/las_32_654_5605_1_th_2020-2025.laz'
Error (29, 10): [Errno 2] No such file or directory: '/mnt/data/Thuringia_2020_2025_tiles/las_32_654_5607_1_th_2020-2025.laz'
Error (29, 27): [Errno 2] No such file or directory: '/mnt/data/Thuringia_2020_2025_tiles/las_32_654_5624_1_th_2020-2025.laz'
Error (29, 23): [Errno 2] No such file or directory: '/mnt/data/Thuringia_2020_2025_tiles/las_32_654_5620_1_th_2020-2025.laz'
Error (29, 25): [Errno 2] No such file or directory: '/mnt/data/Thuringia_2020_2025_tiles/las_32_655_5622_1_th_2020-2025.laz'
Error (29, 24): [Errno 2] No such file or directory: '/mnt/data/Thuringia_2020_2025_tiles/las_32_655_5621_1_th_2020-2025.laz'
Error (29, 22): [Errno 2] No such file or directory: '/mnt/data/Thuringia_2020_2025_tiles/las_32_655_5619_1_th_2020-2025.laz'
Error (29, 29): [Errno 2] No such file or directory: '/mnt/data/Thuringia_2020_2025_tiles/las_32_654_5626_1_th_2020-2025.laz'
Error (29, 9): [Errno 2] No such file or directory: '/mnt/data/Thuringia_2020_2025_tiles/las_32_654_5606_1_th_2020-2025.laz'
Error (29, 26): [Errno 2] No such file or directory: '/mnt/data/Thuringia_2020_2025_tiles/las_32_654_5623_1_th_2020-2025.laz'
Error (29, 7): [Errno 2] No such file or directory: '/mnt/data/Thuringia_2020_2025_tiles/las_32_655_5604_1_th_2020-2025.laz'
Processing successful. Syncing outputs to /user/pbasnet/u18501/th_data/Thuringia_processed_tiles/copc_tiles_X0064_Y0050...
Done at 2026-03-24 15:17:10
[cleanup] Removing /local/jobs/u18501_13103606/task_14
============ Job Information ===================================================
Submitted: 2026-03-24T15:15:04
Started: 2026-03-24T15:15:38
Ended: 2026-03-24T15:17:12
Elapsed: 2 min, Limit: 119 min, Difference: 117 min
CPUs: 192, Nodes: 1
Estimated Consumption: 2.40 core-hours
================================================================================
