================================================================================
JobID = 13104521
User = u18501, Account = nhr_ni_starter_24350
Partition = medium96s, Nodelist = c0106
================================================================================
Extracting required input files (tiles 180-239) for cube X0064_Y0050...
Copying 60 files to local SSD...
======================================================
Job Array ID : 3
Cube ID      : X0064_Y0050
Tile range   : 180 – 239
Input files  : 60
Workers      : 30
Node         : c0106
Temp dir     : /local/jobs/u18501_13104521/task_3
Start time   : 2026-03-24 16:18:13
======================================================
/opt/conda/envs/pdalenv/lib/python3.12/site-packages/osgeo/ogr.py:615: FutureWarning: Neither ogr.UseExceptions() nor ogr.DontUseExceptions() has been explicitly called. In GDAL 4.0, exceptions will be enabled by default.
  warnings.warn(
Projecting FORCE cube X0064_Y0050 geometry from EPSG:25832 to EPSG:3035...
FORCE cube X0064_Y0050 bounds (Aligned to EPSG:3035): (4376026.363042001, 3044919.6079649986, 4406026.363042001, 3074919.607965001)
Node processing 60 subtiles with 30 workers.
Success (6, 27): /local_ssd/output/las_4382026_3071920_x0064_y0050.copc.laz
Success (6, 23): /local_ssd/output/las_4382026_3067920_x0064_y0050.copc.laz
Success (6, 6): /local_ssd/output/las_4382026_3050920_x0064_y0050.copc.laz
Success (6, 25): /local_ssd/output/las_4382026_3069920_x0064_y0050.copc.laz
Success (6, 29): /local_ssd/output/las_4382026_3073920_x0064_y0050.copc.laz
Success (6, 26): /local_ssd/output/las_4382026_3070920_x0064_y0050.copc.laz
Success (6, 10): /local_ssd/output/las_4382026_3054920_x0064_y0050.copc.laz
Success (6, 0): /local_ssd/output/las_4382026_3044920_x0064_y0050.copc.laz
Success (6, 9): /local_ssd/output/las_4382026_3053920_x0064_y0050.copc.laz
Success (6, 13): /local_ssd/output/las_4382026_3057920_x0064_y0050.copc.laz
Success (6, 5): /local_ssd/output/las_4382026_3049920_x0064_y0050.copc.laz
Success (6, 28): /local_ssd/output/las_4382026_3072920_x0064_y0050.copc.laz
Success (6, 22): /local_ssd/output/las_4382026_3066920_x0064_y0050.copc.laz
Success (6, 4): /local_ssd/output/las_4382026_3048920_x0064_y0050.copc.laz
Success (6, 8): /local_ssd/output/las_4382026_3052920_x0064_y0050.copc.laz
Success (6, 24): /local_ssd/output/las_4382026_3068920_x0064_y0050.copc.laz
Success (6, 12): /local_ssd/output/las_4382026_3056920_x0064_y0050.copc.laz
Success (6, 20): /local_ssd/output/las_4382026_3064920_x0064_y0050.copc.laz
Success (6, 11): /local_ssd/output/las_4382026_3055920_x0064_y0050.copc.laz
Success (6, 16): /local_ssd/output/las_4382026_3060920_x0064_y0050.copc.laz
Success (6, 17): /local_ssd/output/las_4382026_3061920_x0064_y0050.copc.laz
Success (6, 15): /local_ssd/output/las_4382026_3059920_x0064_y0050.copc.laz
Success (6, 21): /local_ssd/output/las_4382026_3065920_x0064_y0050.copc.laz
Success (6, 3): /local_ssd/output/las_4382026_3047920_x0064_y0050.copc.laz
Success (6, 19): /local_ssd/output/las_4382026_3063920_x0064_y0050.copc.laz
Success (6, 7): /local_ssd/output/las_4382026_3051920_x0064_y0050.copc.laz
Success (6, 14): /local_ssd/output/las_4382026_3058920_x0064_y0050.copc.laz
Success (6, 18): /local_ssd/output/las_4382026_3062920_x0064_y0050.copc.laz
Success (6, 2): /local_ssd/output/las_4382026_3046920_x0064_y0050.copc.laz
Success (6, 1): /local_ssd/output/las_4382026_3045920_x0064_y0050.copc.laz
Success (7, 0): /local_ssd/output/las_4383026_3044920_x0064_y0050.copc.laz
Success (7, 25): /local_ssd/output/las_4383026_3069920_x0064_y0050.copc.laz
Success (7, 24): /local_ssd/output/las_4383026_3068920_x0064_y0050.copc.laz
Success (7, 3): /local_ssd/output/las_4383026_3047920_x0064_y0050.copc.laz
Success (7, 23): /local_ssd/output/las_4383026_3067920_x0064_y0050.copc.laz
Success (7, 4): /local_ssd/output/las_4383026_3048920_x0064_y0050.copc.laz
Success (7, 26): /local_ssd/output/las_4383026_3070920_x0064_y0050.copc.laz
Success (7, 5): /local_ssd/output/las_4383026_3049920_x0064_y0050.copc.laz
Success (7, 9): /local_ssd/output/las_4383026_3053920_x0064_y0050.copc.laz
Success (7, 1): /local_ssd/output/las_4383026_3045920_x0064_y0050.copc.laz
Success (7, 10): /local_ssd/output/las_4383026_3054920_x0064_y0050.copc.laz
Success (7, 2): /local_ssd/output/las_4383026_3046920_x0064_y0050.copc.laz
Success (7, 11): /local_ssd/output/las_4383026_3055920_x0064_y0050.copc.laz
Success (7, 8): /local_ssd/output/las_4383026_3052920_x0064_y0050.copc.laz
Success (7, 28): /local_ssd/output/las_4383026_3072920_x0064_y0050.copc.laz
Success (7, 6): /local_ssd/output/las_4383026_3050920_x0064_y0050.copc.laz
Success (7, 12): /local_ssd/output/las_4383026_3056920_x0064_y0050.copc.laz
Success (7, 17): /local_ssd/output/las_4383026_3061920_x0064_y0050.copc.laz
Success (7, 20): /local_ssd/output/las_4383026_3064920_x0064_y0050.copc.laz
Success (7, 19): /local_ssd/output/las_4383026_3063920_x0064_y0050.copc.laz
Success (7, 13): /local_ssd/output/las_4383026_3057920_x0064_y0050.copc.laz
Success (7, 7): /local_ssd/output/las_4383026_3051920_x0064_y0050.copc.laz
Success (7, 22): /local_ssd/output/las_4383026_3066920_x0064_y0050.copc.laz
Success (7, 16): /local_ssd/output/las_4383026_3060920_x0064_y0050.copc.laz
Success (7, 27): /local_ssd/output/las_4383026_3071920_x0064_y0050.copc.laz
Success (7, 21): /local_ssd/output/las_4383026_3065920_x0064_y0050.copc.laz
Success (7, 15): /local_ssd/output/las_4383026_3059920_x0064_y0050.copc.laz
Success (7, 14): /local_ssd/output/las_4383026_3058920_x0064_y0050.copc.laz
Success (7, 18): /local_ssd/output/las_4383026_3062920_x0064_y0050.copc.laz
Success (7, 29): /local_ssd/output/las_4383026_3073920_x0064_y0050.copc.laz
Processing successful. Syncing outputs to /user/pbasnet/u18501/th_data/Thuringia_processed_tiles/copc_tiles_X0064_Y0050...
Done at 2026-03-24 16:50:21
[cleanup] Removing /local/jobs/u18501_13104521/task_3
============ Job Information ===================================================
Submitted: 2026-03-24T16:16:28
Started: 2026-03-24T16:16:31
Ended: 2026-03-24T16:50:23
Elapsed: 34 min, Limit: 119 min, Difference: 85 min
CPUs: 192, Nodes: 1
Estimated Consumption: 40.80 core-hours
================================================================================
