================================================================================
JobID = 13104072
User = u18501, Account = nhr_ni_starter_24350
Partition = medium96s, Nodelist = c0115
================================================================================
Extracting required input files (tiles 780-839) for cube X0065_Y0048...
Copying 0 files to local SSD...
======================================================
Job Array ID : 13
Cube ID      : X0065_Y0048
Tile range   : 780 – 839
Input files  : 0
Workers      : 30
Node         : c0115
Temp dir     : /local/jobs/u18501_13104072/task_13
Start time   : 2026-03-24 15:44:13
======================================================
/opt/conda/envs/pdalenv/lib/python3.12/site-packages/osgeo/ogr.py:615: FutureWarning: Neither ogr.UseExceptions() nor ogr.DontUseExceptions() has been explicitly called. In GDAL 4.0, exceptions will be enabled by default.
  warnings.warn(
Projecting FORCE cube X0065_Y0048 geometry from EPSG:25832 to EPSG:3035...
FORCE cube X0065_Y0048 bounds (Aligned to EPSG:3035): (4406026.363042001, 3104919.607964999, 4436026.363042001, 3134919.607965)
Node processing 20 subtiles with 30 workers.
Success (27, 9): /local_ssd/output/las_4433026_3113920_x0065_y0048.copc.laz
Success (26, 9): /local_ssd/output/las_4432026_3113920_x0065_y0048.copc.laz
Success (27, 8): /local_ssd/output/las_4433026_3112920_x0065_y0048.copc.laz
Success (27, 1): /local_ssd/output/las_4433026_3105920_x0065_y0048.copc.laz
Success (27, 7): /local_ssd/output/las_4433026_3111920_x0065_y0048.copc.laz
Success (26, 8): /local_ssd/output/las_4432026_3112920_x0065_y0048.copc.laz
Success (26, 4): /local_ssd/output/las_4432026_3108920_x0065_y0048.copc.laz
Success (27, 6): /local_ssd/output/las_4433026_3110920_x0065_y0048.copc.laz
Success (26, 7): /local_ssd/output/las_4432026_3111920_x0065_y0048.copc.laz
Success (26, 5): /local_ssd/output/las_4432026_3109920_x0065_y0048.copc.laz
Success (27, 3): /local_ssd/output/las_4433026_3107920_x0065_y0048.copc.laz
Success (27, 5): /local_ssd/output/las_4433026_3109920_x0065_y0048.copc.laz
Success (27, 4): /local_ssd/output/las_4433026_3108920_x0065_y0048.copc.laz
Success (26, 2): /local_ssd/output/las_4432026_3106920_x0065_y0048.copc.laz
Success (27, 2): /local_ssd/output/las_4433026_3106920_x0065_y0048.copc.laz
Success (26, 0): /local_ssd/output/las_4432026_3104920_x0065_y0048.copc.laz
Success (27, 0): /local_ssd/output/las_4433026_3104920_x0065_y0048.copc.laz
Success (26, 6): /local_ssd/output/las_4432026_3110920_x0065_y0048.copc.laz
Success (26, 1): /local_ssd/output/las_4432026_3105920_x0065_y0048.copc.laz
Success (26, 3): /local_ssd/output/las_4432026_3107920_x0065_y0048.copc.laz
Processing successful. Syncing outputs to /user/pbasnet/u18501/th_data/Thuringia_processed_tiles/copc_tiles_X0065_Y0048...
Done at 2026-03-24 15:46:25
[cleanup] Removing /local/jobs/u18501_13104072/task_13
============ Job Information ===================================================
Submitted: 2026-03-24T15:43:08
Started: 2026-03-24T15:44:06
Ended: 2026-03-24T15:46:26
Elapsed: 3 min, Limit: 119 min, Difference: 116 min
CPUs: 192, Nodes: 1
Estimated Consumption: 3.60 core-hours
================================================================================
