================================================================================
JobID = 13103625
User = u18501, Account = nhr_ni_starter_24350
Partition = medium96s, Nodelist = c0107
================================================================================
Extracting required input files (tiles 660-719) for cube X0064_Y0050...
Copying 60 files to local SSD...
======================================================
Job Array ID : 11
Cube ID      : X0064_Y0050
Tile range   : 660 – 719
Input files  : 60
Workers      : 30
Node         : c0107
Temp dir     : /local/jobs/u18501_13103625/task_11
Start time   : 2026-03-24 15:16:59
======================================================
/opt/conda/envs/pdalenv/lib/python3.12/site-packages/osgeo/ogr.py:615: FutureWarning: Neither ogr.UseExceptions() nor ogr.DontUseExceptions() has been explicitly called. In GDAL 4.0, exceptions will be enabled by default.
  warnings.warn(
Projecting FORCE cube X0064_Y0050 geometry from EPSG:25832 to EPSG:3035...
FORCE cube X0064_Y0050 bounds (Aligned to EPSG:3035): (4376026.363042001, 3044919.6079649986, 4406026.363042001, 3074919.607965001)
Node processing 60 subtiles with 30 workers.
Error (22, 0): [Errno 2] No such file or directory: '/mnt/data/Thuringia_2020_2025_tiles/las_32_647_5597_1_th_2020-2025.laz'
Error (22, 12): [Errno 2] No such file or directory: '/mnt/data/Thuringia_2020_2025_tiles/las_32_647_5609_1_th_2020-2025.laz'
Error (22, 25): [Errno 2] No such file or directory: '/mnt/data/Thuringia_2020_2025_tiles/las_32_648_5622_1_th_2020-2025.laz'
Error (22, 24): [Errno 2] No such file or directory: '/mnt/data/Thuringia_2020_2025_tiles/las_32_647_5621_1_th_2020-2025.laz'
Error (22, 23): [Errno 2] No such file or directory: '/mnt/data/Thuringia_2020_2025_tiles/las_32_648_5620_1_th_2020-2025.laz'
Error (22, 19): [Errno 2] No such file or directory: '/mnt/data/Thuringia_2020_2025_tiles/las_32_648_5616_1_th_2020-2025.laz'
Error (22, 21): [Errno 2] No such file or directory: '/mnt/data/Thuringia_2020_2025_tiles/las_32_648_5618_1_th_2020-2025.laz'
Error (22, 26): [Errno 2] No such file or directory: '/mnt/data/Thuringia_2020_2025_tiles/las_32_648_5623_1_th_2020-2025.laz'
Error (22, 10): [Errno 2] No such file or directory: '/mnt/data/Thuringia_2020_2025_tiles/las_32_647_5607_1_th_2020-2025.laz'
Error (22, 5): [Errno 2] No such file or directory: '/mnt/data/Thuringia_2020_2025_tiles/las_32_647_5602_1_th_2020-2025.laz'
Error (22, 16): [Errno 2] No such file or directory: '/mnt/data/Thuringia_2020_2025_tiles/las_32_648_5613_1_th_2020-2025.laz'
Error (22, 22): [Errno 2] No such file or directory: '/mnt/data/Thuringia_2020_2025_tiles/las_32_648_5619_1_th_2020-2025.laz'
Error (22, 18): [Errno 2] No such file or directory: '/mnt/data/Thuringia_2020_2025_tiles/las_32_647_5615_1_th_2020-2025.laz'
Error (22, 29): [Errno 2] No such file or directory: '/mnt/data/Thuringia_2020_2025_tiles/las_32_647_5626_1_th_2020-2025.laz'
Error (22, 17): [Errno 2] No such file or directory: '/mnt/data/Thuringia_2020_2025_tiles/las_32_648_5614_1_th_2020-2025.laz'
Error (22, 1): [Errno 2] No such file or directory: '/mnt/data/Thuringia_2020_2025_tiles/las_32_647_5598_1_th_2020-2025.laz'
Error (22, 7): [Errno 2] No such file or directory: '/mnt/data/Thuringia_2020_2025_tiles/las_32_647_5604_1_th_2020-2025.laz'
Error (22, 3): [Errno 2] No such file or directory: '/mnt/data/Thuringia_2020_2025_tiles/las_32_647_5600_1_th_2020-2025.laz'
Error (22, 20): [Errno 2] No such file or directory: '/mnt/data/Thuringia_2020_2025_tiles/las_32_648_5617_1_th_2020-2025.laz'
Error (22, 27): [Errno 2] No such file or directory: '/mnt/data/Thuringia_2020_2025_tiles/las_32_648_5624_1_th_2020-2025.laz'
Error (22, 2): [Errno 2] No such file or directory: '/mnt/data/Thuringia_2020_2025_tiles/las_32_647_5599_1_th_2020-2025.laz'
Error (22, 14): [Errno 2] No such file or directory: '/mnt/data/Thuringia_2020_2025_tiles/las_32_648_5611_1_th_2020-2025.laz'
Error (22, 13): [Errno 2] No such file or directory: '/mnt/data/Thuringia_2020_2025_tiles/las_32_648_5610_1_th_2020-2025.laz'
Error (22, 8): [Errno 2] No such file or directory: '/mnt/data/Thuringia_2020_2025_tiles/las_32_647_5605_1_th_2020-2025.laz'
Error (22, 9): [Errno 2] No such file or directory: '/mnt/data/Thuringia_2020_2025_tiles/las_32_648_5606_1_th_2020-2025.laz'
Error (22, 6): [Errno 2] No such file or directory: '/mnt/data/Thuringia_2020_2025_tiles/las_32_648_5603_1_th_2020-2025.laz'
Error (22, 15): [Errno 2] No such file or directory: '/mnt/data/Thuringia_2020_2025_tiles/las_32_648_5612_1_th_2020-2025.laz'
Error (22, 4): [Errno 2] No such file or directory: '/mnt/data/Thuringia_2020_2025_tiles/las_32_647_5601_1_th_2020-2025.laz'
Error (22, 11): [Errno 2] No such file or directory: '/mnt/data/Thuringia_2020_2025_tiles/las_32_647_5608_1_th_2020-2025.laz'
Error (23, 12): [Errno 2] No such file or directory: '/mnt/data/Thuringia_2020_2025_tiles/las_32_648_5609_1_th_2020-2025.laz'
Error (23, 8): [Errno 2] No such file or directory: '/mnt/data/Thuringia_2020_2025_tiles/las_32_648_5605_1_th_2020-2025.laz'
Error (23, 10): [Errno 2] No such file or directory: '/mnt/data/Thuringia_2020_2025_tiles/las_32_649_5607_1_th_2020-2025.laz'
Error (23, 7): [Errno 2] No such file or directory: '/mnt/data/Thuringia_2020_2025_tiles/las_32_649_5604_1_th_2020-2025.laz'
Error (23, 14): [Errno 2] No such file or directory: '/mnt/data/Thuringia_2020_2025_tiles/las_32_648_5611_1_th_2020-2025.laz'
Error (23, 3): [Errno 2] No such file or directory: '/mnt/data/Thuringia_2020_2025_tiles/las_32_648_5600_1_th_2020-2025.laz'
Error (23, 5): [Errno 2] No such file or directory: '/mnt/data/Thuringia_2020_2025_tiles/las_32_649_5602_1_th_2020-2025.laz'
Error (23, 6): [Errno 2] No such file or directory: '/mnt/data/Thuringia_2020_2025_tiles/las_32_648_5603_1_th_2020-2025.laz'
Error (23, 2): [Errno 2] No such file or directory: '/mnt/data/Thuringia_2020_2025_tiles/las_32_649_5599_1_th_2020-2025.laz'
Error (23, 1): [Errno 2] No such file or directory: '/mnt/data/Thuringia_2020_2025_tiles/las_32_648_5598_1_th_2020-2025.laz'
Error (23, 9): [Errno 2] No such file or directory: '/mnt/data/Thuringia_2020_2025_tiles/las_32_649_5606_1_th_2020-2025.laz'
Error (23, 0): [Errno 2] No such file or directory: '/mnt/data/Thuringia_2020_2025_tiles/las_32_648_5597_1_th_2020-2025.laz'
Error (23, 13): [Errno 2] No such file or directory: '/mnt/data/Thuringia_2020_2025_tiles/las_32_649_5610_1_th_2020-2025.laz'
Error (23, 11): [Errno 2] No such file or directory: '/mnt/data/Thuringia_2020_2025_tiles/las_32_649_5608_1_th_2020-2025.laz'
Error (23, 4): [Errno 2] No such file or directory: '/mnt/data/Thuringia_2020_2025_tiles/las_32_649_5601_1_th_2020-2025.laz'
Error (22, 28): [Errno 2] No such file or directory: '/mnt/data/Thuringia_2020_2025_tiles/las_32_647_5625_1_th_2020-2025.laz'
Error (23, 15): [Errno 2] No such file or directory: '/mnt/data/Thuringia_2020_2025_tiles/las_32_648_5612_1_th_2020-2025.laz'
Error (23, 16): [Errno 2] No such file or directory: '/mnt/data/Thuringia_2020_2025_tiles/las_32_648_5613_1_th_2020-2025.laz'
Error (23, 18): [Errno 2] No such file or directory: '/mnt/data/Thuringia_2020_2025_tiles/las_32_648_5615_1_th_2020-2025.laz'
Error (23, 19): [Errno 2] No such file or directory: '/mnt/data/Thuringia_2020_2025_tiles/las_32_648_5616_1_th_2020-2025.laz'
Error (23, 17): [Errno 2] No such file or directory: '/mnt/data/Thuringia_2020_2025_tiles/las_32_649_5614_1_th_2020-2025.laz'
Error (23, 20): [Errno 2] No such file or directory: '/mnt/data/Thuringia_2020_2025_tiles/las_32_649_5617_1_th_2020-2025.laz'
Error (23, 21): [Errno 2] No such file or directory: '/mnt/data/Thuringia_2020_2025_tiles/las_32_648_5618_1_th_2020-2025.laz'
Error (23, 24): [Errno 2] No such file or directory: '/mnt/data/Thuringia_2020_2025_tiles/las_32_649_5621_1_th_2020-2025.laz'
Error (23, 23): [Errno 2] No such file or directory: '/mnt/data/Thuringia_2020_2025_tiles/las_32_649_5620_1_th_2020-2025.laz'
Error (23, 22): [Errno 2] No such file or directory: '/mnt/data/Thuringia_2020_2025_tiles/las_32_648_5619_1_th_2020-2025.laz'
Error (23, 27): [Errno 2] No such file or directory: '/mnt/data/Thuringia_2020_2025_tiles/las_32_648_5624_1_th_2020-2025.laz'
Error (23, 28): [Errno 2] No such file or directory: '/mnt/data/Thuringia_2020_2025_tiles/las_32_649_5625_1_th_2020-2025.laz'
Error (23, 25): [Errno 2] No such file or directory: '/mnt/data/Thuringia_2020_2025_tiles/las_32_648_5622_1_th_2020-2025.laz'
Error (23, 26): [Errno 2] No such file or directory: '/mnt/data/Thuringia_2020_2025_tiles/las_32_649_5623_1_th_2020-2025.laz'
Error (23, 29): [Errno 2] No such file or directory: '/mnt/data/Thuringia_2020_2025_tiles/las_32_649_5626_1_th_2020-2025.laz'
Processing successful. Syncing outputs to /user/pbasnet/u18501/th_data/Thuringia_processed_tiles/copc_tiles_X0064_Y0050...
Done at 2026-03-24 15:17:04
[cleanup] Removing /local/jobs/u18501_13103625/task_11
============ Job Information ===================================================
Submitted: 2026-03-24T15:15:04
Started: 2026-03-24T15:15:38
Ended: 2026-03-24T15:17:05
Elapsed: 2 min, Limit: 119 min, Difference: 117 min
CPUs: 192, Nodes: 1
Estimated Consumption: 2.40 core-hours
================================================================================
