================================================================================
JobID = 13125123
User = u18501, Account = nhr_ni_starter_24350
Partition = medium96s, Nodelist = c0044
================================================================================
Extracting required input files (tiles 420-479) for cube X0064_Y0050...
Copying 60 files to local SSD...
======================================================
Job Array ID : 7
Cube ID      : X0064_Y0050
Tile range   : 420 – 479
Input files  : 60
Workers      : 30
Node         : c0044
Temp dir     : /local/jobs/u18501_13125123/task_7
Start time   : 2026-03-25 16:50:17
======================================================
/opt/conda/envs/pdalenv/lib/python3.12/site-packages/osgeo/ogr.py:615: FutureWarning: Neither ogr.UseExceptions() nor ogr.DontUseExceptions() has been explicitly called. In GDAL 4.0, exceptions will be enabled by default.
  warnings.warn(
Projecting FORCE cube X0064_Y0050 geometry from EPSG:25832 to EPSG:3035...
FORCE cube X0064_Y0050 bounds (Aligned to EPSG:3035): (4376026.363042001, 3044919.6079649986, 4406026.363042001, 3074919.607965001)
Node processing 60 subtiles with 30 workers.
Success (14, 18): /local_ssd/output/las_4390026_3062920_x0064_y0050.copc.laz
Success (14, 17): /local_ssd/output/las_4390026_3061920_x0064_y0050.copc.laz
Success (14, 20): /local_ssd/output/las_4390026_3064920_x0064_y0050.copc.laz
Success (14, 27): /local_ssd/output/las_4390026_3071920_x0064_y0050.copc.laz
Success (14, 19): /local_ssd/output/las_4390026_3063920_x0064_y0050.copc.laz
Success (14, 16): /local_ssd/output/las_4390026_3060920_x0064_y0050.copc.laz
Success (14, 25): /local_ssd/output/las_4390026_3069920_x0064_y0050.copc.laz
Success (14, 10): /local_ssd/output/las_4390026_3054920_x0064_y0050.copc.laz
Success (14, 28): /local_ssd/output/las_4390026_3072920_x0064_y0050.copc.laz
Success (14, 11): /local_ssd/output/las_4390026_3055920_x0064_y0050.copc.laz
Success (14, 8): /local_ssd/output/las_4390026_3052920_x0064_y0050.copc.laz
Success (14, 26): /local_ssd/output/las_4390026_3070920_x0064_y0050.copc.laz
Success (14, 15): /local_ssd/output/las_4390026_3059920_x0064_y0050.copc.laz
Success (14, 9): /local_ssd/output/las_4390026_3053920_x0064_y0050.copc.laz
Success (14, 7): /local_ssd/output/las_4390026_3051920_x0064_y0050.copc.laz
Success (14, 12): /local_ssd/output/las_4390026_3056920_x0064_y0050.copc.laz
Success (14, 6): /local_ssd/output/las_4390026_3050920_x0064_y0050.copc.laz
Success (14, 5): /local_ssd/output/las_4390026_3049920_x0064_y0050.copc.laz
Success (14, 1): /local_ssd/output/las_4390026_3045920_x0064_y0050.copc.laz
Success (14, 23): /local_ssd/output/las_4390026_3067920_x0064_y0050.copc.laz
Success (14, 0): /local_ssd/output/las_4390026_3044920_x0064_y0050.copc.laz
Success (14, 22): /local_ssd/output/las_4390026_3066920_x0064_y0050.copc.laz
Success (14, 13): /local_ssd/output/las_4390026_3057920_x0064_y0050.copc.laz
Success (14, 4): /local_ssd/output/las_4390026_3048920_x0064_y0050.copc.laz
Success (14, 24): /local_ssd/output/las_4390026_3068920_x0064_y0050.copc.laz
Success (14, 29): /local_ssd/output/las_4390026_3073920_x0064_y0050.copc.laz
Success (14, 21): /local_ssd/output/las_4390026_3065920_x0064_y0050.copc.laz
Success (14, 14): /local_ssd/output/las_4390026_3058920_x0064_y0050.copc.laz
Success (14, 3): /local_ssd/output/las_4390026_3047920_x0064_y0050.copc.laz
Success (15, 8): /local_ssd/output/las_4391026_3052920_x0064_y0050.copc.laz
Success (14, 2): /local_ssd/output/las_4390026_3046920_x0064_y0050.copc.laz
Success (15, 1): /local_ssd/output/las_4391026_3045920_x0064_y0050.copc.laz
Success (15, 4): /local_ssd/output/las_4391026_3048920_x0064_y0050.copc.laz
Success (15, 10): /local_ssd/output/las_4391026_3054920_x0064_y0050.copc.laz
Success (15, 15): /local_ssd/output/las_4391026_3059920_x0064_y0050.copc.laz
Success (15, 12): /local_ssd/output/las_4391026_3056920_x0064_y0050.copc.laz
Success (15, 14): /local_ssd/output/las_4391026_3058920_x0064_y0050.copc.laz
Success (15, 0): /local_ssd/output/las_4391026_3044920_x0064_y0050.copc.laz
Success (15, 7): /local_ssd/output/las_4391026_3051920_x0064_y0050.copc.laz
Success (15, 11): /local_ssd/output/las_4391026_3055920_x0064_y0050.copc.laz
Success (15, 3): /local_ssd/output/las_4391026_3047920_x0064_y0050.copc.laz
Success (15, 9): /local_ssd/output/las_4391026_3053920_x0064_y0050.copc.laz
Success (15, 16): /local_ssd/output/las_4391026_3060920_x0064_y0050.copc.laz
Success (15, 20): /local_ssd/output/las_4391026_3064920_x0064_y0050.copc.laz
Success (15, 6): /local_ssd/output/las_4391026_3050920_x0064_y0050.copc.laz
Success (15, 5): /local_ssd/output/las_4391026_3049920_x0064_y0050.copc.laz
Success (15, 2): /local_ssd/output/las_4391026_3046920_x0064_y0050.copc.laz
Success (15, 17): /local_ssd/output/las_4391026_3061920_x0064_y0050.copc.laz
Success (15, 19): /local_ssd/output/las_4391026_3063920_x0064_y0050.copc.laz
Success (15, 18): /local_ssd/output/las_4391026_3062920_x0064_y0050.copc.laz
Success (15, 28): /local_ssd/output/las_4391026_3072920_x0064_y0050.copc.laz
Success (15, 13): /local_ssd/output/las_4391026_3057920_x0064_y0050.copc.laz
Success (15, 21): /local_ssd/output/las_4391026_3065920_x0064_y0050.copc.laz
Success (15, 27): /local_ssd/output/las_4391026_3071920_x0064_y0050.copc.laz
Success (15, 26): /local_ssd/output/las_4391026_3070920_x0064_y0050.copc.laz
Success (15, 22): /local_ssd/output/las_4391026_3066920_x0064_y0050.copc.laz
Success (15, 23): /local_ssd/output/las_4391026_3067920_x0064_y0050.copc.laz
Success (15, 25): /local_ssd/output/las_4391026_3069920_x0064_y0050.copc.laz
Success (15, 24): /local_ssd/output/las_4391026_3068920_x0064_y0050.copc.laz
Success (15, 29): /local_ssd/output/las_4391026_3073920_x0064_y0050.copc.laz
Processing successful. Syncing outputs to /user/pbasnet/u18501/th_data/Thuringia_processed_tiles/copc_tiles_X0064_Y0050...
Done at 2026-03-25 17:22:21
[cleanup] Removing /local/jobs/u18501_13125123/task_7
============ Job Information ===================================================
Submitted: 2026-03-25T16:48:44
Started: 2026-03-25T16:48:46
Ended: 2026-03-25T17:22:23
Elapsed: 34 min, Limit: 119 min, Difference: 85 min
CPUs: 192, Nodes: 1
Estimated Consumption: 40.80 core-hours
================================================================================
