================================================================================
JobID = 13103945
User = u18501, Account = nhr_ni_starter_24350
Partition = medium96s, Nodelist = c0116
================================================================================
Extracting required input files (tiles 840-899) for cube X0065_Y0048...
Copying 0 files to local SSD...
======================================================
Job Array ID : 14
Cube ID      : X0065_Y0048
Tile range   : 840 – 899
Input files  : 0
Workers      : 30
Node         : c0116
Temp dir     : /local/jobs/u18501_13103945/task_14
Start time   : 2026-03-24 15:34:11
======================================================
/opt/conda/envs/pdalenv/lib/python3.12/site-packages/osgeo/ogr.py:615: FutureWarning: Neither ogr.UseExceptions() nor ogr.DontUseExceptions() has been explicitly called. In GDAL 4.0, exceptions will be enabled by default.
  warnings.warn(
Projecting FORCE cube X0065_Y0048 geometry from EPSG:25832 to EPSG:3035...
FORCE cube X0065_Y0048 bounds (Aligned to EPSG:3035): (4406026.363042001, 3104919.607964999, 4436026.363042001, 3134919.607965)
Node processing 17 subtiles with 30 workers.
Error (28, 1): [Errno 2] No such file or directory: '/mnt/data/las_32_683_5659_1_th_2020-2025.laz'
Error (28, 5): [Errno 2] No such file or directory: '/mnt/data/las_32_683_5662_1_th_2020-2025.laz'
Error (28, 4): [Errno 2] No such file or directory: '/mnt/data/las_32_684_5662_1_th_2020-2025.laz'
Error (28, 3): [Errno 2] No such file or directory: '/mnt/data/las_32_684_5661_1_th_2020-2025.laz'
Error (29, 3): [Errno 2] No such file or directory: '/mnt/data/las_32_684_5661_1_th_2020-2025.laz'
Error (28, 2): [Errno 2] No such file or directory: '/mnt/data/las_32_683_5660_1_th_2020-2025.laz'
Error (28, 0): [Errno 2] No such file or directory: '/mnt/data/las_32_683_5658_1_th_2020-2025.laz'
Error (29, 1): [Errno 2] No such file or directory: '/mnt/data/las_32_684_5659_1_th_2020-2025.laz'
Error (28, 6): [Errno 2] No such file or directory: '/mnt/data/las_32_683_5663_1_th_2020-2025.laz'
Error (28, 8): [Errno 2] No such file or directory: '/mnt/data/las_32_683_5665_1_th_2020-2025.laz'
Error (29, 4): [Errno 2] No such file or directory: '/mnt/data/las_32_685_5662_1_th_2020-2025.laz'
Error (29, 6): [Errno 2] No such file or directory: '/mnt/data/las_32_683_5664_1_th_2020-2025.laz'
Error (29, 2): [Errno 2] No such file or directory: '/mnt/data/las_32_684_5660_1_th_2020-2025.laz'
Error (28, 7): [Errno 2] No such file or directory: '/mnt/data/las_32_683_5664_1_th_2020-2025.laz'
Error (29, 0): [Errno 2] No such file or directory: '/mnt/data/las_32_684_5658_1_th_2020-2025.laz'
Error (29, 5): [Errno 2] No such file or directory: '/mnt/data/las_32_684_5663_1_th_2020-2025.laz'
Error (29, 7): [Errno 2] No such file or directory: '/mnt/data/las_32_684_5665_1_th_2020-2025.laz'
Processing successful. Syncing outputs to /user/pbasnet/u18501/th_data/Thuringia_processed_tiles/copc_tiles_X0065_Y0048...
Done at 2026-03-24 15:34:16
[cleanup] Removing /local/jobs/u18501_13103945/task_14
============ Job Information ===================================================
Submitted: 2026-03-24T15:34:03
Started: 2026-03-24T15:34:04
Ended: 2026-03-24T15:34:16
Elapsed: 1 min, Limit: 119 min, Difference: 118 min
CPUs: 192, Nodes: 1
Estimated Consumption: 1.20 core-hours
================================================================================
