================================================================================
JobID = 13125148
User = u18501, Account = nhr_ni_starter_24350
Partition = medium96s, Nodelist = c0032
================================================================================
Extracting required input files (tiles 540-599) for cube X0064_Y0051...
Copying 60 files to local SSD...
======================================================
Job Array ID : 9
Cube ID      : X0064_Y0051
Tile range   : 540 – 599
Input files  : 60
Workers      : 30
Node         : c0032
Temp dir     : /local/jobs/u18501_13125148/task_9
Start time   : 2026-03-25 16:51:24
======================================================
/opt/conda/envs/pdalenv/lib/python3.12/site-packages/osgeo/ogr.py:615: FutureWarning: Neither ogr.UseExceptions() nor ogr.DontUseExceptions() has been explicitly called. In GDAL 4.0, exceptions will be enabled by default.
  warnings.warn(
Projecting FORCE cube X0064_Y0051 geometry from EPSG:25832 to EPSG:3035...
FORCE cube X0064_Y0051 bounds (Aligned to EPSG:3035): (4376026.363042001, 3014919.607964999, 4406026.363042001, 3044919.607964999)
Node processing 40 subtiles with 30 workers.
Success (19, 10): /local_ssd/output/las_4395026_3024920_x0064_y0051.copc.laz
Success (18, 10): /local_ssd/output/las_4394026_3024920_x0064_y0051.copc.laz
Success (19, 19): /local_ssd/output/las_4395026_3033920_x0064_y0051.copc.laz
Success (19, 12): /local_ssd/output/las_4395026_3026920_x0064_y0051.copc.laz
Success (19, 18): /local_ssd/output/las_4395026_3032920_x0064_y0051.copc.laz
Success (18, 27): /local_ssd/output/las_4394026_3041920_x0064_y0051.copc.laz
Success (18, 19): /local_ssd/output/las_4394026_3033920_x0064_y0051.copc.laz
Success (18, 20): /local_ssd/output/las_4394026_3034920_x0064_y0051.copc.laz
Success (18, 22): /local_ssd/output/las_4394026_3036920_x0064_y0051.copc.laz
Success (18, 17): /local_ssd/output/las_4394026_3031920_x0064_y0051.copc.laz
Success (19, 17): /local_ssd/output/las_4395026_3031920_x0064_y0051.copc.laz
Success (19, 14): /local_ssd/output/las_4395026_3028920_x0064_y0051.copc.laz
Success (18, 26): /local_ssd/output/las_4394026_3040920_x0064_y0051.copc.laz
Success (19, 16): /local_ssd/output/las_4395026_3030920_x0064_y0051.copc.laz
Success (18, 29): /local_ssd/output/las_4394026_3043920_x0064_y0051.copc.laz
Success (18, 16): /local_ssd/output/las_4394026_3030920_x0064_y0051.copc.laz
Success (18, 15): /local_ssd/output/las_4394026_3029920_x0064_y0051.copc.laz
Success (18, 23): /local_ssd/output/las_4394026_3037920_x0064_y0051.copc.laz
Success (18, 14): /local_ssd/output/las_4394026_3028920_x0064_y0051.copc.laz
Success (19, 15): /local_ssd/output/las_4395026_3029920_x0064_y0051.copc.laz
Success (18, 21): /local_ssd/output/las_4394026_3035920_x0064_y0051.copc.laz
Success (18, 11): /local_ssd/output/las_4394026_3025920_x0064_y0051.copc.laz
Success (19, 13): /local_ssd/output/las_4395026_3027920_x0064_y0051.copc.laz
Success (18, 24): /local_ssd/output/las_4394026_3038920_x0064_y0051.copc.laz
Success (19, 11): /local_ssd/output/las_4395026_3025920_x0064_y0051.copc.laz
Success (18, 13): /local_ssd/output/las_4394026_3027920_x0064_y0051.copc.laz
Success (18, 25): /local_ssd/output/las_4394026_3039920_x0064_y0051.copc.laz
Success (18, 18): /local_ssd/output/las_4394026_3032920_x0064_y0051.copc.laz
Success (18, 28): /local_ssd/output/las_4394026_3042920_x0064_y0051.copc.laz
Success (18, 12): /local_ssd/output/las_4394026_3026920_x0064_y0051.copc.laz
Success (19, 20): /local_ssd/output/las_4395026_3034920_x0064_y0051.copc.laz
Success (19, 25): /local_ssd/output/las_4395026_3039920_x0064_y0051.copc.laz
Success (19, 23): /local_ssd/output/las_4395026_3037920_x0064_y0051.copc.laz
Success (19, 29): /local_ssd/output/las_4395026_3043920_x0064_y0051.copc.laz
Success (19, 22): /local_ssd/output/las_4395026_3036920_x0064_y0051.copc.laz
Success (19, 27): /local_ssd/output/las_4395026_3041920_x0064_y0051.copc.laz
Success (19, 24): /local_ssd/output/las_4395026_3038920_x0064_y0051.copc.laz
Success (19, 21): /local_ssd/output/las_4395026_3035920_x0064_y0051.copc.laz
Success (19, 26): /local_ssd/output/las_4395026_3040920_x0064_y0051.copc.laz
Success (19, 28): /local_ssd/output/las_4395026_3042920_x0064_y0051.copc.laz
Processing successful. Syncing outputs to /user/pbasnet/u18501/th_data/Thuringia_processed_tiles/copc_tiles_X0064_Y0051...
Done at 2026-03-25 17:18:14
[cleanup] Removing /local/jobs/u18501_13125148/task_9
============ Job Information ===================================================
Submitted: 2026-03-25T16:48:49
Started: 2026-03-25T16:49:32
Ended: 2026-03-25T17:18:16
Elapsed: 29 min, Limit: 119 min, Difference: 90 min
CPUs: 192, Nodes: 1
Estimated Consumption: 34.80 core-hours
================================================================================
