================================================================================
JobID = 13103958
User = u18501, Account = nhr_ni_starter_24350
Partition = medium96s, Nodelist = c0114
================================================================================
Extracting required input files (tiles 720-779) for cube X0065_Y0048...
Copying 0 files to local SSD...
======================================================
Job Array ID : 12
Cube ID      : X0065_Y0048
Tile range   : 720 – 779
Input files  : 0
Workers      : 30
Node         : c0114
Temp dir     : /local/jobs/u18501_13103958/task_12
Start time   : 2026-03-24 15:34:10
======================================================
/opt/conda/envs/pdalenv/lib/python3.12/site-packages/osgeo/ogr.py:615: FutureWarning: Neither ogr.UseExceptions() nor ogr.DontUseExceptions() has been explicitly called. In GDAL 4.0, exceptions will be enabled by default.
  warnings.warn(
Projecting FORCE cube X0065_Y0048 geometry from EPSG:25832 to EPSG:3035...
FORCE cube X0065_Y0048 bounds (Aligned to EPSG:3035): (4406026.363042001, 3104919.607964999, 4436026.363042001, 3134919.607965)
Node processing 20 subtiles with 30 workers.
Error (24, 0): [Errno 2] No such file or directory: '/mnt/data/las_32_679_5657_1_th_2020-2025.laz'
Error (24, 5): [Errno 2] No such file or directory: '/mnt/data/las_32_680_5662_1_th_2020-2025.laz'
Error (24, 3): [Errno 2] No such file or directory: '/mnt/data/las_32_680_5660_1_th_2020-2025.laz'
Error (24, 1): [Errno 2] No such file or directory: '/mnt/data/las_32_680_5658_1_th_2020-2025.laz'
Error (24, 4): [Errno 2] No such file or directory: '/mnt/data/las_32_679_5661_1_th_2020-2025.laz'
Error (25, 1): [Errno 2] No such file or directory: '/mnt/data/las_32_680_5658_1_th_2020-2025.laz'
Error (24, 6): [Errno 2] No such file or directory: '/mnt/data/las_32_679_5663_1_th_2020-2025.laz'
Error (24, 2): [Errno 2] No such file or directory: '/mnt/data/las_32_680_5659_1_th_2020-2025.laz'
Error (25, 3): [Errno 2] No such file or directory: '/mnt/data/las_32_680_5660_1_th_2020-2025.laz'
Error (24, 7): [Errno 2] No such file or directory: '/mnt/data/las_32_678_5664_1_th_2020-2025.laz'
Error (24, 8): [Errno 2] No such file or directory: '/mnt/data/las_32_679_5665_1_th_2020-2025.laz'
Error (25, 5): [Errno 2] No such file or directory: '/mnt/data/las_32_680_5662_1_th_2020-2025.laz'
Error (25, 6): [Errno 2] No such file or directory: '/mnt/data/las_32_679_5663_1_th_2020-2025.laz'
Error (25, 2): [Errno 2] No such file or directory: '/mnt/data/las_32_681_5659_1_th_2020-2025.laz'
Error (25, 4): [Errno 2] No such file or directory: '/mnt/data/las_32_681_5661_1_th_2020-2025.laz'
Error (25, 0): [Errno 2] No such file or directory: '/mnt/data/las_32_680_5657_1_th_2020-2025.laz'
Error (25, 8): [Errno 2] No such file or directory: '/mnt/data/las_32_679_5665_1_th_2020-2025.laz'
Error (25, 9): [Errno 2] No such file or directory: '/mnt/data/las_32_679_5666_1_th_2020-2025.laz'
Error (24, 9): [Errno 2] No such file or directory: '/mnt/data/las_32_679_5666_1_th_2020-2025.laz'
Error (25, 7): [Errno 2] No such file or directory: '/mnt/data/las_32_679_5664_1_th_2020-2025.laz'
Processing successful. Syncing outputs to /user/pbasnet/u18501/th_data/Thuringia_processed_tiles/copc_tiles_X0065_Y0048...
Done at 2026-03-24 15:34:15
[cleanup] Removing /local/jobs/u18501_13103958/task_12
============ Job Information ===================================================
Submitted: 2026-03-24T15:34:03
Started: 2026-03-24T15:34:04
Ended: 2026-03-24T15:34:16
Elapsed: 1 min, Limit: 119 min, Difference: 118 min
CPUs: 192, Nodes: 1
Estimated Consumption: 1.20 core-hours
================================================================================
