================================================================================
JobID = 13103952
User = u18501, Account = nhr_ni_starter_24350
Partition = medium96s, Nodelist = c0108
================================================================================
Extracting required input files (tiles 360-419) for cube X0065_Y0048...
Copying 60 files to local SSD...
======================================================
Job Array ID : 6
Cube ID      : X0065_Y0048
Tile range   : 360 – 419
Input files  : 60
Workers      : 30
Node         : c0108
Temp dir     : /local/jobs/u18501_13103952/task_6
Start time   : 2026-03-24 15:35:09
======================================================
/opt/conda/envs/pdalenv/lib/python3.12/site-packages/osgeo/ogr.py:615: FutureWarning: Neither ogr.UseExceptions() nor ogr.DontUseExceptions() has been explicitly called. In GDAL 4.0, exceptions will be enabled by default.
  warnings.warn(
Projecting FORCE cube X0065_Y0048 geometry from EPSG:25832 to EPSG:3035...
FORCE cube X0065_Y0048 bounds (Aligned to EPSG:3035): (4406026.363042001, 3104919.607964999, 4436026.363042001, 3134919.607965)
Node processing 60 subtiles with 30 workers.
Error (12, 0): [Errno 2] No such file or directory: '/mnt/data/las_32_667_5657_1_th_2020-2025.laz'
Error (12, 13): [Errno 2] No such file or directory: '/mnt/data/las_32_666_5670_1_th_2020-2025.laz'
Error (12, 14): [Errno 2] No such file or directory: '/mnt/data/las_32_667_5671_1_th_2020-2025.laz'
Error (12, 15): [Errno 2] No such file or directory: '/mnt/data/las_32_667_5672_1_th_2020-2025.laz'
Error (12, 16): [Errno 2] No such file or directory: '/mnt/data/las_32_667_5673_1_th_2020-2025.laz'
Error (12, 9): [Errno 2] No such file or directory: '/mnt/data/las_32_667_5666_1_th_2020-2025.laz'
Error (12, 17): [Errno 2] No such file or directory: '/mnt/data/las_32_667_5674_1_th_2020-2025.laz'
Error (12, 19): [Errno 2] No such file or directory: '/mnt/data/las_32_666_5676_1_th_2020-2025.laz'
Error (12, 18): [Errno 2] No such file or directory: '/mnt/data/las_32_667_5675_1_th_2020-2025.laz'
Error (12, 10): [Errno 2] No such file or directory: '/mnt/data/las_32_667_5667_1_th_2020-2025.laz'
Error (12, 8): [Errno 2] No such file or directory: '/mnt/data/las_32_667_5665_1_th_2020-2025.laz'
Error (12, 2): [Errno 2] No such file or directory: '/mnt/data/las_32_668_5659_1_th_2020-2025.laz'
Error (12, 1): [Errno 2] No such file or directory: '/mnt/data/las_32_668_5658_1_th_2020-2025.laz'
Error (12, 5): [Errno 2] No such file or directory: '/mnt/data/las_32_668_5662_1_th_2020-2025.laz'
Error (12, 6): [Errno 2] No such file or directory: '/mnt/data/las_32_666_5663_1_th_2020-2025.laz'
Error (12, 26): [Errno 2] No such file or directory: '/mnt/data/las_32_667_5683_1_th_2020-2025.laz'
Error (12, 29): [Errno 2] No such file or directory: '/mnt/data/las_32_667_5686_1_th_2020-2025.laz'
Error (12, 25): [Errno 2] No such file or directory: '/mnt/data/las_32_667_5682_1_th_2020-2025.laz'
Error (12, 23): [Errno 2] No such file or directory: '/mnt/data/las_32_667_5680_1_th_2020-2025.laz'
Error (12, 28): [Errno 2] No such file or directory: '/mnt/data/las_32_667_5685_1_th_2020-2025.laz'
Error (12, 7): [Errno 2] No such file or directory: '/mnt/data/las_32_667_5664_1_th_2020-2025.laz'
Error (12, 24): [Errno 2] No such file or directory: '/mnt/data/las_32_667_5681_1_th_2020-2025.laz'
Error (12, 20): [Errno 2] No such file or directory: '/mnt/data/las_32_666_5678_1_th_2020-2025.laz'
Error (12, 4): [Errno 2] No such file or directory: '/mnt/data/las_32_668_5661_1_th_2020-2025.laz'
Error (12, 11): [Errno 2] No such file or directory: '/mnt/data/las_32_666_5668_1_th_2020-2025.laz'
Error (12, 21): [Errno 2] No such file or directory: '/mnt/data/las_32_666_5678_1_th_2020-2025.laz'
Error (12, 27): [Errno 2] No such file or directory: '/mnt/data/las_32_667_5684_1_th_2020-2025.laz'
Error (12, 12): [Errno 2] No such file or directory: '/mnt/data/las_32_667_5669_1_th_2020-2025.laz'
Error (12, 22): [Errno 2] No such file or directory: '/mnt/data/las_32_667_5679_1_th_2020-2025.laz'
Error (12, 3): [Errno 2] No such file or directory: '/mnt/data/las_32_668_5661_1_th_2020-2025.laz'
Error (13, 7): [Errno 2] No such file or directory: '/mnt/data/las_32_667_5664_1_th_2020-2025.laz'
Error (13, 8): [Errno 2] No such file or directory: '/mnt/data/las_32_667_5665_1_th_2020-2025.laz'
Error (13, 10): [Errno 2] No such file or directory: '/mnt/data/las_32_667_5667_1_th_2020-2025.laz'
Error (13, 9): [Errno 2] No such file or directory: '/mnt/data/las_32_667_5666_1_th_2020-2025.laz'
Error (13, 12): [Errno 2] No such file or directory: '/mnt/data/las_32_667_5669_1_th_2020-2025.laz'
Error (13, 14): [Errno 2] No such file or directory: '/mnt/data/las_32_667_5671_1_th_2020-2025.laz'
Error (13, 4): [Errno 2] No such file or directory: '/mnt/data/las_32_669_5661_1_th_2020-2025.laz'
Error (13, 16): [Errno 2] No such file or directory: '/mnt/data/las_32_667_5673_1_th_2020-2025.laz'
Error (13, 2): [Errno 2] No such file or directory: '/mnt/data/las_32_669_5659_1_th_2020-2025.laz'
Error (13, 3): [Errno 2] No such file or directory: '/mnt/data/las_32_669_5660_1_th_2020-2025.laz'
Error (13, 1): [Errno 2] No such file or directory: '/mnt/data/las_32_669_5658_1_th_2020-2025.laz'
Error (13, 6): [Errno 2] No such file or directory: '/mnt/data/las_32_667_5663_1_th_2020-2025.laz'
Error (13, 17): [Errno 2] No such file or directory: '/mnt/data/las_32_667_5674_1_th_2020-2025.laz'
Error (13, 0): [Errno 2] No such file or directory: '/mnt/data/las_32_669_5657_1_th_2020-2025.laz'
Error (13, 11): [Errno 2] No such file or directory: '/mnt/data/las_32_667_5668_1_th_2020-2025.laz'
Error (13, 5): [Errno 2] No such file or directory: '/mnt/data/las_32_669_5662_1_th_2020-2025.laz'
Error (13, 23): [Errno 2] No such file or directory: '/mnt/data/las_32_667_5680_1_th_2020-2025.laz'
Error (13, 27): [Errno 2] No such file or directory: '/mnt/data/las_32_667_5684_1_th_2020-2025.laz'
Error (13, 28): [Errno 2] No such file or directory: '/mnt/data/las_32_667_5685_1_th_2020-2025.laz'
Error (13, 29): [Errno 2] No such file or directory: '/mnt/data/las_32_667_5686_1_th_2020-2025.laz'
Error (13, 15): [Errno 2] No such file or directory: '/mnt/data/las_32_668_5672_1_th_2020-2025.laz'
Error (13, 13): [Errno 2] No such file or directory: '/mnt/data/las_32_668_5670_1_th_2020-2025.laz'
Error (13, 19): [Errno 2] No such file or directory: '/mnt/data/las_32_667_5676_1_th_2020-2025.laz'
Error (13, 25): [Errno 2] No such file or directory: '/mnt/data/las_32_668_5682_1_th_2020-2025.laz'
Error (13, 22): [Errno 2] No such file or directory: '/mnt/data/las_32_668_5679_1_th_2020-2025.laz'
Error (13, 24): [Errno 2] No such file or directory: '/mnt/data/las_32_668_5681_1_th_2020-2025.laz'
Error (13, 26): [Errno 2] No such file or directory: '/mnt/data/las_32_668_5683_1_th_2020-2025.laz'
Error (13, 20): [Errno 2] No such file or directory: '/mnt/data/las_32_667_5678_1_th_2020-2025.laz'
Error (13, 21): [Errno 2] No such file or directory: '/mnt/data/las_32_667_5678_1_th_2020-2025.laz'
Error (13, 18): [Errno 2] No such file or directory: '/mnt/data/las_32_668_5675_1_th_2020-2025.laz'
Processing successful. Syncing outputs to /user/pbasnet/u18501/th_data/Thuringia_processed_tiles/copc_tiles_X0065_Y0048...
Done at 2026-03-24 15:35:14
[cleanup] Removing /local/jobs/u18501_13103952/task_6
============ Job Information ===================================================
Submitted: 2026-03-24T15:34:03
Started: 2026-03-24T15:34:04
Ended: 2026-03-24T15:37:17
Elapsed: 4 min, Limit: 119 min, Difference: 115 min
CPUs: 192, Nodes: 1
Estimated Consumption: 4.80 core-hours
================================================================================
