================================================================================
JobID = 13103618
User = u18501, Account = nhr_ni_starter_24350
Partition = medium96s, Nodelist = c0051
================================================================================
Extracting required input files (tiles 240-299) for cube X0064_Y0050...
Copying 60 files to local SSD...
======================================================
Job Array ID : 4
Cube ID      : X0064_Y0050
Tile range   : 240 – 299
Input files  : 60
Workers      : 30
Node         : c0051
Temp dir     : /local/jobs/u18501_13103618/task_4
Start time   : 2026-03-24 15:17:28
======================================================
/opt/conda/envs/pdalenv/lib/python3.12/site-packages/osgeo/ogr.py:615: FutureWarning: Neither ogr.UseExceptions() nor ogr.DontUseExceptions() has been explicitly called. In GDAL 4.0, exceptions will be enabled by default.
  warnings.warn(
Projecting FORCE cube X0064_Y0050 geometry from EPSG:25832 to EPSG:3035...
FORCE cube X0064_Y0050 bounds (Aligned to EPSG:3035): (4376026.363042001, 3044919.6079649986, 4406026.363042001, 3074919.607965001)
Node processing 60 subtiles with 30 workers.
Error (8, 9): [Errno 2] No such file or directory: '/mnt/data/Thuringia_2020_2025_tiles/las_32_633_5606_1_th_2020-2025.laz'
Error (8, 12): [Errno 2] No such file or directory: '/mnt/data/Thuringia_2020_2025_tiles/las_32_634_5609_1_th_2020-2025.laz'
Error (8, 3): [Errno 2] No such file or directory: '/mnt/data/Thuringia_2020_2025_tiles/las_32_633_5600_1_th_2020-2025.laz'
Error (8, 11): [Errno 2] No such file or directory: '/mnt/data/Thuringia_2020_2025_tiles/las_32_634_5608_1_th_2020-2025.laz'
Error (8, 7): [Errno 2] No such file or directory: '/mnt/data/Thuringia_2020_2025_tiles/las_32_633_5604_1_th_2020-2025.laz'
Error (8, 10): [Errno 2] No such file or directory: '/mnt/data/Thuringia_2020_2025_tiles/las_32_634_5607_1_th_2020-2025.laz'
Error (8, 0): [Errno 2] No such file or directory: '/mnt/data/Thuringia_2020_2025_tiles/las_32_633_5597_1_th_2020-2025.laz'
Error (8, 6): [Errno 2] No such file or directory: '/mnt/data/Thuringia_2020_2025_tiles/las_32_633_5603_1_th_2020-2025.laz'
Error (8, 8): [Errno 2] No such file or directory: '/mnt/data/Thuringia_2020_2025_tiles/las_32_633_5605_1_th_2020-2025.laz'
Error (8, 13): [Errno 2] No such file or directory: '/mnt/data/Thuringia_2020_2025_tiles/las_32_633_5610_1_th_2020-2025.laz'
Error (8, 2): [Errno 2] No such file or directory: '/mnt/data/Thuringia_2020_2025_tiles/las_32_633_5599_1_th_2020-2025.laz'
Error (8, 18): [Errno 2] No such file or directory: '/mnt/data/Thuringia_2020_2025_tiles/las_32_634_5615_1_th_2020-2025.laz'
Error (8, 4): [Errno 2] No such file or directory: '/mnt/data/Thuringia_2020_2025_tiles/las_32_633_5601_1_th_2020-2025.laz'
Error (8, 1): [Errno 2] No such file or directory: '/mnt/data/Thuringia_2020_2025_tiles/las_32_633_5598_1_th_2020-2025.laz'
Error (8, 14): [Errno 2] No such file or directory: '/mnt/data/Thuringia_2020_2025_tiles/las_32_634_5612_1_th_2020-2025.laz'
Error (8, 21): [Errno 2] No such file or directory: '/mnt/data/Thuringia_2020_2025_tiles/las_32_634_5618_1_th_2020-2025.laz'
Error (8, 16): [Errno 2] No such file or directory: '/mnt/data/Thuringia_2020_2025_tiles/las_32_634_5614_1_th_2020-2025.laz'
Error (8, 17): [Errno 2] No such file or directory: '/mnt/data/Thuringia_2020_2025_tiles/las_32_634_5614_1_th_2020-2025.laz'
Error (8, 5): [Errno 2] No such file or directory: '/mnt/data/Thuringia_2020_2025_tiles/las_32_633_5602_1_th_2020-2025.laz'
Error (8, 19): [Errno 2] No such file or directory: '/mnt/data/Thuringia_2020_2025_tiles/las_32_633_5616_1_th_2020-2025.laz'
Error (8, 20): [Errno 2] No such file or directory: '/mnt/data/Thuringia_2020_2025_tiles/las_32_633_5617_1_th_2020-2025.laz'
Error (8, 15): [Errno 2] No such file or directory: '/mnt/data/Thuringia_2020_2025_tiles/las_32_634_5612_1_th_2020-2025.laz'
Error (8, 25): [Errno 2] No such file or directory: '/mnt/data/Thuringia_2020_2025_tiles/las_32_634_5622_1_th_2020-2025.laz'
Error (8, 24): [Errno 2] No such file or directory: '/mnt/data/Thuringia_2020_2025_tiles/las_32_634_5621_1_th_2020-2025.laz'
Error (8, 22): [Errno 2] No such file or directory: '/mnt/data/Thuringia_2020_2025_tiles/las_32_633_5619_1_th_2020-2025.laz'
Error (8, 26): [Errno 2] No such file or directory: '/mnt/data/Thuringia_2020_2025_tiles/las_32_634_5623_1_th_2020-2025.laz'
Error (8, 27): [Errno 2] No such file or directory: '/mnt/data/Thuringia_2020_2025_tiles/las_32_634_5624_1_th_2020-2025.laz'
Error (8, 23): [Errno 2] No such file or directory: '/mnt/data/Thuringia_2020_2025_tiles/las_32_633_5620_1_th_2020-2025.laz'
Error (8, 29): [Errno 2] No such file or directory: '/mnt/data/Thuringia_2020_2025_tiles/las_32_634_5626_1_th_2020-2025.laz'
Error (8, 28): [Errno 2] No such file or directory: '/mnt/data/Thuringia_2020_2025_tiles/las_32_634_5625_1_th_2020-2025.laz'
Error (9, 0): [Errno 2] No such file or directory: '/mnt/data/Thuringia_2020_2025_tiles/las_32_635_5597_1_th_2020-2025.laz'
Error (9, 1): [Errno 2] No such file or directory: '/mnt/data/Thuringia_2020_2025_tiles/las_32_634_5598_1_th_2020-2025.laz'
Error (9, 2): [Errno 2] No such file or directory: '/mnt/data/Thuringia_2020_2025_tiles/las_32_634_5599_1_th_2020-2025.laz'
Error (9, 3): [Errno 2] No such file or directory: '/mnt/data/Thuringia_2020_2025_tiles/las_32_634_5600_1_th_2020-2025.laz'
Error (9, 4): [Errno 2] No such file or directory: '/mnt/data/Thuringia_2020_2025_tiles/las_32_635_5601_1_th_2020-2025.laz'
Error (9, 5): [Errno 2] No such file or directory: '/mnt/data/Thuringia_2020_2025_tiles/las_32_635_5602_1_th_2020-2025.laz'
Error (9, 6): [Errno 2] No such file or directory: '/mnt/data/Thuringia_2020_2025_tiles/las_32_634_5603_1_th_2020-2025.laz'
Error (9, 7): [Errno 2] No such file or directory: '/mnt/data/Thuringia_2020_2025_tiles/las_32_634_5604_1_th_2020-2025.laz'
Error (9, 8): [Errno 2] No such file or directory: '/mnt/data/Thuringia_2020_2025_tiles/las_32_635_5605_1_th_2020-2025.laz'
Error (9, 9): [Errno 2] No such file or directory: '/mnt/data/Thuringia_2020_2025_tiles/las_32_635_5606_1_th_2020-2025.laz'
Error (9, 10): [Errno 2] No such file or directory: '/mnt/data/Thuringia_2020_2025_tiles/las_32_635_5607_1_th_2020-2025.laz'
Error (9, 11): [Errno 2] No such file or directory: '/mnt/data/Thuringia_2020_2025_tiles/las_32_634_5608_1_th_2020-2025.laz'
Error (9, 12): [Errno 2] No such file or directory: '/mnt/data/Thuringia_2020_2025_tiles/las_32_635_5609_1_th_2020-2025.laz'
Error (9, 13): [Errno 2] No such file or directory: '/mnt/data/Thuringia_2020_2025_tiles/las_32_635_5610_1_th_2020-2025.laz'
Error (9, 17): [Errno 2] No such file or directory: '/mnt/data/Thuringia_2020_2025_tiles/las_32_635_5614_1_th_2020-2025.laz'
Error (9, 18): [Errno 2] No such file or directory: '/mnt/data/Thuringia_2020_2025_tiles/las_32_635_5615_1_th_2020-2025.laz'
Error (9, 16): [Errno 2] No such file or directory: '/mnt/data/Thuringia_2020_2025_tiles/las_32_635_5613_1_th_2020-2025.laz'
Error (9, 14): [Errno 2] No such file or directory: '/mnt/data/Thuringia_2020_2025_tiles/las_32_635_5611_1_th_2020-2025.laz'
Error (9, 15): [Errno 2] No such file or directory: '/mnt/data/Thuringia_2020_2025_tiles/las_32_635_5612_1_th_2020-2025.laz'
Error (9, 25): [Errno 2] No such file or directory: '/mnt/data/Thuringia_2020_2025_tiles/las_32_634_5622_1_th_2020-2025.laz'
Error (9, 20): [Errno 2] No such file or directory: '/mnt/data/Thuringia_2020_2025_tiles/las_32_634_5617_1_th_2020-2025.laz'
Error (9, 28): [Errno 2] No such file or directory: '/mnt/data/Thuringia_2020_2025_tiles/las_32_635_5625_1_th_2020-2025.laz'
Error (9, 22): [Errno 2] No such file or directory: '/mnt/data/Thuringia_2020_2025_tiles/las_32_635_5619_1_th_2020-2025.laz'
Error (9, 21): [Errno 2] No such file or directory: '/mnt/data/Thuringia_2020_2025_tiles/las_32_634_5618_1_th_2020-2025.laz'
Error (9, 19): [Errno 2] No such file or directory: '/mnt/data/Thuringia_2020_2025_tiles/las_32_635_5616_1_th_2020-2025.laz'
Error (9, 23): [Errno 2] No such file or directory: '/mnt/data/Thuringia_2020_2025_tiles/las_32_634_5620_1_th_2020-2025.laz'
Error (9, 27): [Errno 2] No such file or directory: '/mnt/data/Thuringia_2020_2025_tiles/las_32_635_5624_1_th_2020-2025.laz'
Error (9, 26): [Errno 2] No such file or directory: '/mnt/data/Thuringia_2020_2025_tiles/las_32_635_5623_1_th_2020-2025.laz'
Error (9, 24): [Errno 2] No such file or directory: '/mnt/data/Thuringia_2020_2025_tiles/las_32_634_5621_1_th_2020-2025.laz'
Error (9, 29): [Errno 2] No such file or directory: '/mnt/data/Thuringia_2020_2025_tiles/las_32_634_5626_1_th_2020-2025.laz'
Processing successful. Syncing outputs to /user/pbasnet/u18501/th_data/Thuringia_processed_tiles/copc_tiles_X0064_Y0050...
Done at 2026-03-24 15:17:32
[cleanup] Removing /local/jobs/u18501_13103618/task_4
============ Job Information ===================================================
Submitted: 2026-03-24T15:15:04
Started: 2026-03-24T15:15:38
Ended: 2026-03-24T15:17:34
Elapsed: 2 min, Limit: 119 min, Difference: 117 min
CPUs: 192, Nodes: 1
Estimated Consumption: 2.40 core-hours
================================================================================
