================================================================================
JobID = 13103620
User = u18501, Account = nhr_ni_starter_24350
Partition = medium96s, Nodelist = c0102
================================================================================
Extracting required input files (tiles 360-419) for cube X0064_Y0050...
Copying 60 files to local SSD...
======================================================
Job Array ID : 6
Cube ID      : X0064_Y0050
Tile range   : 360 – 419
Input files  : 60
Workers      : 30
Node         : c0102
Temp dir     : /local/jobs/u18501_13103620/task_6
Start time   : 2026-03-24 15:17:01
======================================================
/opt/conda/envs/pdalenv/lib/python3.12/site-packages/osgeo/ogr.py:615: FutureWarning: Neither ogr.UseExceptions() nor ogr.DontUseExceptions() has been explicitly called. In GDAL 4.0, exceptions will be enabled by default.
  warnings.warn(
Projecting FORCE cube X0064_Y0050 geometry from EPSG:25832 to EPSG:3035...
FORCE cube X0064_Y0050 bounds (Aligned to EPSG:3035): (4376026.363042001, 3044919.6079649986, 4406026.363042001, 3074919.607965001)
Node processing 60 subtiles with 30 workers.
Error (12, 8): [Errno 2] No such file or directory: '/mnt/data/Thuringia_2020_2025_tiles/las_32_638_5605_1_th_2020-2025.laz'
Error (12, 3): [Errno 2] No such file or directory: '/mnt/data/Thuringia_2020_2025_tiles/las_32_637_5600_1_th_2020-2025.laz'
Error (12, 10): [Errno 2] No such file or directory: '/mnt/data/Thuringia_2020_2025_tiles/las_32_638_5607_1_th_2020-2025.laz'
Error (12, 0): [Errno 2] No such file or directory: '/mnt/data/Thuringia_2020_2025_tiles/las_32_638_5597_1_th_2020-2025.laz'
Error (12, 9): [Errno 2] No such file or directory: '/mnt/data/Thuringia_2020_2025_tiles/las_32_637_5606_1_th_2020-2025.laz'
Error (12, 6): [Errno 2] No such file or directory: '/mnt/data/Thuringia_2020_2025_tiles/las_32_637_5603_1_th_2020-2025.laz'
Error (12, 2): [Errno 2] No such file or directory: '/mnt/data/Thuringia_2020_2025_tiles/las_32_637_5599_1_th_2020-2025.laz'
Error (12, 1): [Errno 2] No such file or directory: '/mnt/data/Thuringia_2020_2025_tiles/las_32_637_5599_1_th_2020-2025.laz'
Error (12, 13): [Errno 2] No such file or directory: '/mnt/data/Thuringia_2020_2025_tiles/las_32_638_5610_1_th_2020-2025.laz'
Error (12, 14): [Errno 2] No such file or directory: '/mnt/data/Thuringia_2020_2025_tiles/las_32_638_5611_1_th_2020-2025.laz'
Error (12, 7): [Errno 2] No such file or directory: '/mnt/data/Thuringia_2020_2025_tiles/las_32_638_5604_1_th_2020-2025.laz'
Error (12, 11): [Errno 2] No such file or directory: '/mnt/data/Thuringia_2020_2025_tiles/las_32_638_5608_1_th_2020-2025.laz'
Error (12, 12): [Errno 2] No such file or directory: '/mnt/data/Thuringia_2020_2025_tiles/las_32_638_5609_1_th_2020-2025.laz'
Error (12, 5): [Errno 2] No such file or directory: '/mnt/data/Thuringia_2020_2025_tiles/las_32_637_5602_1_th_2020-2025.laz'
Error (12, 4): [Errno 2] No such file or directory: '/mnt/data/Thuringia_2020_2025_tiles/las_32_638_5601_1_th_2020-2025.laz'
Error (12, 15): [Errno 2] No such file or directory: '/mnt/data/Thuringia_2020_2025_tiles/las_32_638_5612_1_th_2020-2025.laz'
Error (12, 16): [Errno 2] No such file or directory: '/mnt/data/Thuringia_2020_2025_tiles/las_32_637_5613_1_th_2020-2025.laz'
Error (12, 17): [Errno 2] No such file or directory: '/mnt/data/Thuringia_2020_2025_tiles/las_32_638_5614_1_th_2020-2025.laz'
Error (12, 18): [Errno 2] No such file or directory: '/mnt/data/Thuringia_2020_2025_tiles/las_32_638_5615_1_th_2020-2025.laz'
Error (12, 19): [Errno 2] No such file or directory: '/mnt/data/Thuringia_2020_2025_tiles/las_32_637_5616_1_th_2020-2025.laz'
Error (12, 20): [Errno 2] No such file or directory: '/mnt/data/Thuringia_2020_2025_tiles/las_32_638_5617_1_th_2020-2025.laz'
Error (12, 21): [Errno 2] No such file or directory: '/mnt/data/Thuringia_2020_2025_tiles/las_32_638_5618_1_th_2020-2025.laz'
Error (12, 24): [Errno 2] No such file or directory: '/mnt/data/Thuringia_2020_2025_tiles/las_32_638_5621_1_th_2020-2025.laz'
Error (12, 25): [Errno 2] No such file or directory: '/mnt/data/Thuringia_2020_2025_tiles/las_32_637_5622_1_th_2020-2025.laz'
Error (12, 22): [Errno 2] No such file or directory: '/mnt/data/Thuringia_2020_2025_tiles/las_32_637_5619_1_th_2020-2025.laz'
Error (12, 26): [Errno 2] No such file or directory: '/mnt/data/Thuringia_2020_2025_tiles/las_32_638_5623_1_th_2020-2025.laz'
Error (12, 23): [Errno 2] No such file or directory: '/mnt/data/Thuringia_2020_2025_tiles/las_32_638_5620_1_th_2020-2025.laz'
Error (12, 27): [Errno 2] No such file or directory: '/mnt/data/Thuringia_2020_2025_tiles/las_32_638_5624_1_th_2020-2025.laz'
Error (12, 29): [Errno 2] No such file or directory: '/mnt/data/Thuringia_2020_2025_tiles/las_32_638_5626_1_th_2020-2025.laz'
Error (12, 28): [Errno 2] No such file or directory: '/mnt/data/Thuringia_2020_2025_tiles/las_32_637_5625_1_th_2020-2025.laz'
Error (13, 0): [Errno 2] No such file or directory: '/mnt/data/Thuringia_2020_2025_tiles/las_32_639_5597_1_th_2020-2025.laz'
Error (13, 1): [Errno 2] No such file or directory: '/mnt/data/Thuringia_2020_2025_tiles/las_32_639_5598_1_th_2020-2025.laz'
Error (13, 2): [Errno 2] No such file or directory: '/mnt/data/Thuringia_2020_2025_tiles/las_32_639_5599_1_th_2020-2025.laz'
Error (13, 3): [Errno 2] No such file or directory: '/mnt/data/Thuringia_2020_2025_tiles/las_32_639_5600_1_th_2020-2025.laz'
Error (13, 4): [Errno 2] No such file or directory: '/mnt/data/Thuringia_2020_2025_tiles/las_32_638_5601_1_th_2020-2025.laz'
Error (13, 5): [Errno 2] No such file or directory: '/mnt/data/Thuringia_2020_2025_tiles/las_32_639_5602_1_th_2020-2025.laz'
Error (13, 6): [Errno 2] No such file or directory: '/mnt/data/Thuringia_2020_2025_tiles/las_32_639_5603_1_th_2020-2025.laz'
Error (13, 7): [Errno 2] No such file or directory: '/mnt/data/Thuringia_2020_2025_tiles/las_32_639_5604_1_th_2020-2025.laz'
Error (13, 8): [Errno 2] No such file or directory: '/mnt/data/Thuringia_2020_2025_tiles/las_32_639_5605_1_th_2020-2025.laz'
Error (13, 9): [Errno 2] No such file or directory: '/mnt/data/Thuringia_2020_2025_tiles/las_32_639_5606_1_th_2020-2025.laz'
Error (13, 10): [Errno 2] No such file or directory: '/mnt/data/Thuringia_2020_2025_tiles/las_32_638_5607_1_th_2020-2025.laz'
Error (13, 11): [Errno 2] No such file or directory: '/mnt/data/Thuringia_2020_2025_tiles/las_32_639_5608_1_th_2020-2025.laz'
Error (13, 12): [Errno 2] No such file or directory: '/mnt/data/Thuringia_2020_2025_tiles/las_32_639_5609_1_th_2020-2025.laz'
Error (13, 13): [Errno 2] No such file or directory: '/mnt/data/Thuringia_2020_2025_tiles/las_32_639_5610_1_th_2020-2025.laz'
Error (13, 14): [Errno 2] No such file or directory: '/mnt/data/Thuringia_2020_2025_tiles/las_32_639_5611_1_th_2020-2025.laz'
Error (13, 15): [Errno 2] No such file or directory: '/mnt/data/Thuringia_2020_2025_tiles/las_32_638_5612_1_th_2020-2025.laz'
Error (13, 16): [Errno 2] No such file or directory: '/mnt/data/Thuringia_2020_2025_tiles/las_32_639_5613_1_th_2020-2025.laz'
Error (13, 17): [Errno 2] No such file or directory: '/mnt/data/Thuringia_2020_2025_tiles/las_32_638_5614_1_th_2020-2025.laz'
Error (13, 18): [Errno 2] No such file or directory: '/mnt/data/Thuringia_2020_2025_tiles/las_32_639_5615_1_th_2020-2025.laz'
Error (13, 19): [Errno 2] No such file or directory: '/mnt/data/Thuringia_2020_2025_tiles/las_32_638_5616_1_th_2020-2025.laz'
Error (13, 20): [Errno 2] No such file or directory: '/mnt/data/Thuringia_2020_2025_tiles/las_32_638_5617_1_th_2020-2025.laz'
Error (13, 21): [Errno 2] No such file or directory: '/mnt/data/Thuringia_2020_2025_tiles/las_32_638_5618_1_th_2020-2025.laz'
Error (13, 22): [Errno 2] No such file or directory: '/mnt/data/Thuringia_2020_2025_tiles/las_32_639_5619_1_th_2020-2025.laz'
Error (13, 23): [Errno 2] No such file or directory: '/mnt/data/Thuringia_2020_2025_tiles/las_32_639_5620_1_th_2020-2025.laz'
Error (13, 24): [Errno 2] No such file or directory: '/mnt/data/Thuringia_2020_2025_tiles/las_32_639_5621_1_th_2020-2025.laz'
Error (13, 25): [Errno 2] No such file or directory: '/mnt/data/Thuringia_2020_2025_tiles/las_32_639_5622_1_th_2020-2025.laz'
Error (13, 26): [Errno 2] No such file or directory: '/mnt/data/Thuringia_2020_2025_tiles/las_32_638_5623_1_th_2020-2025.laz'
Error (13, 27): [Errno 2] No such file or directory: '/mnt/data/Thuringia_2020_2025_tiles/las_32_639_5624_1_th_2020-2025.laz'
Error (13, 28): [Errno 2] No such file or directory: '/mnt/data/Thuringia_2020_2025_tiles/las_32_639_5625_1_th_2020-2025.laz'
Error (13, 29): [Errno 2] No such file or directory: '/mnt/data/Thuringia_2020_2025_tiles/las_32_639_5626_1_th_2020-2025.laz'
Processing successful. Syncing outputs to /user/pbasnet/u18501/th_data/Thuringia_processed_tiles/copc_tiles_X0064_Y0050...
Done at 2026-03-24 15:17:05
[cleanup] Removing /local/jobs/u18501_13103620/task_6
============ Job Information ===================================================
Submitted: 2026-03-24T15:15:04
Started: 2026-03-24T15:15:38
Ended: 2026-03-24T15:17:07
Elapsed: 2 min, Limit: 119 min, Difference: 117 min
CPUs: 192, Nodes: 1
Estimated Consumption: 2.40 core-hours
================================================================================
