================================================================================
JobID = 13104061
User = u18501, Account = nhr_ni_starter_24350
Partition = medium96s, Nodelist = c0104
================================================================================
Extracting required input files (tiles 120-179) for cube X0065_Y0048...
Copying 60 files to local SSD...
======================================================
Job Array ID : 2
Cube ID      : X0065_Y0048
Tile range   : 120 – 179
Input files  : 60
Workers      : 30
Node         : c0104
Temp dir     : /local/jobs/u18501_13104061/task_2
Start time   : 2026-03-24 15:44:55
======================================================
/opt/conda/envs/pdalenv/lib/python3.12/site-packages/osgeo/ogr.py:615: FutureWarning: Neither ogr.UseExceptions() nor ogr.DontUseExceptions() has been explicitly called. In GDAL 4.0, exceptions will be enabled by default.
  warnings.warn(
Projecting FORCE cube X0065_Y0048 geometry from EPSG:25832 to EPSG:3035...
FORCE cube X0065_Y0048 bounds (Aligned to EPSG:3035): (4406026.363042001, 3104919.607964999, 4436026.363042001, 3134919.607965)
Node processing 60 subtiles with 30 workers.
Success (4, 10): /local_ssd/output/las_4410026_3114920_x0065_y0048.copc.laz
Success (4, 14): /local_ssd/output/las_4410026_3118920_x0065_y0048.copc.laz
Success (4, 15): /local_ssd/output/las_4410026_3119920_x0065_y0048.copc.laz
Success (4, 8): /local_ssd/output/las_4410026_3112920_x0065_y0048.copc.laz
Success (4, 24): /local_ssd/output/las_4410026_3128920_x0065_y0048.copc.laz
Success (4, 18): /local_ssd/output/las_4410026_3122920_x0065_y0048.copc.laz
Success (4, 17): /local_ssd/output/las_4410026_3121920_x0065_y0048.copc.laz
Success (4, 23): /local_ssd/output/las_4410026_3127920_x0065_y0048.copc.laz
Success (4, 2): /local_ssd/output/las_4410026_3106920_x0065_y0048.copc.laz
Success (4, 12): /local_ssd/output/las_4410026_3116920_x0065_y0048.copc.laz
Success (4, 19): /local_ssd/output/las_4410026_3123920_x0065_y0048.copc.laz
Success (4, 0): /local_ssd/output/las_4410026_3104920_x0065_y0048.copc.laz
Success (4, 16): /local_ssd/output/las_4410026_3120920_x0065_y0048.copc.laz
Success (4, 1): /local_ssd/output/las_4410026_3105920_x0065_y0048.copc.laz
Success (4, 11): /local_ssd/output/las_4410026_3115920_x0065_y0048.copc.laz
Success (4, 6): /local_ssd/output/las_4410026_3110920_x0065_y0048.copc.laz
Success (4, 4): /local_ssd/output/las_4410026_3108920_x0065_y0048.copc.laz
Success (4, 9): /local_ssd/output/las_4410026_3113920_x0065_y0048.copc.laz
Success (4, 13): /local_ssd/output/las_4410026_3117920_x0065_y0048.copc.laz
Success (4, 3): /local_ssd/output/las_4410026_3107920_x0065_y0048.copc.laz
Success (5, 2): /local_ssd/output/las_4411026_3106920_x0065_y0048.copc.laz
Success (4, 7): /local_ssd/output/las_4410026_3111920_x0065_y0048.copc.laz
Success (5, 10): /local_ssd/output/las_4411026_3114920_x0065_y0048.copc.laz
Success (5, 9): /local_ssd/output/las_4411026_3113920_x0065_y0048.copc.laz
Success (5, 14): /local_ssd/output/las_4411026_3118920_x0065_y0048.copc.laz
Success (5, 15): /local_ssd/output/las_4411026_3119920_x0065_y0048.copc.laz
Success (5, 1): /local_ssd/output/las_4411026_3105920_x0065_y0048.copc.laz
Success (5, 0): /local_ssd/output/las_4411026_3104920_x0065_y0048.copc.laz
Success (4, 25): /local_ssd/output/las_4410026_3129920_x0065_y0048.copc.laz
Success (4, 5): /local_ssd/output/las_4410026_3109920_x0065_y0048.copc.laz
Success (4, 22): /local_ssd/output/las_4410026_3126920_x0065_y0048.copc.laz
Success (4, 20): /local_ssd/output/las_4410026_3124920_x0065_y0048.copc.laz
Success (4, 29): /local_ssd/output/las_4410026_3133920_x0065_y0048.copc.laz
Success (4, 26): /local_ssd/output/las_4410026_3130920_x0065_y0048.copc.laz
Success (4, 21): /local_ssd/output/las_4410026_3125920_x0065_y0048.copc.laz
Success (5, 3): /local_ssd/output/las_4411026_3107920_x0065_y0048.copc.laz
Success (5, 8): /local_ssd/output/las_4411026_3112920_x0065_y0048.copc.laz
Success (5, 16): /local_ssd/output/las_4411026_3120920_x0065_y0048.copc.laz
Success (5, 4): /local_ssd/output/las_4411026_3108920_x0065_y0048.copc.laz
Success (5, 11): /local_ssd/output/las_4411026_3115920_x0065_y0048.copc.laz
Success (5, 17): /local_ssd/output/las_4411026_3121920_x0065_y0048.copc.laz
Success (5, 13): /local_ssd/output/las_4411026_3117920_x0065_y0048.copc.laz
Success (5, 6): /local_ssd/output/las_4411026_3110920_x0065_y0048.copc.laz
Success (5, 18): /local_ssd/output/las_4411026_3122920_x0065_y0048.copc.laz
Success (4, 28): /local_ssd/output/las_4410026_3132920_x0065_y0048.copc.laz
Success (5, 19): /local_ssd/output/las_4411026_3123920_x0065_y0048.copc.laz
Success (4, 27): /local_ssd/output/las_4410026_3131920_x0065_y0048.copc.laz
Success (5, 5): /local_ssd/output/las_4411026_3109920_x0065_y0048.copc.laz
Success (5, 23): /local_ssd/output/las_4411026_3127920_x0065_y0048.copc.laz
Success (5, 24): /local_ssd/output/las_4411026_3128920_x0065_y0048.copc.laz
Success (5, 7): /local_ssd/output/las_4411026_3111920_x0065_y0048.copc.laz
Success (5, 12): /local_ssd/output/las_4411026_3116920_x0065_y0048.copc.laz
Success (5, 29): /local_ssd/output/las_4411026_3133920_x0065_y0048.copc.laz
Success (5, 20): /local_ssd/output/las_4411026_3124920_x0065_y0048.copc.laz
Success (5, 22): /local_ssd/output/las_4411026_3126920_x0065_y0048.copc.laz
Success (5, 21): /local_ssd/output/las_4411026_3125920_x0065_y0048.copc.laz
Success (5, 28): /local_ssd/output/las_4411026_3132920_x0065_y0048.copc.laz
Success (5, 25): /local_ssd/output/las_4411026_3129920_x0065_y0048.copc.laz
Success (5, 26): /local_ssd/output/las_4411026_3130920_x0065_y0048.copc.laz
Success (5, 27): /local_ssd/output/las_4411026_3131920_x0065_y0048.copc.laz
Processing successful. Syncing outputs to /user/pbasnet/u18501/th_data/Thuringia_processed_tiles/copc_tiles_X0065_Y0048...
Done at 2026-03-24 16:13:31
[cleanup] Removing /local/jobs/u18501_13104061/task_2
============ Job Information ===================================================
Submitted: 2026-03-24T15:43:08
Started: 2026-03-24T15:44:06
Ended: 2026-03-24T16:13:32
Elapsed: 30 min, Limit: 119 min, Difference: 89 min
CPUs: 192, Nodes: 1
Estimated Consumption: 36.00 core-hours
================================================================================
