================================================================================
JobID = 13104636
User = u18501, Account = nhr_ni_starter_24350
Partition = medium96s, Nodelist = c0330
================================================================================
Extracting required input files (tiles 240-299) for cube X0064_Y0051...
Copying 60 files to local SSD...
======================================================
Job Array ID : 4
Cube ID      : X0064_Y0051
Tile range   : 240 – 299
Input files  : 60
Workers      : 30
Node         : c0330
Temp dir     : /local/jobs/u18501_13104636/task_4
Start time   : 2026-03-24 16:23:23
======================================================
/opt/conda/envs/pdalenv/lib/python3.12/site-packages/osgeo/ogr.py:615: FutureWarning: Neither ogr.UseExceptions() nor ogr.DontUseExceptions() has been explicitly called. In GDAL 4.0, exceptions will be enabled by default.
  warnings.warn(
Projecting FORCE cube X0064_Y0051 geometry from EPSG:25832 to EPSG:3035...
FORCE cube X0064_Y0051 bounds (Aligned to EPSG:3035): (4376026.363042001, 3014919.607964999, 4406026.363042001, 3044919.607964999)
Node processing 31 subtiles with 30 workers.
Success (8, 14): /local_ssd/output/las_4384026_3028920_x0064_y0051.copc.laz
Success (9, 15): /local_ssd/output/las_4385026_3029920_x0064_y0051.copc.laz
Success (8, 20): /local_ssd/output/las_4384026_3034920_x0064_y0051.copc.laz
Success (8, 22): /local_ssd/output/las_4384026_3036920_x0064_y0051.copc.laz
Success (8, 21): /local_ssd/output/las_4384026_3035920_x0064_y0051.copc.laz
Success (9, 25): /local_ssd/output/las_4385026_3039920_x0064_y0051.copc.laz
Success (9, 22): /local_ssd/output/las_4385026_3036920_x0064_y0051.copc.laz
Success (9, 21): /local_ssd/output/las_4385026_3035920_x0064_y0051.copc.laz
Success (8, 28): /local_ssd/output/las_4384026_3042920_x0064_y0051.copc.laz
Success (9, 20): /local_ssd/output/las_4385026_3034920_x0064_y0051.copc.laz
Success (9, 23): /local_ssd/output/las_4385026_3037920_x0064_y0051.copc.laz
Success (9, 16): /local_ssd/output/las_4385026_3030920_x0064_y0051.copc.laz
Success (9, 26): /local_ssd/output/las_4385026_3040920_x0064_y0051.copc.laz
Success (8, 16): /local_ssd/output/las_4384026_3030920_x0064_y0051.copc.laz
Success (8, 23): /local_ssd/output/las_4384026_3037920_x0064_y0051.copc.laz
Success (8, 17): /local_ssd/output/las_4384026_3031920_x0064_y0051.copc.laz
Success (9, 29): /local_ssd/output/las_4385026_3043920_x0064_y0051.copc.laz
Success (9, 28): /local_ssd/output/las_4385026_3042920_x0064_y0051.copc.laz
Success (9, 17): /local_ssd/output/las_4385026_3031920_x0064_y0051.copc.laz
Success (8, 24): /local_ssd/output/las_4384026_3038920_x0064_y0051.copc.laz
Success (9, 19): /local_ssd/output/las_4385026_3033920_x0064_y0051.copc.laz
Success (9, 27): /local_ssd/output/las_4385026_3041920_x0064_y0051.copc.laz
Success (8, 27): /local_ssd/output/las_4384026_3041920_x0064_y0051.copc.laz
Success (9, 24): /local_ssd/output/las_4385026_3038920_x0064_y0051.copc.laz
Success (8, 18): /local_ssd/output/las_4384026_3032920_x0064_y0051.copc.laz
Success (8, 26): /local_ssd/output/las_4384026_3040920_x0064_y0051.copc.laz
Success (8, 25): /local_ssd/output/las_4384026_3039920_x0064_y0051.copc.laz
Success (8, 29): /local_ssd/output/las_4384026_3043920_x0064_y0051.copc.laz
Success (9, 18): /local_ssd/output/las_4385026_3032920_x0064_y0051.copc.laz
Success (8, 19): /local_ssd/output/las_4384026_3033920_x0064_y0051.copc.laz
Success (8, 15): /local_ssd/output/las_4384026_3029920_x0064_y0051.copc.laz
Processing successful. Syncing outputs to /user/pbasnet/u18501/th_data/Thuringia_processed_tiles/copc_tiles_X0064_Y0051...
Done at 2026-03-24 16:37:48
[cleanup] Removing /local/jobs/u18501_13104636/task_4
============ Job Information ===================================================
Submitted: 2026-03-24T16:16:32
Started: 2026-03-24T16:21:14
Ended: 2026-03-24T16:39:51
Elapsed: 19 min, Limit: 119 min, Difference: 100 min
CPUs: 192, Nodes: 1
Estimated Consumption: 22.80 core-hours
================================================================================
