================================================================================
JobID = 13104732
User = u18501, Account = nhr_ni_starter_24350
Partition = medium96s, Nodelist = c0006
================================================================================
Extracting required input files (tiles 300-359) for cube X0064_Y0051...
Copying 60 files to local SSD...
======================================================
Job Array ID : 5
Cube ID      : X0064_Y0051
Tile range   : 300 – 359
Input files  : 60
Workers      : 30
Node         : c0006
Temp dir     : /local/jobs/u18501_13104732/task_5
Start time   : 2026-03-24 16:25:00
======================================================
/opt/conda/envs/pdalenv/lib/python3.12/site-packages/osgeo/ogr.py:615: FutureWarning: Neither ogr.UseExceptions() nor ogr.DontUseExceptions() has been explicitly called. In GDAL 4.0, exceptions will be enabled by default.
  warnings.warn(
Projecting FORCE cube X0064_Y0051 geometry from EPSG:25832 to EPSG:3035...
FORCE cube X0064_Y0051 bounds (Aligned to EPSG:3035): (4376026.363042001, 3014919.607964999, 4406026.363042001, 3044919.607964999)
Node processing 31 subtiles with 30 workers.
Error (11, 28): IoError: failed to fill whole buffer
Error (11, 27): IoError: failed to fill whole buffer
Success (11, 14): /local_ssd/output/las_4387026_3028920_x0064_y0051.copc.laz
Success (10, 15): /local_ssd/output/las_4386026_3029920_x0064_y0051.copc.laz
Success (10, 29): /local_ssd/output/las_4386026_3043920_x0064_y0051.copc.laz
Success (11, 21): /local_ssd/output/las_4387026_3035920_x0064_y0051.copc.laz
Success (11, 23): /local_ssd/output/las_4387026_3037920_x0064_y0051.copc.laz
Success (10, 26): /local_ssd/output/las_4386026_3040920_x0064_y0051.copc.laz
Success (10, 20): /local_ssd/output/las_4386026_3034920_x0064_y0051.copc.laz
Success (10, 23): /local_ssd/output/las_4386026_3037920_x0064_y0051.copc.laz
Success (11, 20): /local_ssd/output/las_4387026_3034920_x0064_y0051.copc.laz
Success (11, 19): /local_ssd/output/las_4387026_3033920_x0064_y0051.copc.laz
Success (10, 25): /local_ssd/output/las_4386026_3039920_x0064_y0051.copc.laz
Success (10, 21): /local_ssd/output/las_4386026_3035920_x0064_y0051.copc.laz
Success (11, 22): /local_ssd/output/las_4387026_3036920_x0064_y0051.copc.laz
Success (10, 19): /local_ssd/output/las_4386026_3033920_x0064_y0051.copc.laz
Success (11, 15): /local_ssd/output/las_4387026_3029920_x0064_y0051.copc.laz
Success (10, 28): /local_ssd/output/las_4386026_3042920_x0064_y0051.copc.laz
Success (10, 27): /local_ssd/output/las_4386026_3041920_x0064_y0051.copc.laz
Success (11, 17): /local_ssd/output/las_4387026_3031920_x0064_y0051.copc.laz
Success (10, 22): /local_ssd/output/las_4386026_3036920_x0064_y0051.copc.laz
Success (11, 25): /local_ssd/output/las_4387026_3039920_x0064_y0051.copc.laz
Success (11, 26): /local_ssd/output/las_4387026_3040920_x0064_y0051.copc.laz
Success (10, 24): /local_ssd/output/las_4386026_3038920_x0064_y0051.copc.laz
Success (11, 29): /local_ssd/output/las_4387026_3043920_x0064_y0051.copc.laz
Success (11, 24): /local_ssd/output/las_4387026_3038920_x0064_y0051.copc.laz
Success (10, 16): /local_ssd/output/las_4386026_3030920_x0064_y0051.copc.laz
Success (11, 16): /local_ssd/output/las_4387026_3030920_x0064_y0051.copc.laz
Success (11, 18): /local_ssd/output/las_4387026_3032920_x0064_y0051.copc.laz
Success (10, 17): /local_ssd/output/las_4386026_3031920_x0064_y0051.copc.laz
Success (10, 18): /local_ssd/output/las_4386026_3032920_x0064_y0051.copc.laz
Processing successful. Syncing outputs to /user/pbasnet/u18501/th_data/Thuringia_processed_tiles/copc_tiles_X0064_Y0051...
Done at 2026-03-24 16:40:03
[cleanup] Removing /local/jobs/u18501_13104732/task_5
============ Job Information ===================================================
Submitted: 2026-03-24T16:16:32
Started: 2026-03-24T16:22:53
Ended: 2026-03-24T16:40:05
Elapsed: 18 min, Limit: 119 min, Difference: 101 min
CPUs: 192, Nodes: 1
Estimated Consumption: 21.60 core-hours
================================================================================
