================================================================================
JobID = 13104065
User = u18501, Account = nhr_ni_starter_24350
Partition = medium96s, Nodelist = c0108
================================================================================
Extracting required input files (tiles 360-419) for cube X0065_Y0048...
Copying 60 files to local SSD...
======================================================
Job Array ID : 6
Cube ID      : X0065_Y0048
Tile range   : 360 – 419
Input files  : 60
Workers      : 30
Node         : c0108
Temp dir     : /local/jobs/u18501_13104065/task_6
Start time   : 2026-03-24 15:45:09
======================================================
/opt/conda/envs/pdalenv/lib/python3.12/site-packages/osgeo/ogr.py:615: FutureWarning: Neither ogr.UseExceptions() nor ogr.DontUseExceptions() has been explicitly called. In GDAL 4.0, exceptions will be enabled by default.
  warnings.warn(
Projecting FORCE cube X0065_Y0048 geometry from EPSG:25832 to EPSG:3035...
FORCE cube X0065_Y0048 bounds (Aligned to EPSG:3035): (4406026.363042001, 3104919.607964999, 4436026.363042001, 3134919.607965)
Node processing 60 subtiles with 30 workers.
Success (12, 19): /local_ssd/output/las_4418026_3123920_x0065_y0048.copc.laz
Success (12, 0): /local_ssd/output/las_4418026_3104920_x0065_y0048.copc.laz
Success (12, 1): /local_ssd/output/las_4418026_3105920_x0065_y0048.copc.laz
Success (13, 0): /local_ssd/output/las_4419026_3104920_x0065_y0048.copc.laz
Success (12, 14): /local_ssd/output/las_4418026_3118920_x0065_y0048.copc.laz
Success (12, 12): /local_ssd/output/las_4418026_3116920_x0065_y0048.copc.laz
Success (12, 2): /local_ssd/output/las_4418026_3106920_x0065_y0048.copc.laz
Success (13, 1): /local_ssd/output/las_4419026_3105920_x0065_y0048.copc.laz
Success (13, 2): /local_ssd/output/las_4419026_3106920_x0065_y0048.copc.laz
Success (12, 4): /local_ssd/output/las_4418026_3108920_x0065_y0048.copc.laz
Success (12, 6): /local_ssd/output/las_4418026_3110920_x0065_y0048.copc.laz
Success (12, 8): /local_ssd/output/las_4418026_3112920_x0065_y0048.copc.laz
Success (12, 10): /local_ssd/output/las_4418026_3114920_x0065_y0048.copc.laz
Success (12, 15): /local_ssd/output/las_4418026_3119920_x0065_y0048.copc.laz
Success (12, 5): /local_ssd/output/las_4418026_3109920_x0065_y0048.copc.laz
Success (12, 9): /local_ssd/output/las_4418026_3113920_x0065_y0048.copc.laz
Success (12, 16): /local_ssd/output/las_4418026_3120920_x0065_y0048.copc.laz
Success (12, 18): /local_ssd/output/las_4418026_3122920_x0065_y0048.copc.laz
Success (12, 11): /local_ssd/output/las_4418026_3115920_x0065_y0048.copc.laz
Success (12, 13): /local_ssd/output/las_4418026_3117920_x0065_y0048.copc.laz
Success (12, 26): /local_ssd/output/las_4418026_3130920_x0065_y0048.copc.laz
Success (12, 3): /local_ssd/output/las_4418026_3107920_x0065_y0048.copc.laz
Success (13, 19): /local_ssd/output/las_4419026_3123920_x0065_y0048.copc.laz
Success (12, 7): /local_ssd/output/las_4418026_3111920_x0065_y0048.copc.laz
Success (12, 25): /local_ssd/output/las_4418026_3129920_x0065_y0048.copc.laz
Success (13, 9): /local_ssd/output/las_4419026_3113920_x0065_y0048.copc.laz
Success (12, 27): /local_ssd/output/las_4418026_3131920_x0065_y0048.copc.laz
Success (12, 24): /local_ssd/output/las_4418026_3128920_x0065_y0048.copc.laz
Success (12, 29): /local_ssd/output/las_4418026_3133920_x0065_y0048.copc.laz
Success (13, 5): /local_ssd/output/las_4419026_3109920_x0065_y0048.copc.laz
Success (13, 18): /local_ssd/output/las_4419026_3122920_x0065_y0048.copc.laz
Success (13, 7): /local_ssd/output/las_4419026_3111920_x0065_y0048.copc.laz
Success (13, 4): /local_ssd/output/las_4419026_3108920_x0065_y0048.copc.laz
Success (12, 17): /local_ssd/output/las_4418026_3121920_x0065_y0048.copc.laz
Success (12, 28): /local_ssd/output/las_4418026_3132920_x0065_y0048.copc.laz
Success (13, 20): /local_ssd/output/las_4419026_3124920_x0065_y0048.copc.laz
Success (13, 6): /local_ssd/output/las_4419026_3110920_x0065_y0048.copc.laz
Success (13, 3): /local_ssd/output/las_4419026_3107920_x0065_y0048.copc.laz
Success (13, 8): /local_ssd/output/las_4419026_3112920_x0065_y0048.copc.laz
Success (12, 23): /local_ssd/output/las_4418026_3127920_x0065_y0048.copc.laz
Success (12, 20): /local_ssd/output/las_4418026_3124920_x0065_y0048.copc.laz
Success (13, 10): /local_ssd/output/las_4419026_3114920_x0065_y0048.copc.laz
Success (12, 22): /local_ssd/output/las_4418026_3126920_x0065_y0048.copc.laz
Success (13, 14): /local_ssd/output/las_4419026_3118920_x0065_y0048.copc.laz
Success (13, 11): /local_ssd/output/las_4419026_3115920_x0065_y0048.copc.laz
Success (13, 16): /local_ssd/output/las_4419026_3120920_x0065_y0048.copc.laz
Success (13, 13): /local_ssd/output/las_4419026_3117920_x0065_y0048.copc.laz
Success (13, 17): /local_ssd/output/las_4419026_3121920_x0065_y0048.copc.laz
Success (12, 21): /local_ssd/output/las_4418026_3125920_x0065_y0048.copc.laz
Success (13, 26): /local_ssd/output/las_4419026_3130920_x0065_y0048.copc.laz
Success (13, 29): /local_ssd/output/las_4419026_3133920_x0065_y0048.copc.laz
Success (13, 27): /local_ssd/output/las_4419026_3131920_x0065_y0048.copc.laz
Success (13, 25): /local_ssd/output/las_4419026_3129920_x0065_y0048.copc.laz
Success (13, 28): /local_ssd/output/las_4419026_3132920_x0065_y0048.copc.laz
Success (13, 24): /local_ssd/output/las_4419026_3128920_x0065_y0048.copc.laz
Success (13, 12): /local_ssd/output/las_4419026_3116920_x0065_y0048.copc.laz
Success (13, 15): /local_ssd/output/las_4419026_3119920_x0065_y0048.copc.laz
Success (13, 23): /local_ssd/output/las_4419026_3127920_x0065_y0048.copc.laz
Success (13, 21): /local_ssd/output/las_4419026_3125920_x0065_y0048.copc.laz
Success (13, 22): /local_ssd/output/las_4419026_3126920_x0065_y0048.copc.laz
Processing successful. Syncing outputs to /user/pbasnet/u18501/th_data/Thuringia_processed_tiles/copc_tiles_X0065_Y0048...
Done at 2026-03-24 16:12:05
[cleanup] Removing /local/jobs/u18501_13104065/task_6
============ Job Information ===================================================
Submitted: 2026-03-24T15:43:08
Started: 2026-03-24T15:44:06
Ended: 2026-03-24T16:12:06
Elapsed: 28 min, Limit: 119 min, Difference: 91 min
CPUs: 192, Nodes: 1
Estimated Consumption: 33.60 core-hours
================================================================================
