================================================================================
JobID = 13103626
User = u18501, Account = nhr_ni_starter_24350
Partition = medium96s, Nodelist = c0108
================================================================================
Extracting required input files (tiles 720-779) for cube X0064_Y0050...
Copying 60 files to local SSD...
======================================================
Job Array ID : 12
Cube ID      : X0064_Y0050
Tile range   : 720 – 779
Input files  : 60
Workers      : 30
Node         : c0108
Temp dir     : /local/jobs/u18501_13103626/task_12
Start time   : 2026-03-24 15:16:48
======================================================
/opt/conda/envs/pdalenv/lib/python3.12/site-packages/osgeo/ogr.py:615: FutureWarning: Neither ogr.UseExceptions() nor ogr.DontUseExceptions() has been explicitly called. In GDAL 4.0, exceptions will be enabled by default.
  warnings.warn(
Projecting FORCE cube X0064_Y0050 geometry from EPSG:25832 to EPSG:3035...
FORCE cube X0064_Y0050 bounds (Aligned to EPSG:3035): (4376026.363042001, 3044919.6079649986, 4406026.363042001, 3074919.607965001)
Node processing 60 subtiles with 30 workers.
Error (24, 0): [Errno 2] No such file or directory: '/mnt/data/Thuringia_2020_2025_tiles/las_32_649_5597_1_th_2020-2025.laz'
Error (24, 7): [Errno 2] No such file or directory: '/mnt/data/Thuringia_2020_2025_tiles/las_32_649_5604_1_th_2020-2025.laz'
Error (24, 6): [Errno 2] No such file or directory: '/mnt/data/Thuringia_2020_2025_tiles/las_32_649_5603_1_th_2020-2025.laz'
Error (24, 3): [Errno 2] No such file or directory: '/mnt/data/Thuringia_2020_2025_tiles/las_32_649_5600_1_th_2020-2025.laz'
Error (24, 2): [Errno 2] No such file or directory: '/mnt/data/Thuringia_2020_2025_tiles/las_32_649_5599_1_th_2020-2025.laz'
Error (24, 1): [Errno 2] No such file or directory: '/mnt/data/Thuringia_2020_2025_tiles/las_32_649_5598_1_th_2020-2025.laz'
Error (24, 4): [Errno 2] No such file or directory: '/mnt/data/Thuringia_2020_2025_tiles/las_32_649_5601_1_th_2020-2025.laz'
Error (24, 5): [Errno 2] No such file or directory: '/mnt/data/Thuringia_2020_2025_tiles/las_32_649_5602_1_th_2020-2025.laz'
Error (24, 8): [Errno 2] No such file or directory: '/mnt/data/Thuringia_2020_2025_tiles/las_32_649_5605_1_th_2020-2025.laz'
Error (24, 9): [Errno 2] No such file or directory: '/mnt/data/Thuringia_2020_2025_tiles/las_32_649_5606_1_th_2020-2025.laz'
Error (24, 10): [Errno 2] No such file or directory: '/mnt/data/Thuringia_2020_2025_tiles/las_32_650_5607_1_th_2020-2025.laz'
Error (24, 11): [Errno 2] No such file or directory: '/mnt/data/Thuringia_2020_2025_tiles/las_32_650_5608_1_th_2020-2025.laz'
Error (24, 12): [Errno 2] No such file or directory: '/mnt/data/Thuringia_2020_2025_tiles/las_32_650_5609_1_th_2020-2025.laz'
Error (24, 13): [Errno 2] No such file or directory: '/mnt/data/Thuringia_2020_2025_tiles/las_32_650_5610_1_th_2020-2025.laz'
Error (24, 14): [Errno 2] No such file or directory: '/mnt/data/Thuringia_2020_2025_tiles/las_32_650_5611_1_th_2020-2025.laz'
Error (24, 15): [Errno 2] No such file or directory: '/mnt/data/Thuringia_2020_2025_tiles/las_32_650_5612_1_th_2020-2025.laz'
Error (24, 16): [Errno 2] No such file or directory: '/mnt/data/Thuringia_2020_2025_tiles/las_32_650_5613_1_th_2020-2025.laz'
Error (24, 17): [Errno 2] No such file or directory: '/mnt/data/Thuringia_2020_2025_tiles/las_32_649_5614_1_th_2020-2025.laz'
Error (24, 18): [Errno 2] No such file or directory: '/mnt/data/Thuringia_2020_2025_tiles/las_32_650_5615_1_th_2020-2025.laz'
Error (24, 19): [Errno 2] No such file or directory: '/mnt/data/Thuringia_2020_2025_tiles/las_32_650_5616_1_th_2020-2025.laz'
Error (24, 20): [Errno 2] No such file or directory: '/mnt/data/Thuringia_2020_2025_tiles/las_32_649_5617_1_th_2020-2025.laz'
Error (24, 21): [Errno 2] No such file or directory: '/mnt/data/Thuringia_2020_2025_tiles/las_32_649_5618_1_th_2020-2025.laz'
Error (24, 24): [Errno 2] No such file or directory: '/mnt/data/Thuringia_2020_2025_tiles/las_32_649_5621_1_th_2020-2025.laz'
Error (24, 25): [Errno 2] No such file or directory: '/mnt/data/Thuringia_2020_2025_tiles/las_32_650_5622_1_th_2020-2025.laz'
Error (24, 22): [Errno 2] No such file or directory: '/mnt/data/Thuringia_2020_2025_tiles/las_32_649_5619_1_th_2020-2025.laz'
Error (24, 23): [Errno 2] No such file or directory: '/mnt/data/Thuringia_2020_2025_tiles/las_32_649_5620_1_th_2020-2025.laz'
Error (24, 27): [Errno 2] No such file or directory: '/mnt/data/Thuringia_2020_2025_tiles/las_32_650_5624_1_th_2020-2025.laz'
Error (25, 0): [Errno 2] No such file or directory: '/mnt/data/Thuringia_2020_2025_tiles/las_32_651_5597_1_th_2020-2025.laz'
Error (24, 26): [Errno 2] No such file or directory: '/mnt/data/Thuringia_2020_2025_tiles/las_32_650_5623_1_th_2020-2025.laz'
Error (25, 1): [Errno 2] No such file or directory: '/mnt/data/Thuringia_2020_2025_tiles/las_32_650_5598_1_th_2020-2025.laz'
Error (25, 3): [Errno 2] No such file or directory: '/mnt/data/Thuringia_2020_2025_tiles/las_32_651_5600_1_th_2020-2025.laz'
Error (24, 29): [Errno 2] No such file or directory: '/mnt/data/Thuringia_2020_2025_tiles/las_32_650_5626_1_th_2020-2025.laz'
Error (25, 2): [Errno 2] No such file or directory: '/mnt/data/Thuringia_2020_2025_tiles/las_32_651_5599_1_th_2020-2025.laz'
Error (25, 4): [Errno 2] No such file or directory: '/mnt/data/Thuringia_2020_2025_tiles/las_32_650_5601_1_th_2020-2025.laz'
Error (24, 28): [Errno 2] No such file or directory: '/mnt/data/Thuringia_2020_2025_tiles/las_32_649_5625_1_th_2020-2025.laz'
Error (25, 6): [Errno 2] No such file or directory: '/mnt/data/Thuringia_2020_2025_tiles/las_32_650_5603_1_th_2020-2025.laz'
Error (25, 5): [Errno 2] No such file or directory: '/mnt/data/Thuringia_2020_2025_tiles/las_32_651_5602_1_th_2020-2025.laz'
Error (25, 7): [Errno 2] No such file or directory: '/mnt/data/Thuringia_2020_2025_tiles/las_32_651_5604_1_th_2020-2025.laz'
Error (25, 8): [Errno 2] No such file or directory: '/mnt/data/Thuringia_2020_2025_tiles/las_32_650_5605_1_th_2020-2025.laz'
Error (25, 9): [Errno 2] No such file or directory: '/mnt/data/Thuringia_2020_2025_tiles/las_32_651_5606_1_th_2020-2025.laz'
Error (25, 10): [Errno 2] No such file or directory: '/mnt/data/Thuringia_2020_2025_tiles/las_32_651_5607_1_th_2020-2025.laz'
Error (25, 11): [Errno 2] No such file or directory: '/mnt/data/Thuringia_2020_2025_tiles/las_32_651_5608_1_th_2020-2025.laz'
Error (25, 12): [Errno 2] No such file or directory: '/mnt/data/Thuringia_2020_2025_tiles/las_32_650_5609_1_th_2020-2025.laz'
Error (25, 13): [Errno 2] No such file or directory: '/mnt/data/Thuringia_2020_2025_tiles/las_32_650_5610_1_th_2020-2025.laz'
Error (25, 14): [Errno 2] No such file or directory: '/mnt/data/Thuringia_2020_2025_tiles/las_32_651_5611_1_th_2020-2025.laz'
Error (25, 15): [Errno 2] No such file or directory: '/mnt/data/Thuringia_2020_2025_tiles/las_32_651_5612_1_th_2020-2025.laz'
Error (25, 16): [Errno 2] No such file or directory: '/mnt/data/Thuringia_2020_2025_tiles/las_32_650_5613_1_th_2020-2025.laz'
Error (25, 17): [Errno 2] No such file or directory: '/mnt/data/Thuringia_2020_2025_tiles/las_32_650_5614_1_th_2020-2025.laz'
Error (25, 18): [Errno 2] No such file or directory: '/mnt/data/Thuringia_2020_2025_tiles/las_32_650_5615_1_th_2020-2025.laz'
Error (25, 22): [Errno 2] No such file or directory: '/mnt/data/Thuringia_2020_2025_tiles/las_32_651_5619_1_th_2020-2025.laz'
Error (25, 19): [Errno 2] No such file or directory: '/mnt/data/Thuringia_2020_2025_tiles/las_32_650_5616_1_th_2020-2025.laz'
Error (25, 28): [Errno 2] No such file or directory: '/mnt/data/Thuringia_2020_2025_tiles/las_32_651_5625_1_th_2020-2025.laz'
Error (25, 20): [Errno 2] No such file or directory: '/mnt/data/Thuringia_2020_2025_tiles/las_32_650_5617_1_th_2020-2025.laz'
Error (25, 29): [Errno 2] No such file or directory: '/mnt/data/Thuringia_2020_2025_tiles/las_32_651_5626_1_th_2020-2025.laz'
Error (25, 27): [Errno 2] No such file or directory: '/mnt/data/Thuringia_2020_2025_tiles/las_32_651_5624_1_th_2020-2025.laz'
Error (25, 23): [Errno 2] No such file or directory: '/mnt/data/Thuringia_2020_2025_tiles/las_32_650_5620_1_th_2020-2025.laz'
Error (25, 21): [Errno 2] No such file or directory: '/mnt/data/Thuringia_2020_2025_tiles/las_32_651_5618_1_th_2020-2025.laz'
Error (25, 24): [Errno 2] No such file or directory: '/mnt/data/Thuringia_2020_2025_tiles/las_32_650_5621_1_th_2020-2025.laz'
Error (25, 26): [Errno 2] No such file or directory: '/mnt/data/Thuringia_2020_2025_tiles/las_32_651_5623_1_th_2020-2025.laz'
Error (25, 25): [Errno 2] No such file or directory: '/mnt/data/Thuringia_2020_2025_tiles/las_32_650_5622_1_th_2020-2025.laz'
Processing successful. Syncing outputs to /user/pbasnet/u18501/th_data/Thuringia_processed_tiles/copc_tiles_X0064_Y0050...
Done at 2026-03-24 15:16:54
[cleanup] Removing /local/jobs/u18501_13103626/task_12
============ Job Information ===================================================
Submitted: 2026-03-24T15:15:04
Started: 2026-03-24T15:15:38
Ended: 2026-03-24T15:16:55
Elapsed: 2 min, Limit: 119 min, Difference: 117 min
CPUs: 192, Nodes: 1
Estimated Consumption: 2.40 core-hours
================================================================================
