================================================================================
JobID = 13103621
User = u18501, Account = nhr_ni_starter_24350
Partition = medium96s, Nodelist = c0103
================================================================================
Extracting required input files (tiles 420-479) for cube X0064_Y0050...
Copying 60 files to local SSD...
======================================================
Job Array ID : 7
Cube ID      : X0064_Y0050
Tile range   : 420 – 479
Input files  : 60
Workers      : 30
Node         : c0103
Temp dir     : /local/jobs/u18501_13103621/task_7
Start time   : 2026-03-24 15:17:02
======================================================
/opt/conda/envs/pdalenv/lib/python3.12/site-packages/osgeo/ogr.py:615: FutureWarning: Neither ogr.UseExceptions() nor ogr.DontUseExceptions() has been explicitly called. In GDAL 4.0, exceptions will be enabled by default.
  warnings.warn(
Projecting FORCE cube X0064_Y0050 geometry from EPSG:25832 to EPSG:3035...
FORCE cube X0064_Y0050 bounds (Aligned to EPSG:3035): (4376026.363042001, 3044919.6079649986, 4406026.363042001, 3074919.607965001)
Node processing 60 subtiles with 30 workers.
Error (14, 0): [Errno 2] No such file or directory: '/mnt/data/Thuringia_2020_2025_tiles/las_32_640_5597_1_th_2020-2025.laz'
Error (14, 3): [Errno 2] No such file or directory: '/mnt/data/Thuringia_2020_2025_tiles/las_32_639_5600_1_th_2020-2025.laz'
Error (14, 6): [Errno 2] No such file or directory: '/mnt/data/Thuringia_2020_2025_tiles/las_32_639_5603_1_th_2020-2025.laz'
Error (14, 4): [Errno 2] No such file or directory: '/mnt/data/Thuringia_2020_2025_tiles/las_32_639_5601_1_th_2020-2025.laz'
Error (14, 9): [Errno 2] No such file or directory: '/mnt/data/Thuringia_2020_2025_tiles/las_32_640_5606_1_th_2020-2025.laz'
Error (14, 2): [Errno 2] No such file or directory: '/mnt/data/Thuringia_2020_2025_tiles/las_32_639_5599_1_th_2020-2025.laz'
Error (14, 7): [Errno 2] No such file or directory: '/mnt/data/Thuringia_2020_2025_tiles/las_32_639_5604_1_th_2020-2025.laz'
Error (14, 5): [Errno 2] No such file or directory: '/mnt/data/Thuringia_2020_2025_tiles/las_32_639_5602_1_th_2020-2025.laz'
Error (14, 8): [Errno 2] No such file or directory: '/mnt/data/Thuringia_2020_2025_tiles/las_32_639_5605_1_th_2020-2025.laz'
Error (14, 12): [Errno 2] No such file or directory: '/mnt/data/Thuringia_2020_2025_tiles/las_32_639_5609_1_th_2020-2025.laz'
Error (14, 10): [Errno 2] No such file or directory: '/mnt/data/Thuringia_2020_2025_tiles/las_32_639_5607_1_th_2020-2025.laz'
Error (14, 11): [Errno 2] No such file or directory: '/mnt/data/Thuringia_2020_2025_tiles/las_32_639_5608_1_th_2020-2025.laz'
Error (14, 1): [Errno 2] No such file or directory: '/mnt/data/Thuringia_2020_2025_tiles/las_32_639_5598_1_th_2020-2025.laz'
Error (14, 13): [Errno 2] No such file or directory: '/mnt/data/Thuringia_2020_2025_tiles/las_32_639_5610_1_th_2020-2025.laz'
Error (14, 14): [Errno 2] No such file or directory: '/mnt/data/Thuringia_2020_2025_tiles/las_32_639_5611_1_th_2020-2025.laz'
Error (14, 15): [Errno 2] No such file or directory: '/mnt/data/Thuringia_2020_2025_tiles/las_32_640_5612_1_th_2020-2025.laz'
Error (14, 16): [Errno 2] No such file or directory: '/mnt/data/Thuringia_2020_2025_tiles/las_32_639_5613_1_th_2020-2025.laz'
Error (14, 17): [Errno 2] No such file or directory: '/mnt/data/Thuringia_2020_2025_tiles/las_32_639_5614_1_th_2020-2025.laz'
Error (14, 18): [Errno 2] No such file or directory: '/mnt/data/Thuringia_2020_2025_tiles/las_32_640_5615_1_th_2020-2025.laz'
Error (14, 19): [Errno 2] No such file or directory: '/mnt/data/Thuringia_2020_2025_tiles/las_32_640_5616_1_th_2020-2025.laz'
Error (14, 20): [Errno 2] No such file or directory: '/mnt/data/Thuringia_2020_2025_tiles/las_32_640_5617_1_th_2020-2025.laz'
Error (14, 21): [Errno 2] No such file or directory: '/mnt/data/Thuringia_2020_2025_tiles/las_32_640_5618_1_th_2020-2025.laz'
Error (14, 24): [Errno 2] No such file or directory: '/mnt/data/Thuringia_2020_2025_tiles/las_32_639_5621_1_th_2020-2025.laz'
Error (14, 25): [Errno 2] No such file or directory: '/mnt/data/Thuringia_2020_2025_tiles/las_32_640_5622_1_th_2020-2025.laz'
Error (14, 22): [Errno 2] No such file or directory: '/mnt/data/Thuringia_2020_2025_tiles/las_32_639_5619_1_th_2020-2025.laz'
Error (14, 26): [Errno 2] No such file or directory: '/mnt/data/Thuringia_2020_2025_tiles/las_32_639_5623_1_th_2020-2025.laz'
Error (15, 0): [Errno 2] No such file or directory: '/mnt/data/Thuringia_2020_2025_tiles/las_32_640_5597_1_th_2020-2025.laz'
Error (14, 23): [Errno 2] No such file or directory: '/mnt/data/Thuringia_2020_2025_tiles/las_32_639_5620_1_th_2020-2025.laz'
Error (15, 1): [Errno 2] No such file or directory: '/mnt/data/Thuringia_2020_2025_tiles/las_32_641_5598_1_th_2020-2025.laz'
Error (15, 2): [Errno 2] No such file or directory: '/mnt/data/Thuringia_2020_2025_tiles/las_32_640_5600_1_th_2020-2025.laz'
Error (14, 29): [Errno 2] No such file or directory: '/mnt/data/Thuringia_2020_2025_tiles/las_32_639_5626_1_th_2020-2025.laz'
Error (15, 3): [Errno 2] No such file or directory: '/mnt/data/Thuringia_2020_2025_tiles/las_32_640_5600_1_th_2020-2025.laz'
Error (15, 4): [Errno 2] No such file or directory: '/mnt/data/Thuringia_2020_2025_tiles/las_32_640_5601_1_th_2020-2025.laz'
Error (14, 27): [Errno 2] No such file or directory: '/mnt/data/Thuringia_2020_2025_tiles/las_32_639_5624_1_th_2020-2025.laz'
Error (14, 28): [Errno 2] No such file or directory: '/mnt/data/Thuringia_2020_2025_tiles/las_32_639_5625_1_th_2020-2025.laz'
Error (15, 6): [Errno 2] No such file or directory: '/mnt/data/Thuringia_2020_2025_tiles/las_32_640_5604_1_th_2020-2025.laz'
Error (15, 5): [Errno 2] No such file or directory: '/mnt/data/Thuringia_2020_2025_tiles/las_32_641_5602_1_th_2020-2025.laz'
Error (15, 7): [Errno 2] No such file or directory: '/mnt/data/Thuringia_2020_2025_tiles/las_32_640_5604_1_th_2020-2025.laz'
Error (15, 8): [Errno 2] No such file or directory: '/mnt/data/Thuringia_2020_2025_tiles/las_32_640_5606_1_th_2020-2025.laz'
Error (15, 9): [Errno 2] No such file or directory: '/mnt/data/Thuringia_2020_2025_tiles/las_32_640_5606_1_th_2020-2025.laz'
Error (15, 10): [Errno 2] No such file or directory: '/mnt/data/Thuringia_2020_2025_tiles/las_32_640_5607_1_th_2020-2025.laz'
Error (15, 11): [Errno 2] No such file or directory: '/mnt/data/Thuringia_2020_2025_tiles/las_32_640_5608_1_th_2020-2025.laz'
Error (15, 12): [Errno 2] No such file or directory: '/mnt/data/Thuringia_2020_2025_tiles/las_32_641_5609_1_th_2020-2025.laz'
Error (15, 13): [Errno 2] No such file or directory: '/mnt/data/Thuringia_2020_2025_tiles/las_32_641_5610_1_th_2020-2025.laz'
Error (15, 14): [Errno 2] No such file or directory: '/mnt/data/Thuringia_2020_2025_tiles/las_32_640_5612_1_th_2020-2025.laz'
Error (15, 15): [Errno 2] No such file or directory: '/mnt/data/Thuringia_2020_2025_tiles/las_32_640_5612_1_th_2020-2025.laz'
Error (15, 16): [Errno 2] No such file or directory: '/mnt/data/Thuringia_2020_2025_tiles/las_32_640_5613_1_th_2020-2025.laz'
Error (15, 17): [Errno 2] No such file or directory: '/mnt/data/Thuringia_2020_2025_tiles/las_32_640_5614_1_th_2020-2025.laz'
Error (15, 19): [Errno 2] No such file or directory: '/mnt/data/Thuringia_2020_2025_tiles/las_32_640_5616_1_th_2020-2025.laz'
Error (15, 18): [Errno 2] No such file or directory: '/mnt/data/Thuringia_2020_2025_tiles/las_32_640_5615_1_th_2020-2025.laz'
Error (15, 20): [Errno 2] No such file or directory: '/mnt/data/Thuringia_2020_2025_tiles/las_32_640_5617_1_th_2020-2025.laz'
Error (15, 21): [Errno 2] No such file or directory: '/mnt/data/Thuringia_2020_2025_tiles/las_32_640_5618_1_th_2020-2025.laz'
Error (15, 22): [Errno 2] No such file or directory: '/mnt/data/Thuringia_2020_2025_tiles/las_32_640_5619_1_th_2020-2025.laz'
Error (15, 23): [Errno 2] No such file or directory: '/mnt/data/Thuringia_2020_2025_tiles/las_32_640_5620_1_th_2020-2025.laz'
Error (15, 26): [Errno 2] No such file or directory: '/mnt/data/Thuringia_2020_2025_tiles/las_32_640_5623_1_th_2020-2025.laz'
Error (15, 24): [Errno 2] No such file or directory: '/mnt/data/Thuringia_2020_2025_tiles/las_32_640_5621_1_th_2020-2025.laz'
Error (15, 28): [Errno 2] No such file or directory: '/mnt/data/Thuringia_2020_2025_tiles/las_32_640_5625_1_th_2020-2025.laz'
Error (15, 29): [Errno 2] No such file or directory: '/mnt/data/Thuringia_2020_2025_tiles/las_32_640_5626_1_th_2020-2025.laz'
Error (15, 25): [Errno 2] No such file or directory: '/mnt/data/Thuringia_2020_2025_tiles/las_32_640_5622_1_th_2020-2025.laz'
Error (15, 27): [Errno 2] No such file or directory: '/mnt/data/Thuringia_2020_2025_tiles/las_32_640_5624_1_th_2020-2025.laz'
Processing successful. Syncing outputs to /user/pbasnet/u18501/th_data/Thuringia_processed_tiles/copc_tiles_X0064_Y0050...
Done at 2026-03-24 15:17:07
[cleanup] Removing /local/jobs/u18501_13103621/task_7
============ Job Information ===================================================
Submitted: 2026-03-24T15:15:04
Started: 2026-03-24T15:15:38
Ended: 2026-03-24T15:17:08
Elapsed: 2 min, Limit: 119 min, Difference: 117 min
CPUs: 192, Nodes: 1
Estimated Consumption: 2.40 core-hours
================================================================================
