================================================================================
JobID = 13125116
User = u18501, Account = nhr_ni_starter_24350
Partition = medium96s, Nodelist = c0086
================================================================================
Extracting required input files (tiles 0-59) for cube X0064_Y0050...
Copying 60 files to local SSD...
======================================================
Job Array ID : 0
Cube ID      : X0064_Y0050
Tile range   : 0 – 59
Input files  : 60
Workers      : 30
Node         : c0086
Temp dir     : /local/jobs/u18501_13125116/task_0
Start time   : 2026-03-25 16:51:27
======================================================
/opt/conda/envs/pdalenv/lib/python3.12/site-packages/osgeo/ogr.py:615: FutureWarning: Neither ogr.UseExceptions() nor ogr.DontUseExceptions() has been explicitly called. In GDAL 4.0, exceptions will be enabled by default.
  warnings.warn(
Projecting FORCE cube X0064_Y0050 geometry from EPSG:25832 to EPSG:3035...
FORCE cube X0064_Y0050 bounds (Aligned to EPSG:3035): (4376026.363042001, 3044919.6079649986, 4406026.363042001, 3074919.607965001)
Node processing 60 subtiles with 30 workers.
Success (0, 28): /local_ssd/output/las_4376026_3072920_x0064_y0050.copc.laz
Success (0, 29): /local_ssd/output/las_4376026_3073920_x0064_y0050.copc.laz
Success (0, 27): /local_ssd/output/las_4376026_3071920_x0064_y0050.copc.laz
Success (0, 0): /local_ssd/output/las_4376026_3044920_x0064_y0050.copc.laz
Success (0, 3): /local_ssd/output/las_4376026_3047920_x0064_y0050.copc.laz
Success (0, 2): /local_ssd/output/las_4376026_3046920_x0064_y0050.copc.laz
Success (0, 18): /local_ssd/output/las_4376026_3062920_x0064_y0050.copc.laz
Success (0, 17): /local_ssd/output/las_4376026_3061920_x0064_y0050.copc.laz
Success (0, 1): /local_ssd/output/las_4376026_3045920_x0064_y0050.copc.laz
Success (0, 26): /local_ssd/output/las_4376026_3070920_x0064_y0050.copc.laz
Success (0, 13): /local_ssd/output/las_4376026_3057920_x0064_y0050.copc.laz
Success (0, 12): /local_ssd/output/las_4376026_3056920_x0064_y0050.copc.laz
Success (0, 14): /local_ssd/output/las_4376026_3058920_x0064_y0050.copc.laz
Success (0, 15): /local_ssd/output/las_4376026_3059920_x0064_y0050.copc.laz
Success (0, 25): /local_ssd/output/las_4376026_3069920_x0064_y0050.copc.laz
Success (0, 11): /local_ssd/output/las_4376026_3055920_x0064_y0050.copc.laz
Success (0, 16): /local_ssd/output/las_4376026_3060920_x0064_y0050.copc.laz
Success (0, 22): /local_ssd/output/las_4376026_3066920_x0064_y0050.copc.laz
Success (0, 23): /local_ssd/output/las_4376026_3067920_x0064_y0050.copc.laz
Success (0, 4): /local_ssd/output/las_4376026_3048920_x0064_y0050.copc.laz
Success (0, 19): /local_ssd/output/las_4376026_3063920_x0064_y0050.copc.laz
Success (0, 5): /local_ssd/output/las_4376026_3049920_x0064_y0050.copc.laz
Success (0, 24): /local_ssd/output/las_4376026_3068920_x0064_y0050.copc.laz
Success (0, 8): /local_ssd/output/las_4376026_3052920_x0064_y0050.copc.laz
Success (0, 7): /local_ssd/output/las_4376026_3051920_x0064_y0050.copc.laz
Success (0, 21): /local_ssd/output/las_4376026_3065920_x0064_y0050.copc.laz
Success (0, 20): /local_ssd/output/las_4376026_3064920_x0064_y0050.copc.laz
Success (1, 0): /local_ssd/output/las_4377026_3044920_x0064_y0050.copc.laz
Success (0, 6): /local_ssd/output/las_4376026_3050920_x0064_y0050.copc.laz
Success (0, 10): /local_ssd/output/las_4376026_3054920_x0064_y0050.copc.laz
Success (0, 9): /local_ssd/output/las_4376026_3053920_x0064_y0050.copc.laz
Success (1, 1): /local_ssd/output/las_4377026_3045920_x0064_y0050.copc.laz
Success (1, 2): /local_ssd/output/las_4377026_3046920_x0064_y0050.copc.laz
Success (1, 4): /local_ssd/output/las_4377026_3048920_x0064_y0050.copc.laz
Success (1, 3): /local_ssd/output/las_4377026_3047920_x0064_y0050.copc.laz
Success (1, 11): /local_ssd/output/las_4377026_3055920_x0064_y0050.copc.laz
Success (1, 26): /local_ssd/output/las_4377026_3070920_x0064_y0050.copc.laz
Success (1, 27): /local_ssd/output/las_4377026_3071920_x0064_y0050.copc.laz
Success (1, 28): /local_ssd/output/las_4377026_3072920_x0064_y0050.copc.laz
Success (1, 14): /local_ssd/output/las_4377026_3058920_x0064_y0050.copc.laz
Success (1, 5): /local_ssd/output/las_4377026_3049920_x0064_y0050.copc.laz
Success (1, 29): /local_ssd/output/las_4377026_3073920_x0064_y0050.copc.laz
Success (1, 13): /local_ssd/output/las_4377026_3057920_x0064_y0050.copc.laz
Success (1, 15): /local_ssd/output/las_4377026_3059920_x0064_y0050.copc.laz
Success (1, 12): /local_ssd/output/las_4377026_3056920_x0064_y0050.copc.laz
Success (1, 8): /local_ssd/output/las_4377026_3052920_x0064_y0050.copc.laz
Success (1, 17): /local_ssd/output/las_4377026_3061920_x0064_y0050.copc.laz
Success (1, 18): /local_ssd/output/las_4377026_3062920_x0064_y0050.copc.laz
Success (1, 16): /local_ssd/output/las_4377026_3060920_x0064_y0050.copc.laz
Success (1, 21): /local_ssd/output/las_4377026_3065920_x0064_y0050.copc.laz
Success (1, 23): /local_ssd/output/las_4377026_3067920_x0064_y0050.copc.laz
Success (1, 22): /local_ssd/output/las_4377026_3066920_x0064_y0050.copc.laz
Success (1, 19): /local_ssd/output/las_4377026_3063920_x0064_y0050.copc.laz
Success (1, 10): /local_ssd/output/las_4377026_3054920_x0064_y0050.copc.laz
Success (1, 9): /local_ssd/output/las_4377026_3053920_x0064_y0050.copc.laz
Success (1, 25): /local_ssd/output/las_4377026_3069920_x0064_y0050.copc.laz
Success (1, 6): /local_ssd/output/las_4377026_3050920_x0064_y0050.copc.laz
Success (1, 7): /local_ssd/output/las_4377026_3051920_x0064_y0050.copc.laz
Success (1, 24): /local_ssd/output/las_4377026_3068920_x0064_y0050.copc.laz
Success (1, 20): /local_ssd/output/las_4377026_3064920_x0064_y0050.copc.laz
Processing successful. Syncing outputs to /user/pbasnet/u18501/th_data/Thuringia_processed_tiles/copc_tiles_X0064_Y0050...
Done at 2026-03-25 17:29:57
[cleanup] Removing /local/jobs/u18501_13125116/task_0
============ Job Information ===================================================
Submitted: 2026-03-25T16:48:44
Started: 2026-03-25T16:48:46
Ended: 2026-03-25T17:29:58
Elapsed: 42 min, Limit: 119 min, Difference: 77 min
CPUs: 192, Nodes: 1
Estimated Consumption: 50.40 core-hours
================================================================================
