================================================================================
JobID = 13104517
User = u18501, Account = nhr_ni_starter_24350
Partition = medium96s, Nodelist = c0117
================================================================================
Extracting required input files (tiles 840-899) for cube X0064_Y0050...
Copying 60 files to local SSD...
======================================================
Job Array ID : 14
Cube ID      : X0064_Y0050
Tile range   : 840 – 899
Input files  : 60
Workers      : 30
Node         : c0117
Temp dir     : /local/jobs/u18501_13104517/task_14
Start time   : 2026-03-24 16:18:01
======================================================
/opt/conda/envs/pdalenv/lib/python3.12/site-packages/osgeo/ogr.py:615: FutureWarning: Neither ogr.UseExceptions() nor ogr.DontUseExceptions() has been explicitly called. In GDAL 4.0, exceptions will be enabled by default.
  warnings.warn(
Projecting FORCE cube X0064_Y0050 geometry from EPSG:25832 to EPSG:3035...
FORCE cube X0064_Y0050 bounds (Aligned to EPSG:3035): (4376026.363042001, 3044919.6079649986, 4406026.363042001, 3074919.607965001)
Node processing 60 subtiles with 30 workers.
Success (28, 26): /local_ssd/output/las_4404026_3070920_x0064_y0050.copc.laz
Success (28, 1): /local_ssd/output/las_4404026_3045920_x0064_y0050.copc.laz
Success (28, 28): /local_ssd/output/las_4404026_3072920_x0064_y0050.copc.laz
Success (28, 25): /local_ssd/output/las_4404026_3069920_x0064_y0050.copc.laz
Success (28, 2): /local_ssd/output/las_4404026_3046920_x0064_y0050.copc.laz
Success (28, 27): /local_ssd/output/las_4404026_3071920_x0064_y0050.copc.laz
Success (28, 5): /local_ssd/output/las_4404026_3049920_x0064_y0050.copc.laz
Success (28, 8): /local_ssd/output/las_4404026_3052920_x0064_y0050.copc.laz
Success (28, 22): /local_ssd/output/las_4404026_3066920_x0064_y0050.copc.laz
Success (28, 19): /local_ssd/output/las_4404026_3063920_x0064_y0050.copc.laz
Success (28, 0): /local_ssd/output/las_4404026_3044920_x0064_y0050.copc.laz
Success (28, 17): /local_ssd/output/las_4404026_3061920_x0064_y0050.copc.laz
Success (28, 9): /local_ssd/output/las_4404026_3053920_x0064_y0050.copc.laz
Success (28, 6): /local_ssd/output/las_4404026_3050920_x0064_y0050.copc.laz
Success (28, 4): /local_ssd/output/las_4404026_3048920_x0064_y0050.copc.laz
Success (28, 24): /local_ssd/output/las_4404026_3068920_x0064_y0050.copc.laz
Success (28, 16): /local_ssd/output/las_4404026_3060920_x0064_y0050.copc.laz
Success (28, 18): /local_ssd/output/las_4404026_3062920_x0064_y0050.copc.laz
Success (28, 11): /local_ssd/output/las_4404026_3055920_x0064_y0050.copc.laz
Success (28, 23): /local_ssd/output/las_4404026_3067920_x0064_y0050.copc.laz
Success (28, 10): /local_ssd/output/las_4404026_3054920_x0064_y0050.copc.laz
Success (28, 20): /local_ssd/output/las_4404026_3064920_x0064_y0050.copc.laz
Success (28, 7): /local_ssd/output/las_4404026_3051920_x0064_y0050.copc.laz
Success (28, 13): /local_ssd/output/las_4404026_3057920_x0064_y0050.copc.laz
Success (28, 21): /local_ssd/output/las_4404026_3065920_x0064_y0050.copc.laz
Success (28, 29): /local_ssd/output/las_4404026_3073920_x0064_y0050.copc.laz
Success (28, 12): /local_ssd/output/las_4404026_3056920_x0064_y0050.copc.laz
Success (28, 14): /local_ssd/output/las_4404026_3058920_x0064_y0050.copc.laz
Success (28, 3): /local_ssd/output/las_4404026_3047920_x0064_y0050.copc.laz
Success (28, 15): /local_ssd/output/las_4404026_3059920_x0064_y0050.copc.laz
Success (29, 2): /local_ssd/output/las_4405026_3046920_x0064_y0050.copc.laz
Success (29, 0): /local_ssd/output/las_4405026_3044920_x0064_y0050.copc.laz
Success (29, 1): /local_ssd/output/las_4405026_3045920_x0064_y0050.copc.laz
Success (29, 5): /local_ssd/output/las_4405026_3049920_x0064_y0050.copc.laz
Success (29, 4): /local_ssd/output/las_4405026_3048920_x0064_y0050.copc.laz
Success (29, 25): /local_ssd/output/las_4405026_3069920_x0064_y0050.copc.laz
Success (29, 18): /local_ssd/output/las_4405026_3062920_x0064_y0050.copc.laz
Success (29, 8): /local_ssd/output/las_4405026_3052920_x0064_y0050.copc.laz
Success (29, 6): /local_ssd/output/las_4405026_3050920_x0064_y0050.copc.laz
Success (29, 9): /local_ssd/output/las_4405026_3053920_x0064_y0050.copc.laz
Success (29, 19): /local_ssd/output/las_4405026_3063920_x0064_y0050.copc.laz
Success (29, 7): /local_ssd/output/las_4405026_3051920_x0064_y0050.copc.laz
Success (29, 26): /local_ssd/output/las_4405026_3070920_x0064_y0050.copc.laz
Success (29, 10): /local_ssd/output/las_4405026_3054920_x0064_y0050.copc.laz
Success (29, 28): /local_ssd/output/las_4405026_3072920_x0064_y0050.copc.laz
Success (29, 20): /local_ssd/output/las_4405026_3064920_x0064_y0050.copc.laz
Success (29, 23): /local_ssd/output/las_4405026_3067920_x0064_y0050.copc.laz
Success (29, 17): /local_ssd/output/las_4405026_3061920_x0064_y0050.copc.laz
Success (29, 27): /local_ssd/output/las_4405026_3071920_x0064_y0050.copc.laz
Success (29, 3): /local_ssd/output/las_4405026_3047920_x0064_y0050.copc.laz
Success (29, 24): /local_ssd/output/las_4405026_3068920_x0064_y0050.copc.laz
Success (29, 22): /local_ssd/output/las_4405026_3066920_x0064_y0050.copc.laz
Success (29, 12): /local_ssd/output/las_4405026_3056920_x0064_y0050.copc.laz
Success (29, 11): /local_ssd/output/las_4405026_3055920_x0064_y0050.copc.laz
Success (29, 21): /local_ssd/output/las_4405026_3065920_x0064_y0050.copc.laz
Success (29, 15): /local_ssd/output/las_4405026_3059920_x0064_y0050.copc.laz
Success (29, 14): /local_ssd/output/las_4405026_3058920_x0064_y0050.copc.laz
Success (29, 16): /local_ssd/output/las_4405026_3060920_x0064_y0050.copc.laz
Success (29, 29): /local_ssd/output/las_4405026_3073920_x0064_y0050.copc.laz
Success (29, 13): /local_ssd/output/las_4405026_3057920_x0064_y0050.copc.laz
Processing successful. Syncing outputs to /user/pbasnet/u18501/th_data/Thuringia_processed_tiles/copc_tiles_X0064_Y0050...
Done at 2026-03-24 16:49:18
[cleanup] Removing /local/jobs/u18501_13104517/task_14
============ Job Information ===================================================
Submitted: 2026-03-24T16:16:28
Started: 2026-03-24T16:16:31
Ended: 2026-03-24T16:49:20
Elapsed: 33 min, Limit: 119 min, Difference: 86 min
CPUs: 192, Nodes: 1
Estimated Consumption: 39.60 core-hours
================================================================================
