================================================================================
JobID = 13104527
User = u18501, Account = nhr_ni_starter_24350
Partition = medium96s, Nodelist = c0112
================================================================================
Extracting required input files (tiles 540-599) for cube X0064_Y0050...
Copying 60 files to local SSD...
======================================================
Job Array ID : 9
Cube ID      : X0064_Y0050
Tile range   : 540 – 599
Input files  : 60
Workers      : 30
Node         : c0112
Temp dir     : /local/jobs/u18501_13104527/task_9
Start time   : 2026-03-24 16:17:46
======================================================
/opt/conda/envs/pdalenv/lib/python3.12/site-packages/osgeo/ogr.py:615: FutureWarning: Neither ogr.UseExceptions() nor ogr.DontUseExceptions() has been explicitly called. In GDAL 4.0, exceptions will be enabled by default.
  warnings.warn(
Projecting FORCE cube X0064_Y0050 geometry from EPSG:25832 to EPSG:3035...
FORCE cube X0064_Y0050 bounds (Aligned to EPSG:3035): (4376026.363042001, 3044919.6079649986, 4406026.363042001, 3074919.607965001)
Node processing 60 subtiles with 30 workers.
Success (18, 9): /local_ssd/output/las_4394026_3053920_x0064_y0050.copc.laz
Success (18, 27): /local_ssd/output/las_4394026_3071920_x0064_y0050.copc.laz
Success (18, 25): /local_ssd/output/las_4394026_3069920_x0064_y0050.copc.laz
Success (18, 29): /local_ssd/output/las_4394026_3073920_x0064_y0050.copc.laz
Success (18, 26): /local_ssd/output/las_4394026_3070920_x0064_y0050.copc.laz
Success (18, 28): /local_ssd/output/las_4394026_3072920_x0064_y0050.copc.laz
Success (18, 11): /local_ssd/output/las_4394026_3055920_x0064_y0050.copc.laz
Success (18, 10): /local_ssd/output/las_4394026_3054920_x0064_y0050.copc.laz
Success (18, 12): /local_ssd/output/las_4394026_3056920_x0064_y0050.copc.laz
Success (18, 24): /local_ssd/output/las_4394026_3068920_x0064_y0050.copc.laz
Success (18, 8): /local_ssd/output/las_4394026_3052920_x0064_y0050.copc.laz
Success (18, 6): /local_ssd/output/las_4394026_3050920_x0064_y0050.copc.laz
Success (18, 23): /local_ssd/output/las_4394026_3067920_x0064_y0050.copc.laz
Success (18, 1): /local_ssd/output/las_4394026_3045920_x0064_y0050.copc.laz
Success (18, 16): /local_ssd/output/las_4394026_3060920_x0064_y0050.copc.laz
Success (18, 19): /local_ssd/output/las_4394026_3063920_x0064_y0050.copc.laz
Success (18, 7): /local_ssd/output/las_4394026_3051920_x0064_y0050.copc.laz
Success (18, 4): /local_ssd/output/las_4394026_3048920_x0064_y0050.copc.laz
Success (18, 3): /local_ssd/output/las_4394026_3047920_x0064_y0050.copc.laz
Success (18, 5): /local_ssd/output/las_4394026_3049920_x0064_y0050.copc.laz
Success (18, 0): /local_ssd/output/las_4394026_3044920_x0064_y0050.copc.laz
Success (18, 15): /local_ssd/output/las_4394026_3059920_x0064_y0050.copc.laz
Success (18, 17): /local_ssd/output/las_4394026_3061920_x0064_y0050.copc.laz
Success (18, 21): /local_ssd/output/las_4394026_3065920_x0064_y0050.copc.laz
Success (18, 20): /local_ssd/output/las_4394026_3064920_x0064_y0050.copc.laz
Success (18, 13): /local_ssd/output/las_4394026_3057920_x0064_y0050.copc.laz
Success (18, 18): /local_ssd/output/las_4394026_3062920_x0064_y0050.copc.laz
Success (18, 14): /local_ssd/output/las_4394026_3058920_x0064_y0050.copc.laz
Success (18, 22): /local_ssd/output/las_4394026_3066920_x0064_y0050.copc.laz
Success (18, 2): /local_ssd/output/las_4394026_3046920_x0064_y0050.copc.laz
Success (19, 0): /local_ssd/output/las_4395026_3044920_x0064_y0050.copc.laz
Success (19, 6): /local_ssd/output/las_4395026_3050920_x0064_y0050.copc.laz
Success (19, 1): /local_ssd/output/las_4395026_3045920_x0064_y0050.copc.laz
Success (19, 3): /local_ssd/output/las_4395026_3047920_x0064_y0050.copc.laz
Success (19, 12): /local_ssd/output/las_4395026_3056920_x0064_y0050.copc.laz
Success (19, 9): /local_ssd/output/las_4395026_3053920_x0064_y0050.copc.laz
Success (19, 10): /local_ssd/output/las_4395026_3054920_x0064_y0050.copc.laz
Success (19, 8): /local_ssd/output/las_4395026_3052920_x0064_y0050.copc.laz
Success (19, 5): /local_ssd/output/las_4395026_3049920_x0064_y0050.copc.laz
Success (19, 7): /local_ssd/output/las_4395026_3051920_x0064_y0050.copc.laz
Success (19, 4): /local_ssd/output/las_4395026_3048920_x0064_y0050.copc.laz
Success (19, 13): /local_ssd/output/las_4395026_3057920_x0064_y0050.copc.laz
Success (19, 16): /local_ssd/output/las_4395026_3060920_x0064_y0050.copc.laz
Success (19, 17): /local_ssd/output/las_4395026_3061920_x0064_y0050.copc.laz
Success (19, 11): /local_ssd/output/las_4395026_3055920_x0064_y0050.copc.laz
Success (19, 26): /local_ssd/output/las_4395026_3070920_x0064_y0050.copc.laz
Success (19, 27): /local_ssd/output/las_4395026_3071920_x0064_y0050.copc.laz
Success (19, 2): /local_ssd/output/las_4395026_3046920_x0064_y0050.copc.laz
Success (19, 15): /local_ssd/output/las_4395026_3059920_x0064_y0050.copc.laz
Success (19, 25): /local_ssd/output/las_4395026_3069920_x0064_y0050.copc.laz
Success (19, 23): /local_ssd/output/las_4395026_3067920_x0064_y0050.copc.laz
Success (19, 29): /local_ssd/output/las_4395026_3073920_x0064_y0050.copc.laz
Success (19, 18): /local_ssd/output/las_4395026_3062920_x0064_y0050.copc.laz
Success (19, 19): /local_ssd/output/las_4395026_3063920_x0064_y0050.copc.laz
Success (19, 24): /local_ssd/output/las_4395026_3068920_x0064_y0050.copc.laz
Success (19, 28): /local_ssd/output/las_4395026_3072920_x0064_y0050.copc.laz
Success (19, 20): /local_ssd/output/las_4395026_3064920_x0064_y0050.copc.laz
Success (19, 14): /local_ssd/output/las_4395026_3058920_x0064_y0050.copc.laz
Success (19, 21): /local_ssd/output/las_4395026_3065920_x0064_y0050.copc.laz
Success (19, 22): /local_ssd/output/las_4395026_3066920_x0064_y0050.copc.laz
Processing successful. Syncing outputs to /user/pbasnet/u18501/th_data/Thuringia_processed_tiles/copc_tiles_X0064_Y0050...
Done at 2026-03-24 16:46:22
[cleanup] Removing /local/jobs/u18501_13104527/task_9
============ Job Information ===================================================
Submitted: 2026-03-24T16:16:28
Started: 2026-03-24T16:16:31
Ended: 2026-03-24T16:46:24
Elapsed: 30 min, Limit: 119 min, Difference: 89 min
CPUs: 192, Nodes: 1
Estimated Consumption: 36.00 core-hours
================================================================================
