================================================================================
JobID = 13306519
User = u18501, Account = nhr_ni_starter_24350
Partition = medium96s, Nodelist = c0028
================================================================================
class       : SpatRaster 
size        : 3000, 2975, 3  (nrow, ncol, nlyr)
resolution  : 10, 10  (x, y)
extent      : 4316274, 4346024, 3104920, 3134920  (xmin, xmax, ymin, ymax)
coord. ref. : ETRS89-extended / LAEA Europe (EPSG:3035) 
source      : metrics_x0062_y0048.vrt 
names       : topheight, canopycover,       vci 
min values  :        ? ,          ? , 0.0000000 
max values  :        ? ,          ? , 0.9206775 
============ Job Information ===================================================
Submitted: 2026-04-07T14:47:37
Started: 2026-04-07T14:48:02
Ended: 2026-04-07T14:48:48
Elapsed: 1 min, Limit: 59 min, Difference: 58 min
CPUs: 192, Nodes: 1
Estimated Consumption: 1.20 core-hours
================================================================================
