================================================================================
JobID = 13089007
User = u18501, Account = nhr_ni_starter_24350
Partition = medium96s, Nodelist = c0102
================================================================================
class       : SpatRaster 
size        : 3000, 3000, 3  (nrow, ncol, nlyr)
resolution  : 10, 10  (x, y)
extent      : 4346026, 4376026, 3044920, 3074920  (xmin, xmax, ymin, ymax)
coord. ref. : ETRS89-extended / LAEA Europe (EPSG:3035) 
source      : metrics_x0063_y0050.vrt 
names       : topheight, canopycover, vci 
============ Job Information ===================================================
Submitted: 2026-03-23T13:14:12
Started: 2026-03-23T13:14:18
Ended: 2026-03-23T13:16:11
Elapsed: 2 min, Limit: 119 min, Difference: 117 min
CPUs: 192, Nodes: 1
Estimated Consumption: 2.40 core-hours
================================================================================
