================================================================================
JobID = 13088996
User = u18501, Account = nhr_ni_starter_24350
Partition = medium96s, Nodelist = c0163
================================================================================
class       : SpatRaster 
size        : 601, 70, 3  (nrow, ncol, nlyr)
resolution  : 10, 10  (x, y)
extent      : 4315329, 4316029, 3135530, 3141540  (xmin, xmax, ymin, ymax)
coord. ref. : ETRS89-extended / LAEA Europe (EPSG:3035) 
source      : metrics_x0061_y0047.vrt 
names       : topheight, canopycover,       vci 
min values  :   0.00000,           0, 0.0000000 
max values  :  40.38117,         100, 0.8602777 
============ Job Information ===================================================
Submitted: 2026-03-23T13:14:12
Started: 2026-03-23T13:14:18
Ended: 2026-03-23T13:14:40
Elapsed: 1 min, Limit: 119 min, Difference: 118 min
CPUs: 192, Nodes: 1
Estimated Consumption: 1.20 core-hours
================================================================================
