================================================================================
JobID = 13089008
User = u18501, Account = nhr_ni_starter_24350
Partition = medium96s, Nodelist = c0103
================================================================================
class       : SpatRaster 
size        : 3000, 3000, 3  (nrow, ncol, nlyr)
resolution  : 10, 10  (x, y)
extent      : 4346026, 4376026, 3014920, 3044920  (xmin, xmax, ymin, ymax)
coord. ref. : ETRS89-extended / LAEA Europe (EPSG:3035) 
source      : metrics_x0063_y0051.vrt 
names       : topheight, canopycover,      vci 
min values  :        ? ,           0, 0.000000 
max values  :        ? ,         100, 0.920085 
============ Job Information ===================================================
Submitted: 2026-03-23T13:14:12
Started: 2026-03-23T13:14:18
Ended: 2026-03-23T13:15:02
Elapsed: 1 min, Limit: 119 min, Difference: 118 min
CPUs: 192, Nodes: 1
Estimated Consumption: 1.20 core-hours
================================================================================
