================================================================================
JobID = 13089003
User = u18501, Account = nhr_ni_starter_24350
Partition = medium96s, Nodelist = c0098
================================================================================
class       : SpatRaster 
size        : 687, 3000, 3  (nrow, ncol, nlyr)
resolution  : 10, 10  (x, y)
extent      : 4346026, 4376026, 3164920, 3171790  (xmin, xmax, ymin, ymax)
coord. ref. : ETRS89-extended / LAEA Europe (EPSG:3035) 
source      : metrics_x0063_y0046.vrt 
names       : topheight, canopycover,       vci 
min values  :   0.00000,           0, 0.0000000 
max values  :  47.91383,         100, 0.8801464 
============ Job Information ===================================================
Submitted: 2026-03-23T13:14:12
Started: 2026-03-23T13:14:18
Ended: 2026-03-23T13:14:46
Elapsed: 1 min, Limit: 119 min, Difference: 118 min
CPUs: 192, Nodes: 1
Estimated Consumption: 1.20 core-hours
================================================================================
